[      3s] mlp-s42/DoS/p75/s42/hybrid/joint: valid ASR 0.0000 raw 0.0000 evals 236.9 t 2.6s mismatch 0
[      5s] mlp-s42/DoS/p75/s2024/hybrid/joint: valid ASR 0.0000 raw 0.0000 evals 236.9 t 2.4s mismatch 0
[      8s] mlp-s42/DoS/p75/s2026/hybrid/joint: valid ASR 0.0000 raw 0.0000 evals 236.9 t 2.6s mismatch 0
[     10s] mlp-s42/DDoS/p75/s42/hybrid/joint: valid ASR 0.0050 raw 0.0050 evals 242.0 t 2.6s mismatch 0
[     13s] mlp-s42/DDoS/p75/s2024/hybrid/joint: valid ASR 0.0050 raw 0.0050 evals 242.0 t 2.7s mismatch 0
[     16s] mlp-s42/DDoS/p75/s2026/hybrid/joint: valid ASR 0.0050 raw 0.0050 evals 242.0 t 2.8s mismatch 0
[     18s] mlp-s42/Recon/p75/s42/hybrid/joint: valid ASR 0.0262 raw 0.0262 evals 29.3 t 2.4s mismatch 0
[     21s] mlp-s42/Recon/p75/s2024/hybrid/joint: valid ASR 0.0262 raw 0.0262 evals 29.3 t 2.4s mismatch 0
[     23s] mlp-s42/Recon/p75/s2026/hybrid/joint: valid ASR 0.0262 raw 0.0262 evals 29.3 t 2.5s mismatch 0
[     26s] mlp-s42/BruteForce/p75/s42/hybrid/joint: valid ASR 0.0000 raw 0.0000 evals 255.0 t 2.6s mismatch 0
[     29s] mlp-s42/BruteForce/p75/s2024/hybrid/joint: valid ASR 0.0000 raw 0.0000 evals 255.0 t 2.6s mismatch 0
[     31s] mlp-s42/BruteForce/p75/s2026/hybrid/joint: valid ASR 0.0000 raw 0.0000 evals 255.0 t 2.5s mismatch 0
C:\Users\user6\.local\share\mamba\envs\thesis\Lib\site-packages\torch\autograd\graph.py:825: UserWarning: adaptive_max_pool2d_backward_cuda does not have a deterministic implementation, but you set 'torch.use_deterministic_algorithms(True, warn_only=True)'. You can file an issue at https://github.com/pytorch/pytorch/issues to help us prioritize adding deterministic support for this operation. (Triggered internally at C:\actions-runner\_work\pytorch\pytorch\builder\windows\pytorch\aten\src\ATen\Context.cpp:95.)
  return Variable._execution_engine.run_backward(  # Calls into the C++ engine to run the backward pass
[     34s] cnn-s42/DoS/p75/s42/hybrid/joint: valid ASR 0.0000 raw 0.0000 evals 236.6 t 2.7s mismatch 0
[     37s] cnn-s42/DoS/p75/s2024/hybrid/joint: valid ASR 0.0000 raw 0.0000 evals 236.6 t 2.6s mismatch 0
[     39s] cnn-s42/DoS/p75/s2026/hybrid/joint: valid ASR 0.0000 raw 0.0000 evals 236.6 t 2.5s mismatch 0
[     42s] cnn-s42/DDoS/p75/s42/hybrid/joint: valid ASR 0.0000 raw 0.0000 evals 242.0 t 2.6s mismatch 0
[     44s] cnn-s42/DDoS/p75/s2024/hybrid/joint: valid ASR 0.0000 raw 0.0000 evals 242.0 t 2.6s mismatch 0
[     47s] cnn-s42/DDoS/p75/s2026/hybrid/joint: valid ASR 0.0000 raw 0.0000 evals 242.0 t 2.7s mismatch 0
[     49s] cnn-s42/Recon/p75/s42/hybrid/joint: valid ASR 0.0000 raw 0.0000 evals 29.3 t 2.4s mismatch 0
[     52s] cnn-s42/Recon/p75/s2024/hybrid/joint: valid ASR 0.0000 raw 0.0000 evals 29.3 t 2.3s mismatch 0
[     54s] cnn-s42/Recon/p75/s2026/hybrid/joint: valid ASR 0.0000 raw 0.0000 evals 29.3 t 2.3s mismatch 0
[     57s] cnn-s42/BruteForce/p75/s42/hybrid/joint: valid ASR 0.0000 raw 0.0000 evals 255.0 t 2.6s mismatch 0
[     59s] cnn-s42/BruteForce/p75/s2024/hybrid/joint: valid ASR 0.0000 raw 0.0000 evals 255.0 t 2.4s mismatch 0
[     62s] cnn-s42/BruteForce/p75/s2026/hybrid/joint: valid ASR 0.0000 raw 0.0000 evals 255.0 t 2.5s mismatch 0
C:\Users\user6\.local\share\mamba\envs\thesis\Lib\site-packages\torch\autograd\graph.py:825: UserWarning: Memory Efficient attention defaults to a non-deterministic algorithm. To explicitly enable determinism call torch.use_deterministic_algorithms(True, warn_only=False). (Triggered internally at C:\actions-runner\_work\pytorch\pytorch\builder\windows\pytorch\aten\src\ATen\native\transformers\cuda\attention_backward.cu:657.)
  return Variable._execution_engine.run_backward(  # Calls into the C++ engine to run the backward pass
[     75s] ft_transformer-s42/DoS/p75/s42/hybrid/joint: valid ASR 0.0000 raw 0.0000 evals 236.9 t 12.9s mismatch 0
[     87s] ft_transformer-s42/DoS/p75/s2024/hybrid/joint: valid ASR 0.0000 raw 0.0000 evals 236.9 t 12.7s mismatch 0
[    100s] ft_transformer-s42/DoS/p75/s2026/hybrid/joint: valid ASR 0.0000 raw 0.0000 evals 236.9 t 12.7s mismatch 0
[    113s] ft_transformer-s42/DDoS/p75/s42/hybrid/joint: valid ASR 0.0000 raw 0.0000 evals 242.0 t 12.9s mismatch 0
[    126s] ft_transformer-s42/DDoS/p75/s2024/hybrid/joint: valid ASR 0.0000 raw 0.0000 evals 242.0 t 12.9s mismatch 0
[    139s] ft_transformer-s42/DDoS/p75/s2026/hybrid/joint: valid ASR 0.0000 raw 0.0000 evals 242.0 t 13.0s mismatch 0
[    142s] ft_transformer-s42/Recon/p75/s42/hybrid/joint: valid ASR 0.0000 raw 0.0000 evals 29.3 t 3.3s mismatch 0
[    146s] ft_transformer-s42/Recon/p75/s2024/hybrid/joint: valid ASR 0.0000 raw 0.0000 evals 29.3 t 3.4s mismatch 0
[    149s] ft_transformer-s42/Recon/p75/s2026/hybrid/joint: valid ASR 0.0000 raw 0.0000 evals 29.3 t 2.9s mismatch 0
[    163s] ft_transformer-s42/BruteForce/p75/s42/hybrid/joint: valid ASR 0.0000 raw 0.0000 evals 255.0 t 13.8s mismatch 0
[    177s] ft_transformer-s42/BruteForce/p75/s2024/hybrid/joint: valid ASR 0.0000 raw 0.0000 evals 255.0 t 13.7s mismatch 0
[    190s] ft_transformer-s42/BruteForce/p75/s2026/hybrid/joint: valid ASR 0.0000 raw 0.0000 evals 255.0 t 13.5s mismatch 0
[done] 36 cells in 190s -> FINAL_OUTPUTS\runs\cicids2018_distrinet\primattack_hybrid_objective_targeted
