
# 2026-09-26 18:55:43 C:\Users\user6\.local\share\mamba\envs\thesis\python.exe scripts/run_primattack_optimizer_ablation.py --dataset cicids2018 --device cuda --selection-from E:\Shameem\thesis\FINAL_OUTPUTS\runs\cicids2018_distrinet\baselines_untargeted\selection.json --split test --seeds 42,2024,2026 --objective targeted --victims mlp-s42,cnn-s42,ft_transformer-s42 --classes DoS,DDoS,Recon,BruteForce --budgets intermediate,unbounded --methods pgd,hybrid --modes joint --eval-budget 256 --hybrid-steps 40 --hybrid-lr 0.1 --pgd-restarts 3 --pgd-step 0.05 --pgd-momentum 0.75 --cw-stages 3 --cw-lr 0.5 --cw-c 1.0 --cw-kappa 0.0 --output-dir E:\Shameem\thesis\FINAL_OUTPUTS\runs\cicids2018_distrinet\primattack_targeted_budgets --resume
[      3s] mlp-s42/DoS/p50/s42/pgd/joint: valid ASR 0.0000 raw 0.0000 evals 235.0 t 3.1s mismatch 0
[      6s] mlp-s42/DoS/p50/s42/hybrid/joint: valid ASR 0.0000 raw 0.0000 evals 236.9 t 2.8s mismatch 0
[      9s] mlp-s42/DoS/p50/s2024/pgd/joint: valid ASR 0.0000 raw 0.0000 evals 235.0 t 2.8s mismatch 0
[     12s] mlp-s42/DoS/p50/s2024/hybrid/joint: valid ASR 0.0000 raw 0.0000 evals 236.9 t 3.2s mismatch 0
[     15s] mlp-s42/DoS/p50/s2026/pgd/joint: valid ASR 0.0000 raw 0.0000 evals 235.0 t 3.0s mismatch 0
[     18s] mlp-s42/DoS/p50/s2026/hybrid/joint: valid ASR 0.0000 raw 0.0000 evals 236.9 t 3.2s mismatch 0
[     21s] mlp-s42/DoS/unb/s42/pgd/joint: valid ASR 0.0000 raw 0.0000 evals 235.0 t 2.9s mismatch 0
[     24s] mlp-s42/DoS/unb/s42/hybrid/joint: valid ASR 0.0000 raw 0.0000 evals 236.9 t 2.8s mismatch 0
[     27s] mlp-s42/DoS/unb/s2024/pgd/joint: valid ASR 0.0000 raw 0.0000 evals 235.0 t 2.7s mismatch 0
[     30s] mlp-s42/DoS/unb/s2024/hybrid/joint: valid ASR 0.0000 raw 0.0000 evals 236.9 t 2.8s mismatch 0
[     33s] mlp-s42/DoS/unb/s2026/pgd/joint: valid ASR 0.0000 raw 0.0000 evals 235.0 t 2.8s mismatch 0
[     35s] mlp-s42/DoS/unb/s2026/hybrid/joint: valid ASR 0.0000 raw 0.0000 evals 236.9 t 2.8s mismatch 0
[     38s] mlp-s42/DDoS/p50/s42/pgd/joint: valid ASR 0.0013 raw 0.0013 evals 240.1 t 2.7s mismatch 0
[     41s] mlp-s42/DDoS/p50/s42/hybrid/joint: valid ASR 0.0013 raw 0.0013 evals 242.0 t 2.8s mismatch 0
[     44s] mlp-s42/DDoS/p50/s2024/pgd/joint: valid ASR 0.0013 raw 0.0013 evals 240.1 t 2.8s mismatch 0
[     47s] mlp-s42/DDoS/p50/s2024/hybrid/joint: valid ASR 0.0013 raw 0.0013 evals 242.0 t 2.8s mismatch 0
[     49s] mlp-s42/DDoS/p50/s2026/pgd/joint: valid ASR 0.0013 raw 0.0013 evals 240.1 t 2.7s mismatch 0
[     52s] mlp-s42/DDoS/p50/s2026/hybrid/joint: valid ASR 0.0013 raw 0.0013 evals 242.0 t 2.8s mismatch 0
[     55s] mlp-s42/DDoS/unb/s42/pgd/joint: valid ASR 0.0200 raw 0.0200 evals 240.1 t 2.9s mismatch 0
[     58s] mlp-s42/DDoS/unb/s42/hybrid/joint: valid ASR 0.0213 raw 0.0213 evals 242.0 t 2.9s mismatch 0
[     61s] mlp-s42/DDoS/unb/s2024/pgd/joint: valid ASR 0.0200 raw 0.0200 evals 240.1 t 2.8s mismatch 0
[     64s] mlp-s42/DDoS/unb/s2024/hybrid/joint: valid ASR 0.0225 raw 0.0225 evals 242.0 t 2.9s mismatch 0
[     67s] mlp-s42/DDoS/unb/s2026/pgd/joint: valid ASR 0.0213 raw 0.0213 evals 240.1 t 2.9s mismatch 0
[     70s] mlp-s42/DDoS/unb/s2026/hybrid/joint: valid ASR 0.0225 raw 0.0225 evals 242.0 t 2.9s mismatch 0
[     72s] mlp-s42/Recon/p50/s42/pgd/joint: valid ASR 0.0262 raw 0.0262 evals 31.6 t 2.4s mismatch 0
[     75s] mlp-s42/Recon/p50/s42/hybrid/joint: valid ASR 0.0262 raw 0.0262 evals 29.3 t 2.5s mismatch 0
[     77s] mlp-s42/Recon/p50/s2024/pgd/joint: valid ASR 0.0262 raw 0.0262 evals 31.6 t 2.5s mismatch 0
[     80s] mlp-s42/Recon/p50/s2024/hybrid/joint: valid ASR 0.0262 raw 0.0262 evals 29.3 t 2.5s mismatch 0
[     82s] mlp-s42/Recon/p50/s2026/pgd/joint: valid ASR 0.0262 raw 0.0262 evals 31.6 t 2.5s mismatch 0
[     85s] mlp-s42/Recon/p50/s2026/hybrid/joint: valid ASR 0.0262 raw 0.0262 evals 29.3 t 2.3s mismatch 0
[     87s] mlp-s42/Recon/unb/s42/pgd/joint: valid ASR 0.0638 raw 0.0638 evals 31.6 t 2.2s mismatch 0
[     89s] mlp-s42/Recon/unb/s42/hybrid/joint: valid ASR 0.0638 raw 0.0638 evals 29.3 t 2.3s mismatch 0
[     91s] mlp-s42/Recon/unb/s2024/pgd/joint: valid ASR 0.0638 raw 0.0638 evals 31.6 t 2.2s mismatch 0
[     94s] mlp-s42/Recon/unb/s2024/hybrid/joint: valid ASR 0.0638 raw 0.0638 evals 29.3 t 2.5s mismatch 0
[     97s] mlp-s42/Recon/unb/s2026/pgd/joint: valid ASR 0.0638 raw 0.0638 evals 31.6 t 2.5s mismatch 0
[     99s] mlp-s42/Recon/unb/s2026/hybrid/joint: valid ASR 0.0638 raw 0.0638 evals 29.3 t 2.5s mismatch 0
[    102s] mlp-s42/BruteForce/p50/s42/pgd/joint: valid ASR 0.0000 raw 0.0000 evals 253.0 t 2.8s mismatch 0
[    105s] mlp-s42/BruteForce/p50/s42/hybrid/joint: valid ASR 0.0000 raw 0.0000 evals 255.0 t 2.7s mismatch 0
[    107s] mlp-s42/BruteForce/p50/s2024/pgd/joint: valid ASR 0.0000 raw 0.0000 evals 253.0 t 2.6s mismatch 0
[    110s] mlp-s42/BruteForce/p50/s2024/hybrid/joint: valid ASR 0.0000 raw 0.0000 evals 255.0 t 2.7s mismatch 0
[    113s] mlp-s42/BruteForce/p50/s2026/pgd/joint: valid ASR 0.0000 raw 0.0000 evals 253.0 t 2.5s mismatch 0
[    115s] mlp-s42/BruteForce/p50/s2026/hybrid/joint: valid ASR 0.0000 raw 0.0000 evals 255.0 t 2.5s mismatch 0
[    118s] mlp-s42/BruteForce/unb/s42/pgd/joint: valid ASR 0.9062 raw 0.9062 evals 253.0 t 2.9s mismatch 0
[    121s] mlp-s42/BruteForce/unb/s42/hybrid/joint: valid ASR 0.9062 raw 0.9062 evals 255.0 t 2.8s mismatch 0
[    124s] mlp-s42/BruteForce/unb/s2024/pgd/joint: valid ASR 0.9062 raw 0.9062 evals 253.0 t 2.7s mismatch 0
[    126s] mlp-s42/BruteForce/unb/s2024/hybrid/joint: valid ASR 0.9062 raw 0.9062 evals 255.0 t 2.7s mismatch 0
[    129s] mlp-s42/BruteForce/unb/s2026/pgd/joint: valid ASR 0.9062 raw 0.9062 evals 253.0 t 2.6s mismatch 0
[    132s] mlp-s42/BruteForce/unb/s2026/hybrid/joint: valid ASR 0.9062 raw 0.9062 evals 255.0 t 2.7s mismatch 0
C:\Users\user6\.local\share\mamba\envs\thesis\Lib\site-packages\torch\autograd\graph.py:825: UserWarning: adaptive_max_pool2d_backward_cuda does not have a deterministic implementation, but you set 'torch.use_deterministic_algorithms(True, warn_only=True)'. You can file an issue at https://github.com/pytorch/pytorch/issues to help us prioritize adding deterministic support for this operation. (Triggered internally at C:\actions-runner\_work\pytorch\pytorch\builder\windows\pytorch\aten\src\ATen\Context.cpp:95.)
  return Variable._execution_engine.run_backward(  # Calls into the C++ engine to run the backward pass
[    134s] cnn-s42/DoS/p50/s42/pgd/joint: valid ASR 0.0000 raw 0.0000 evals 234.7 t 2.6s mismatch 0
[    137s] cnn-s42/DoS/p50/s42/hybrid/joint: valid ASR 0.0000 raw 0.0000 evals 236.6 t 2.3s mismatch 0
[    139s] cnn-s42/DoS/p50/s2024/pgd/joint: valid ASR 0.0000 raw 0.0000 evals 234.7 t 2.2s mismatch 0
[    141s] cnn-s42/DoS/p50/s2024/hybrid/joint: valid ASR 0.0000 raw 0.0000 evals 236.6 t 2.4s mismatch 0
[    144s] cnn-s42/DoS/p50/s2026/pgd/joint: valid ASR 0.0000 raw 0.0000 evals 234.7 t 2.3s mismatch 0
[    146s] cnn-s42/DoS/p50/s2026/hybrid/joint: valid ASR 0.0000 raw 0.0000 evals 236.6 t 2.5s mismatch 0
[    149s] cnn-s42/DoS/unb/s42/pgd/joint: valid ASR 0.0000 raw 0.0000 evals 234.7 t 2.4s mismatch 0
[    151s] cnn-s42/DoS/unb/s42/hybrid/joint: valid ASR 0.0000 raw 0.0000 evals 236.6 t 2.4s mismatch 0
[    153s] cnn-s42/DoS/unb/s2024/pgd/joint: valid ASR 0.0000 raw 0.0000 evals 234.7 t 2.3s mismatch 0
[    156s] cnn-s42/DoS/unb/s2024/hybrid/joint: valid ASR 0.0000 raw 0.0000 evals 236.6 t 2.4s mismatch 0
[    158s] cnn-s42/DoS/unb/s2026/pgd/joint: valid ASR 0.0000 raw 0.0000 evals 234.7 t 2.2s mismatch 0
[    160s] cnn-s42/DoS/unb/s2026/hybrid/joint: valid ASR 0.0000 raw 0.0000 evals 236.6 t 2.3s mismatch 0
[    163s] cnn-s42/DDoS/p50/s42/pgd/joint: valid ASR 0.0000 raw 0.0000 evals 240.1 t 2.3s mismatch 0
[    165s] cnn-s42/DDoS/p50/s42/hybrid/joint: valid ASR 0.0000 raw 0.0000 evals 242.0 t 2.4s mismatch 0
[    167s] cnn-s42/DDoS/p50/s2024/pgd/joint: valid ASR 0.0000 raw 0.0000 evals 240.1 t 2.4s mismatch 0
[    170s] cnn-s42/DDoS/p50/s2024/hybrid/joint: valid ASR 0.0000 raw 0.0000 evals 242.0 t 2.4s mismatch 0
[    172s] cnn-s42/DDoS/p50/s2026/pgd/joint: valid ASR 0.0000 raw 0.0000 evals 240.1 t 2.4s mismatch 0
[    175s] cnn-s42/DDoS/p50/s2026/hybrid/joint: valid ASR 0.0000 raw 0.0000 evals 242.0 t 2.5s mismatch 0
[    177s] cnn-s42/DDoS/unb/s42/pgd/joint: valid ASR 0.0025 raw 0.0025 evals 240.1 t 2.3s mismatch 0
[    180s] cnn-s42/DDoS/unb/s42/hybrid/joint: valid ASR 0.0025 raw 0.0025 evals 242.0 t 2.3s mismatch 0
[    182s] cnn-s42/DDoS/unb/s2024/pgd/joint: valid ASR 0.0025 raw 0.0025 evals 240.1 t 2.2s mismatch 0
[    184s] cnn-s42/DDoS/unb/s2024/hybrid/joint: valid ASR 0.0025 raw 0.0025 evals 242.0 t 2.5s mismatch 0
[    187s] cnn-s42/DDoS/unb/s2026/pgd/joint: valid ASR 0.0025 raw 0.0025 evals 240.1 t 2.3s mismatch 0
[    189s] cnn-s42/DDoS/unb/s2026/hybrid/joint: valid ASR 0.0025 raw 0.0025 evals 242.0 t 2.3s mismatch 0
[    191s] cnn-s42/Recon/p50/s42/pgd/joint: valid ASR 0.0000 raw 0.0000 evals 31.6 t 2.0s mismatch 0
[    193s] cnn-s42/Recon/p50/s42/hybrid/joint: valid ASR 0.0000 raw 0.0000 evals 29.3 t 2.2s mismatch 0
[    195s] cnn-s42/Recon/p50/s2024/pgd/joint: valid ASR 0.0000 raw 0.0000 evals 31.6 t 2.1s mismatch 0
[    198s] cnn-s42/Recon/p50/s2024/hybrid/joint: valid ASR 0.0000 raw 0.0000 evals 29.3 t 2.2s mismatch 0
[    200s] cnn-s42/Recon/p50/s2026/pgd/joint: valid ASR 0.0000 raw 0.0000 evals 31.6 t 2.1s mismatch 0
[    202s] cnn-s42/Recon/p50/s2026/hybrid/joint: valid ASR 0.0000 raw 0.0000 evals 29.3 t 2.2s mismatch 0
[    204s] cnn-s42/Recon/unb/s42/pgd/joint: valid ASR 0.0413 raw 0.0413 evals 31.6 t 2.2s mismatch 0
[    207s] cnn-s42/Recon/unb/s42/hybrid/joint: valid ASR 0.0413 raw 0.0413 evals 29.3 t 2.3s mismatch 0
[    209s] cnn-s42/Recon/unb/s2024/pgd/joint: valid ASR 0.0413 raw 0.0413 evals 31.6 t 2.2s mismatch 0
[    211s] cnn-s42/Recon/unb/s2024/hybrid/joint: valid ASR 0.0413 raw 0.0413 evals 29.3 t 2.3s mismatch 0
[    213s] cnn-s42/Recon/unb/s2026/pgd/joint: valid ASR 0.0413 raw 0.0413 evals 31.6 t 2.2s mismatch 0
[    216s] cnn-s42/Recon/unb/s2026/hybrid/joint: valid ASR 0.0413 raw 0.0413 evals 29.3 t 2.3s mismatch 0
[    218s] cnn-s42/BruteForce/p50/s42/pgd/joint: valid ASR 0.0000 raw 0.0000 evals 253.0 t 2.5s mismatch 0
[    221s] cnn-s42/BruteForce/p50/s42/hybrid/joint: valid ASR 0.0000 raw 0.0000 evals 255.0 t 2.4s mismatch 0
[    223s] cnn-s42/BruteForce/p50/s2024/pgd/joint: valid ASR 0.0000 raw 0.0000 evals 253.0 t 2.2s mismatch 0
[    225s] cnn-s42/BruteForce/p50/s2024/hybrid/joint: valid ASR 0.0000 raw 0.0000 evals 255.0 t 2.3s mismatch 0
[    228s] cnn-s42/BruteForce/p50/s2026/pgd/joint: valid ASR 0.0000 raw 0.0000 evals 253.0 t 2.4s mismatch 0
[    230s] cnn-s42/BruteForce/p50/s2026/hybrid/joint: valid ASR 0.0000 raw 0.0000 evals 255.0 t 2.5s mismatch 0
[    233s] cnn-s42/BruteForce/unb/s42/pgd/joint: valid ASR 1.0000 raw 1.0000 evals 253.0 t 2.4s mismatch 0
[    235s] cnn-s42/BruteForce/unb/s42/hybrid/joint: valid ASR 1.0000 raw 1.0000 evals 255.0 t 2.3s mismatch 0
[    238s] cnn-s42/BruteForce/unb/s2024/pgd/joint: valid ASR 1.0000 raw 1.0000 evals 253.0 t 2.4s mismatch 0
[    240s] cnn-s42/BruteForce/unb/s2024/hybrid/joint: valid ASR 1.0000 raw 1.0000 evals 255.0 t 2.4s mismatch 0
[    242s] cnn-s42/BruteForce/unb/s2026/pgd/joint: valid ASR 1.0000 raw 1.0000 evals 253.0 t 2.4s mismatch 0
[    245s] cnn-s42/BruteForce/unb/s2026/hybrid/joint: valid ASR 1.0000 raw 1.0000 evals 255.0 t 2.5s mismatch 0
C:\Users\user6\.local\share\mamba\envs\thesis\Lib\site-packages\torch\autograd\graph.py:825: UserWarning: Memory Efficient attention defaults to a non-deterministic algorithm. To explicitly enable determinism call torch.use_deterministic_algorithms(True, warn_only=False). (Triggered internally at C:\actions-runner\_work\pytorch\pytorch\builder\windows\pytorch\aten\src\ATen\native\transformers\cuda\attention_backward.cu:657.)
  return Variable._execution_engine.run_backward(  # Calls into the C++ engine to run the backward pass
[    258s] ft_transformer-s42/DoS/p50/s42/pgd/joint: valid ASR 0.0000 raw 0.0000 evals 235.0 t 12.9s mismatch 0
[    271s] ft_transformer-s42/DoS/p50/s42/hybrid/joint: valid ASR 0.0000 raw 0.0000 evals 236.9 t 12.9s mismatch 0
[    284s] ft_transformer-s42/DoS/p50/s2024/pgd/joint: valid ASR 0.0000 raw 0.0000 evals 235.0 t 12.8s mismatch 0
[    297s] ft_transformer-s42/DoS/p50/s2024/hybrid/joint: valid ASR 0.0000 raw 0.0000 evals 236.9 t 13.1s mismatch 0
[    310s] ft_transformer-s42/DoS/p50/s2026/pgd/joint: valid ASR 0.0000 raw 0.0000 evals 235.0 t 12.9s mismatch 0
[    323s] ft_transformer-s42/DoS/p50/s2026/hybrid/joint: valid ASR 0.0000 raw 0.0000 evals 236.9 t 12.8s mismatch 0
[    336s] ft_transformer-s42/DoS/unb/s42/pgd/joint: valid ASR 0.0000 raw 0.0000 evals 235.0 t 12.7s mismatch 0
[    349s] ft_transformer-s42/DoS/unb/s42/hybrid/joint: valid ASR 0.0000 raw 0.0000 evals 236.9 t 13.0s mismatch 0
[    362s] ft_transformer-s42/DoS/unb/s2024/pgd/joint: valid ASR 0.0000 raw 0.0000 evals 235.0 t 12.8s mismatch 0
[    375s] ft_transformer-s42/DoS/unb/s2024/hybrid/joint: valid ASR 0.0000 raw 0.0000 evals 236.9 t 13.0s mismatch 0
[    387s] ft_transformer-s42/DoS/unb/s2026/pgd/joint: valid ASR 0.0000 raw 0.0000 evals 235.0 t 12.7s mismatch 0
[    400s] ft_transformer-s42/DoS/unb/s2026/hybrid/joint: valid ASR 0.0000 raw 0.0000 evals 236.9 t 12.7s mismatch 0
[    413s] ft_transformer-s42/DDoS/p50/s42/pgd/joint: valid ASR 0.0000 raw 0.0000 evals 240.1 t 12.9s mismatch 0
[    426s] ft_transformer-s42/DDoS/p50/s42/hybrid/joint: valid ASR 0.0000 raw 0.0000 evals 242.0 t 13.0s mismatch 0
[    439s] ft_transformer-s42/DDoS/p50/s2024/pgd/joint: valid ASR 0.0000 raw 0.0000 evals 240.1 t 12.9s mismatch 0
[    452s] ft_transformer-s42/DDoS/p50/s2024/hybrid/joint: valid ASR 0.0000 raw 0.0000 evals 242.0 t 13.0s mismatch 0
[    465s] ft_transformer-s42/DDoS/p50/s2026/pgd/joint: valid ASR 0.0000 raw 0.0000 evals 240.1 t 13.1s mismatch 0
[    479s] ft_transformer-s42/DDoS/p50/s2026/hybrid/joint: valid ASR 0.0000 raw 0.0000 evals 242.0 t 13.2s mismatch 0
[    492s] ft_transformer-s42/DDoS/unb/s42/pgd/joint: valid ASR 0.0000 raw 0.0000 evals 240.1 t 13.1s mismatch 0
[    505s] ft_transformer-s42/DDoS/unb/s42/hybrid/joint: valid ASR 0.0000 raw 0.0000 evals 242.0 t 13.1s mismatch 0
[    518s] ft_transformer-s42/DDoS/unb/s2024/pgd/joint: valid ASR 0.0000 raw 0.0000 evals 240.1 t 12.8s mismatch 0
[    531s] ft_transformer-s42/DDoS/unb/s2024/hybrid/joint: valid ASR 0.0000 raw 0.0000 evals 242.0 t 13.3s mismatch 0
[    545s] ft_transformer-s42/DDoS/unb/s2026/pgd/joint: valid ASR 0.0000 raw 0.0000 evals 240.1 t 13.2s mismatch 0
[    558s] ft_transformer-s42/DDoS/unb/s2026/hybrid/joint: valid ASR 0.0000 raw 0.0000 evals 242.0 t 13.4s mismatch 0
[    561s] ft_transformer-s42/Recon/p50/s42/pgd/joint: valid ASR 0.0000 raw 0.0000 evals 31.6 t 2.9s mismatch 0
[    564s] ft_transformer-s42/Recon/p50/s42/hybrid/joint: valid ASR 0.0000 raw 0.0000 evals 29.3 t 2.8s mismatch 0
[    567s] ft_transformer-s42/Recon/p50/s2024/pgd/joint: valid ASR 0.0000 raw 0.0000 evals 31.6 t 2.9s mismatch 0
[    570s] ft_transformer-s42/Recon/p50/s2024/hybrid/joint: valid ASR 0.0000 raw 0.0000 evals 29.3 t 2.8s mismatch 0
[    573s] ft_transformer-s42/Recon/p50/s2026/pgd/joint: valid ASR 0.0000 raw 0.0000 evals 31.6 t 2.9s mismatch 0
[    576s] ft_transformer-s42/Recon/p50/s2026/hybrid/joint: valid ASR 0.0000 raw 0.0000 evals 29.3 t 2.9s mismatch 0
[    579s] ft_transformer-s42/Recon/unb/s42/pgd/joint: valid ASR 0.0050 raw 0.0050 evals 31.6 t 2.9s mismatch 0
[    582s] ft_transformer-s42/Recon/unb/s42/hybrid/joint: valid ASR 0.0050 raw 0.0050 evals 29.3 t 2.9s mismatch 0
[    585s] ft_transformer-s42/Recon/unb/s2024/pgd/joint: valid ASR 0.0050 raw 0.0050 evals 31.6 t 2.9s mismatch 0
[    588s] ft_transformer-s42/Recon/unb/s2024/hybrid/joint: valid ASR 0.0050 raw 0.0050 evals 29.3 t 2.9s mismatch 0
[    591s] ft_transformer-s42/Recon/unb/s2026/pgd/joint: valid ASR 0.0050 raw 0.0050 evals 31.6 t 2.9s mismatch 0
[    594s] ft_transformer-s42/Recon/unb/s2026/hybrid/joint: valid ASR 0.0050 raw 0.0050 evals 29.3 t 2.9s mismatch 0
[    607s] ft_transformer-s42/BruteForce/p50/s42/pgd/joint: valid ASR 0.0000 raw 0.0000 evals 253.0 t 13.8s mismatch 0
[    622s] ft_transformer-s42/BruteForce/p50/s42/hybrid/joint: valid ASR 0.0000 raw 0.0000 evals 255.0 t 14.2s mismatch 0
[    635s] ft_transformer-s42/BruteForce/p50/s2024/pgd/joint: valid ASR 0.0000 raw 0.0000 evals 253.0 t 13.8s mismatch 0
[    649s] ft_transformer-s42/BruteForce/p50/s2024/hybrid/joint: valid ASR 0.0000 raw 0.0000 evals 255.0 t 13.9s mismatch 0
[    663s] ft_transformer-s42/BruteForce/p50/s2026/pgd/joint: valid ASR 0.0000 raw 0.0000 evals 253.0 t 13.7s mismatch 0
[    677s] ft_transformer-s42/BruteForce/p50/s2026/hybrid/joint: valid ASR 0.0000 raw 0.0000 evals 255.0 t 13.7s mismatch 0
[    690s] ft_transformer-s42/BruteForce/unb/s42/pgd/joint: valid ASR 0.0000 raw 0.0000 evals 253.0 t 13.3s mismatch 0
[    704s] ft_transformer-s42/BruteForce/unb/s42/hybrid/joint: valid ASR 0.0000 raw 0.0000 evals 255.0 t 13.3s mismatch 0
[    717s] ft_transformer-s42/BruteForce/unb/s2024/pgd/joint: valid ASR 0.0000 raw 0.0000 evals 253.0 t 13.5s mismatch 0
[    732s] ft_transformer-s42/BruteForce/unb/s2024/hybrid/joint: valid ASR 0.0000 raw 0.0000 evals 255.0 t 14.7s mismatch 0
[    748s] ft_transformer-s42/BruteForce/unb/s2026/pgd/joint: valid ASR 0.0000 raw 0.0000 evals 253.0 t 15.9s mismatch 0
[    764s] ft_transformer-s42/BruteForce/unb/s2026/hybrid/joint: valid ASR 0.0000 raw 0.0000 evals 255.0 t 16.0s mismatch 0
[done] 144 cells in 764s -> E:\Shameem\thesis\FINAL_OUTPUTS\runs\cicids2018_distrinet\primattack_targeted_budgets
