[      3s] mlp-s42/DoS/p75/s42/hybrid/joint: valid ASR 0.0000 raw 0.0000 evals 236.9 t 2.7s mismatch 0
[      5s] mlp-s42/DoS/p75/s2024/hybrid/joint: valid ASR 0.0000 raw 0.0000 evals 236.9 t 2.5s mismatch 0
[      8s] mlp-s42/DoS/p75/s2026/hybrid/joint: valid ASR 0.0000 raw 0.0000 evals 236.9 t 3.0s mismatch 0
[     11s] mlp-s42/DDoS/p75/s42/hybrid/joint: valid ASR 0.0750 raw 0.0750 evals 242.0 t 2.7s mismatch 0
[     14s] mlp-s42/DDoS/p75/s2024/hybrid/joint: valid ASR 0.0750 raw 0.0750 evals 242.0 t 3.3s mismatch 0
[     18s] mlp-s42/DDoS/p75/s2026/hybrid/joint: valid ASR 0.0750 raw 0.0750 evals 242.0 t 3.1s mismatch 0
[     20s] mlp-s42/Recon/p75/s42/hybrid/joint: valid ASR 0.0262 raw 0.0262 evals 29.3 t 2.5s mismatch 0
[     23s] mlp-s42/Recon/p75/s2024/hybrid/joint: valid ASR 0.0262 raw 0.0262 evals 29.3 t 2.4s mismatch 0
[     25s] mlp-s42/Recon/p75/s2026/hybrid/joint: valid ASR 0.0262 raw 0.0262 evals 29.3 t 2.4s mismatch 0
[     28s] mlp-s42/BruteForce/p75/s42/hybrid/joint: valid ASR 0.0000 raw 0.0000 evals 255.0 t 2.5s mismatch 0
[     30s] mlp-s42/BruteForce/p75/s2024/hybrid/joint: valid ASR 0.0000 raw 0.0000 evals 255.0 t 2.7s mismatch 0
[     34s] mlp-s42/BruteForce/p75/s2026/hybrid/joint: valid ASR 0.0000 raw 0.0000 evals 255.0 t 3.2s mismatch 0
C:\Users\user6\.local\share\mamba\envs\thesis\Lib\site-packages\torch\autograd\graph.py:825: UserWarning: adaptive_max_pool2d_backward_cuda does not have a deterministic implementation, but you set 'torch.use_deterministic_algorithms(True, warn_only=True)'. You can file an issue at https://github.com/pytorch/pytorch/issues to help us prioritize adding deterministic support for this operation. (Triggered internally at C:\actions-runner\_work\pytorch\pytorch\builder\windows\pytorch\aten\src\ATen\Context.cpp:95.)
  return Variable._execution_engine.run_backward(  # Calls into the C++ engine to run the backward pass
[     37s] cnn-s42/DoS/p75/s42/hybrid/joint: valid ASR 0.0000 raw 0.0000 evals 236.6 t 3.1s mismatch 0
[     39s] cnn-s42/DoS/p75/s2024/hybrid/joint: valid ASR 0.0000 raw 0.0000 evals 236.6 t 2.7s mismatch 0
[     42s] cnn-s42/DoS/p75/s2026/hybrid/joint: valid ASR 0.0000 raw 0.0000 evals 236.6 t 2.5s mismatch 0
[     45s] cnn-s42/DDoS/p75/s42/hybrid/joint: valid ASR 0.0462 raw 0.0462 evals 242.0 t 2.6s mismatch 0
[     47s] cnn-s42/DDoS/p75/s2024/hybrid/joint: valid ASR 0.0462 raw 0.0462 evals 242.0 t 2.7s mismatch 0
[     50s] cnn-s42/DDoS/p75/s2026/hybrid/joint: valid ASR 0.0462 raw 0.0462 evals 242.0 t 2.6s mismatch 0
[     52s] cnn-s42/Recon/p75/s42/hybrid/joint: valid ASR 0.0000 raw 0.0000 evals 29.3 t 2.3s mismatch 0
[     55s] cnn-s42/Recon/p75/s2024/hybrid/joint: valid ASR 0.0000 raw 0.0000 evals 29.3 t 2.6s mismatch 0
[     57s] cnn-s42/Recon/p75/s2026/hybrid/joint: valid ASR 0.0000 raw 0.0000 evals 29.3 t 2.4s mismatch 0
[     60s] cnn-s42/BruteForce/p75/s42/hybrid/joint: valid ASR 0.0000 raw 0.0000 evals 255.0 t 2.7s mismatch 0
[     63s] cnn-s42/BruteForce/p75/s2024/hybrid/joint: valid ASR 0.0000 raw 0.0000 evals 255.0 t 2.6s mismatch 0
[     65s] cnn-s42/BruteForce/p75/s2026/hybrid/joint: valid ASR 0.0000 raw 0.0000 evals 255.0 t 2.6s mismatch 0
C:\Users\user6\.local\share\mamba\envs\thesis\Lib\site-packages\torch\autograd\graph.py:825: UserWarning: Memory Efficient attention defaults to a non-deterministic algorithm. To explicitly enable determinism call torch.use_deterministic_algorithms(True, warn_only=False). (Triggered internally at C:\actions-runner\_work\pytorch\pytorch\builder\windows\pytorch\aten\src\ATen\native\transformers\cuda\attention_backward.cu:657.)
  return Variable._execution_engine.run_backward(  # Calls into the C++ engine to run the backward pass
[     79s] ft_transformer-s42/DoS/p75/s42/hybrid/joint: valid ASR 0.0000 raw 0.0000 evals 236.9 t 13.5s mismatch 0
[     92s] ft_transformer-s42/DoS/p75/s2024/hybrid/joint: valid ASR 0.0000 raw 0.0000 evals 236.9 t 13.4s mismatch 0
[    106s] ft_transformer-s42/DoS/p75/s2026/hybrid/joint: valid ASR 0.0000 raw 0.0000 evals 236.9 t 13.2s mismatch 0
[    119s] ft_transformer-s42/DDoS/p75/s42/hybrid/joint: valid ASR 0.0000 raw 0.0000 evals 242.0 t 13.3s mismatch 0
[    133s] ft_transformer-s42/DDoS/p75/s2024/hybrid/joint: valid ASR 0.0000 raw 0.0000 evals 242.0 t 13.3s mismatch 0
[    146s] ft_transformer-s42/DDoS/p75/s2026/hybrid/joint: valid ASR 0.0000 raw 0.0000 evals 242.0 t 13.6s mismatch 0
[    149s] ft_transformer-s42/Recon/p75/s42/hybrid/joint: valid ASR 0.0000 raw 0.0000 evals 29.3 t 3.2s mismatch 0
[    153s] ft_transformer-s42/Recon/p75/s2024/hybrid/joint: valid ASR 0.0000 raw 0.0000 evals 29.3 t 3.1s mismatch 0
[    156s] ft_transformer-s42/Recon/p75/s2026/hybrid/joint: valid ASR 0.0000 raw 0.0000 evals 29.3 t 3.1s mismatch 0
[    170s] ft_transformer-s42/BruteForce/p75/s42/hybrid/joint: valid ASR 0.0000 raw 0.0000 evals 255.0 t 14.0s mismatch 0
[    184s] ft_transformer-s42/BruteForce/p75/s2024/hybrid/joint: valid ASR 0.0000 raw 0.0000 evals 255.0 t 14.0s mismatch 0
[    198s] ft_transformer-s42/BruteForce/p75/s2026/hybrid/joint: valid ASR 0.0000 raw 0.0000 evals 255.0 t 13.8s mismatch 0
[done] 36 cells in 198s -> FINAL_OUTPUTS\runs\cicids2018_distrinet\primattack_hybrid_objective_untargeted
