
# 2026-09-26 13:39:24 C:\Users\user6\.local\share\mamba\envs\thesis\python.exe scripts/run_primattack_optimizer_ablation.py --dataset cicids2018 --device cuda --selection-from E:\Shameem\thesis\FINAL_OUTPUTS\runs\cicids2018_distrinet\baselines_untargeted\selection.json --split test --seeds 42,2024,2026 --objective targeted --victims mlp-s42,cnn-s42,ft_transformer-s42 --classes DoS,DDoS,Recon,BruteForce --budgets maximum-evaluated --methods hybrid,pgd,cw --eval-budget 256 --hybrid-steps 40 --hybrid-lr 0.1 --pgd-restarts 3 --pgd-step 0.05 --pgd-momentum 0.75 --cw-stages 3 --cw-lr 0.5 --cw-c 1.0 --cw-kappa 0.0 --output-dir E:\Shameem\thesis\FINAL_OUTPUTS\runs\cicids2018_distrinet\primattack_targeted_optimizers --resume
[      3s] mlp-s42/DoS/p75/s42/hybrid: valid ASR 0.0000 raw 0.0000 evals 241.2 t 2.7s mismatch 0
[      5s] mlp-s42/DoS/p75/s42/pgd: valid ASR 0.0000 raw 0.0000 evals 252.4 t 2.3s mismatch 0
[      8s] mlp-s42/DoS/p75/s42/cw: valid ASR 0.0000 raw 0.0000 evals 252.4 t 2.4s mismatch 0
[     10s] mlp-s42/DoS/p75/s2024/hybrid: valid ASR 0.0000 raw 0.0000 evals 241.2 t 2.6s mismatch 0
[     13s] mlp-s42/DoS/p75/s2024/pgd: valid ASR 0.0000 raw 0.0000 evals 252.4 t 2.5s mismatch 0
[     15s] mlp-s42/DoS/p75/s2024/cw: valid ASR 0.0000 raw 0.0000 evals 252.4 t 2.6s mismatch 0
[     18s] mlp-s42/DoS/p75/s2026/hybrid: valid ASR 0.0000 raw 0.0000 evals 241.2 t 2.7s mismatch 0
[     21s] mlp-s42/DoS/p75/s2026/pgd: valid ASR 0.0000 raw 0.0000 evals 252.4 t 2.4s mismatch 0
[     23s] mlp-s42/DoS/p75/s2026/cw: valid ASR 0.0000 raw 0.0000 evals 252.4 t 2.6s mismatch 0
[     26s] mlp-s42/DDoS/p75/s42/hybrid: valid ASR 0.0037 raw 0.0050 evals 245.5 t 2.3s mismatch 0
[     28s] mlp-s42/DDoS/p75/s42/pgd: valid ASR 0.0050 raw 0.0050 evals 252.7 t 2.6s mismatch 0
[     31s] mlp-s42/DDoS/p75/s42/cw: valid ASR 0.0050 raw 0.0050 evals 252.7 t 2.7s mismatch 0
[     33s] mlp-s42/DDoS/p75/s2024/hybrid: valid ASR 0.0037 raw 0.0037 evals 245.5 t 2.4s mismatch 0
[     36s] mlp-s42/DDoS/p75/s2024/pgd: valid ASR 0.0050 raw 0.0050 evals 252.7 t 2.6s mismatch 0
[     39s] mlp-s42/DDoS/p75/s2024/cw: valid ASR 0.0050 raw 0.0050 evals 252.7 t 2.7s mismatch 0
[     41s] mlp-s42/DDoS/p75/s2026/hybrid: valid ASR 0.0013 raw 0.0025 evals 245.5 t 2.3s mismatch 0
[     44s] mlp-s42/DDoS/p75/s2026/pgd: valid ASR 0.0050 raw 0.0050 evals 252.7 t 2.6s mismatch 0
[     47s] mlp-s42/DDoS/p75/s2026/cw: valid ASR 0.0050 raw 0.0050 evals 252.7 t 2.8s mismatch 0
[     49s] mlp-s42/Recon/p75/s42/hybrid: valid ASR 0.0088 raw 0.0475 evals 29.3 t 2.3s mismatch 0
[     51s] mlp-s42/Recon/p75/s42/pgd: valid ASR 0.0063 raw 0.0475 evals 31.6 t 2.3s mismatch 0
[     54s] mlp-s42/Recon/p75/s42/cw: valid ASR 0.0238 raw 0.0462 evals 31.6 t 2.4s mismatch 0
[     56s] mlp-s42/Recon/p75/s2024/hybrid: valid ASR 0.0088 raw 0.0475 evals 29.3 t 2.3s mismatch 0
[     58s] mlp-s42/Recon/p75/s2024/pgd: valid ASR 0.0050 raw 0.0475 evals 31.6 t 2.3s mismatch 0
[     61s] mlp-s42/Recon/p75/s2024/cw: valid ASR 0.0238 raw 0.0462 evals 31.6 t 2.4s mismatch 0
[     63s] mlp-s42/Recon/p75/s2026/hybrid: valid ASR 0.0088 raw 0.0475 evals 29.3 t 2.3s mismatch 0
[     66s] mlp-s42/Recon/p75/s2026/pgd: valid ASR 0.0050 raw 0.0475 evals 31.6 t 2.3s mismatch 0
[     68s] mlp-s42/Recon/p75/s2026/cw: valid ASR 0.0238 raw 0.0462 evals 31.6 t 2.4s mismatch 0
[     70s] mlp-s42/BruteForce/p75/s42/hybrid: valid ASR 0.0000 raw 0.0000 evals 255.5 t 2.5s mismatch 0
[     73s] mlp-s42/BruteForce/p75/s42/pgd: valid ASR 0.0000 raw 0.0000 evals 253.0 t 2.4s mismatch 0
[     75s] mlp-s42/BruteForce/p75/s42/cw: valid ASR 0.0000 raw 0.0000 evals 253.0 t 2.4s mismatch 0
[     78s] mlp-s42/BruteForce/p75/s2024/hybrid: valid ASR 0.0000 raw 0.0000 evals 255.5 t 2.5s mismatch 0
[     80s] mlp-s42/BruteForce/p75/s2024/pgd: valid ASR 0.0000 raw 0.0000 evals 253.0 t 2.3s mismatch 0
[     83s] mlp-s42/BruteForce/p75/s2024/cw: valid ASR 0.0000 raw 0.0000 evals 253.0 t 2.5s mismatch 0
[     85s] mlp-s42/BruteForce/p75/s2026/hybrid: valid ASR 0.0000 raw 0.0000 evals 255.5 t 2.4s mismatch 0
[     88s] mlp-s42/BruteForce/p75/s2026/pgd: valid ASR 0.0000 raw 0.0000 evals 253.0 t 2.3s mismatch 0
[     90s] mlp-s42/BruteForce/p75/s2026/cw: valid ASR 0.0000 raw 0.0000 evals 253.0 t 2.5s mismatch 0
C:\Users\user6\.local\share\mamba\envs\thesis\Lib\site-packages\torch\autograd\graph.py:825: UserWarning: adaptive_max_pool2d_backward_cuda does not have a deterministic implementation, but you set 'torch.use_deterministic_algorithms(True, warn_only=True)'. You can file an issue at https://github.com/pytorch/pytorch/issues to help us prioritize adding deterministic support for this operation. (Triggered internally at C:\actions-runner\_work\pytorch\pytorch\builder\windows\pytorch\aten\src\ATen\Context.cpp:95.)
  return Variable._execution_engine.run_backward(  # Calls into the C++ engine to run the backward pass
[     93s] cnn-s42/DoS/p75/s42/hybrid: valid ASR 0.0000 raw 0.0000 evals 240.9 t 2.9s mismatch 0
[     95s] cnn-s42/DoS/p75/s42/pgd: valid ASR 0.0000 raw 0.0000 evals 252.4 t 2.3s mismatch 0
[     98s] cnn-s42/DoS/p75/s42/cw: valid ASR 0.0000 raw 0.0000 evals 252.4 t 2.5s mismatch 0
[    100s] cnn-s42/DoS/p75/s2024/hybrid: valid ASR 0.0000 raw 0.0000 evals 240.9 t 2.4s mismatch 0
[    103s] cnn-s42/DoS/p75/s2024/pgd: valid ASR 0.0000 raw 0.0000 evals 252.4 t 2.4s mismatch 0
[    105s] cnn-s42/DoS/p75/s2024/cw: valid ASR 0.0000 raw 0.0000 evals 252.4 t 2.5s mismatch 0
[    108s] cnn-s42/DoS/p75/s2026/hybrid: valid ASR 0.0000 raw 0.0000 evals 240.9 t 2.6s mismatch 0
[    110s] cnn-s42/DoS/p75/s2026/pgd: valid ASR 0.0000 raw 0.0000 evals 252.4 t 2.3s mismatch 0
[    113s] cnn-s42/DoS/p75/s2026/cw: valid ASR 0.0000 raw 0.0000 evals 252.4 t 2.5s mismatch 0
[    115s] cnn-s42/DDoS/p75/s42/hybrid: valid ASR 0.0000 raw 0.5587 evals 245.5 t 2.1s mismatch 0
[    118s] cnn-s42/DDoS/p75/s42/pgd: valid ASR 0.0000 raw 0.5587 evals 252.7 t 2.5s mismatch 0
[    120s] cnn-s42/DDoS/p75/s42/cw: valid ASR 0.0000 raw 0.5337 evals 252.7 t 2.5s mismatch 0
[    122s] cnn-s42/DDoS/p75/s2024/hybrid: valid ASR 0.0000 raw 0.5587 evals 245.5 t 2.2s mismatch 0
[    125s] cnn-s42/DDoS/p75/s2024/pgd: valid ASR 0.0000 raw 0.5600 evals 252.7 t 2.4s mismatch 0
[    127s] cnn-s42/DDoS/p75/s2024/cw: valid ASR 0.0000 raw 0.5337 evals 252.7 t 2.5s mismatch 0
[    130s] cnn-s42/DDoS/p75/s2026/hybrid: valid ASR 0.0000 raw 0.5587 evals 245.5 t 2.4s mismatch 0
[    132s] cnn-s42/DDoS/p75/s2026/pgd: valid ASR 0.0000 raw 0.5587 evals 252.7 t 2.6s mismatch 0
[    135s] cnn-s42/DDoS/p75/s2026/cw: valid ASR 0.0000 raw 0.5337 evals 252.7 t 2.4s mismatch 0
[    137s] cnn-s42/Recon/p75/s42/hybrid: valid ASR 0.0000 raw 0.0413 evals 29.3 t 2.4s mismatch 0
[    139s] cnn-s42/Recon/p75/s42/pgd: valid ASR 0.0000 raw 0.0413 evals 31.6 t 2.4s mismatch 0
[    142s] cnn-s42/Recon/p75/s42/cw: valid ASR 0.0000 raw 0.0187 evals 31.6 t 2.2s mismatch 0
[    144s] cnn-s42/Recon/p75/s2024/hybrid: valid ASR 0.0000 raw 0.0413 evals 29.3 t 2.2s mismatch 0
[    146s] cnn-s42/Recon/p75/s2024/pgd: valid ASR 0.0000 raw 0.0413 evals 31.6 t 2.2s mismatch 0
[    148s] cnn-s42/Recon/p75/s2024/cw: valid ASR 0.0000 raw 0.0187 evals 31.6 t 2.3s mismatch 0
[    151s] cnn-s42/Recon/p75/s2026/hybrid: valid ASR 0.0000 raw 0.0413 evals 29.3 t 2.1s mismatch 0
[    153s] cnn-s42/Recon/p75/s2026/pgd: valid ASR 0.0000 raw 0.0413 evals 31.6 t 2.3s mismatch 0
[    155s] cnn-s42/Recon/p75/s2026/cw: valid ASR 0.0000 raw 0.0187 evals 31.6 t 2.3s mismatch 0
[    158s] cnn-s42/BruteForce/p75/s42/hybrid: valid ASR 0.0000 raw 0.0000 evals 255.5 t 2.5s mismatch 0
[    160s] cnn-s42/BruteForce/p75/s42/pgd: valid ASR 0.0000 raw 0.0000 evals 253.0 t 2.4s mismatch 0
[    163s] cnn-s42/BruteForce/p75/s42/cw: valid ASR 0.0000 raw 0.0000 evals 253.0 t 2.4s mismatch 0
[    165s] cnn-s42/BruteForce/p75/s2024/hybrid: valid ASR 0.0000 raw 0.0000 evals 255.5 t 2.5s mismatch 0
[    168s] cnn-s42/BruteForce/p75/s2024/pgd: valid ASR 0.0000 raw 0.0000 evals 253.0 t 2.3s mismatch 0
[    170s] cnn-s42/BruteForce/p75/s2024/cw: valid ASR 0.0000 raw 0.0000 evals 253.0 t 2.5s mismatch 0
[    173s] cnn-s42/BruteForce/p75/s2026/hybrid: valid ASR 0.0000 raw 0.0000 evals 255.5 t 2.4s mismatch 0
[    175s] cnn-s42/BruteForce/p75/s2026/pgd: valid ASR 0.0000 raw 0.0000 evals 253.0 t 2.4s mismatch 0
[    177s] cnn-s42/BruteForce/p75/s2026/cw: valid ASR 0.0000 raw 0.0000 evals 253.0 t 2.4s mismatch 0
C:\Users\user6\.local\share\mamba\envs\thesis\Lib\site-packages\torch\autograd\graph.py:825: UserWarning: Memory Efficient attention defaults to a non-deterministic algorithm. To explicitly enable determinism call torch.use_deterministic_algorithms(True, warn_only=False). (Triggered internally at C:\actions-runner\_work\pytorch\pytorch\builder\windows\pytorch\aten\src\ATen\native\transformers\cuda\attention_backward.cu:657.)
  return Variable._execution_engine.run_backward(  # Calls into the C++ engine to run the backward pass
[    190s] ft_transformer-s42/DoS/p75/s42/hybrid: valid ASR 0.0000 raw 0.0000 evals 241.2 t 12.0s mismatch 0
[    203s] ft_transformer-s42/DoS/p75/s42/pgd: valid ASR 0.0000 raw 0.0000 evals 252.4 t 13.6s mismatch 0
[    217s] ft_transformer-s42/DoS/p75/s42/cw: valid ASR 0.0000 raw 0.0000 evals 252.4 t 13.7s mismatch 0
[    229s] ft_transformer-s42/DoS/p75/s2024/hybrid: valid ASR 0.0000 raw 0.0000 evals 241.2 t 11.8s mismatch 0
[    243s] ft_transformer-s42/DoS/p75/s2024/pgd: valid ASR 0.0000 raw 0.0000 evals 252.4 t 13.6s mismatch 0
[    257s] ft_transformer-s42/DoS/p75/s2024/cw: valid ASR 0.0000 raw 0.0000 evals 252.4 t 14.0s mismatch 0
[    269s] ft_transformer-s42/DoS/p75/s2026/hybrid: valid ASR 0.0000 raw 0.0000 evals 241.2 t 12.4s mismatch 0
[    283s] ft_transformer-s42/DoS/p75/s2026/pgd: valid ASR 0.0000 raw 0.0000 evals 252.4 t 13.9s mismatch 0
[    297s] ft_transformer-s42/DoS/p75/s2026/cw: valid ASR 0.0000 raw 0.0000 evals 252.4 t 13.8s mismatch 0
[    309s] ft_transformer-s42/DDoS/p75/s42/hybrid: valid ASR 0.0000 raw 0.0013 evals 245.5 t 11.8s mismatch 0
[    323s] ft_transformer-s42/DDoS/p75/s42/pgd: valid ASR 0.0000 raw 0.0000 evals 252.7 t 14.1s mismatch 0
[    337s] ft_transformer-s42/DDoS/p75/s42/cw: valid ASR 0.0000 raw 0.0000 evals 252.7 t 14.2s mismatch 0
[    349s] ft_transformer-s42/DDoS/p75/s2024/hybrid: valid ASR 0.0000 raw 0.0013 evals 245.5 t 11.6s mismatch 0
[    363s] ft_transformer-s42/DDoS/p75/s2024/pgd: valid ASR 0.0000 raw 0.0013 evals 252.7 t 13.6s mismatch 0
[    377s] ft_transformer-s42/DDoS/p75/s2024/cw: valid ASR 0.0000 raw 0.0000 evals 252.7 t 14.2s mismatch 0
[    389s] ft_transformer-s42/DDoS/p75/s2026/hybrid: valid ASR 0.0000 raw 0.0000 evals 245.5 t 12.0s mismatch 0
[    403s] ft_transformer-s42/DDoS/p75/s2026/pgd: valid ASR 0.0000 raw 0.0013 evals 252.7 t 13.8s mismatch 0
[    417s] ft_transformer-s42/DDoS/p75/s2026/cw: valid ASR 0.0000 raw 0.0000 evals 252.7 t 13.8s mismatch 0
[    420s] ft_transformer-s42/Recon/p75/s42/hybrid: valid ASR 0.0000 raw 0.0125 evals 29.3 t 3.1s mismatch 0
[    423s] ft_transformer-s42/Recon/p75/s42/pgd: valid ASR 0.0000 raw 0.0125 evals 31.6 t 3.0s mismatch 0
[    426s] ft_transformer-s42/Recon/p75/s42/cw: valid ASR 0.0000 raw 0.0075 evals 31.6 t 3.1s mismatch 0
[    429s] ft_transformer-s42/Recon/p75/s2024/hybrid: valid ASR 0.0000 raw 0.0125 evals 29.3 t 3.0s mismatch 0
[    432s] ft_transformer-s42/Recon/p75/s2024/pgd: valid ASR 0.0000 raw 0.0112 evals 31.6 t 3.1s mismatch 0
[    436s] ft_transformer-s42/Recon/p75/s2024/cw: valid ASR 0.0000 raw 0.0075 evals 31.6 t 3.1s mismatch 0
[    439s] ft_transformer-s42/Recon/p75/s2026/hybrid: valid ASR 0.0000 raw 0.0125 evals 29.3 t 3.0s mismatch 0
[    442s] ft_transformer-s42/Recon/p75/s2026/pgd: valid ASR 0.0000 raw 0.0125 evals 31.6 t 3.0s mismatch 0
[    445s] ft_transformer-s42/Recon/p75/s2026/cw: valid ASR 0.0000 raw 0.0075 evals 31.6 t 3.1s mismatch 0
[    459s] ft_transformer-s42/BruteForce/p75/s42/hybrid: valid ASR 0.0000 raw 0.0000 evals 255.5 t 13.8s mismatch 0
[    473s] ft_transformer-s42/BruteForce/p75/s42/pgd: valid ASR 0.0000 raw 0.0000 evals 253.0 t 13.6s mismatch 0
[    486s] ft_transformer-s42/BruteForce/p75/s42/cw: valid ASR 0.0000 raw 0.0000 evals 253.0 t 13.6s mismatch 0
[    500s] ft_transformer-s42/BruteForce/p75/s2024/hybrid: valid ASR 0.0000 raw 0.0000 evals 255.5 t 14.1s mismatch 0
[    514s] ft_transformer-s42/BruteForce/p75/s2024/pgd: valid ASR 0.0000 raw 0.0000 evals 253.0 t 14.0s mismatch 0
[    528s] ft_transformer-s42/BruteForce/p75/s2024/cw: valid ASR 0.0000 raw 0.0000 evals 253.0 t 13.6s mismatch 0
[    542s] ft_transformer-s42/BruteForce/p75/s2026/hybrid: valid ASR 0.0000 raw 0.0000 evals 255.5 t 13.7s mismatch 0
[    556s] ft_transformer-s42/BruteForce/p75/s2026/pgd: valid ASR 0.0000 raw 0.0000 evals 253.0 t 13.6s mismatch 0
[    569s] ft_transformer-s42/BruteForce/p75/s2026/cw: valid ASR 0.0000 raw 0.0000 evals 253.0 t 13.6s mismatch 0
[done] 108 cells in 569s -> E:\Shameem\thesis\FINAL_OUTPUTS\runs\cicids2018_distrinet\primattack_targeted_optimizers
