
# 2026-09-26 19:17:37 C:\Users\user6\.local\share\mamba\envs\thesis\python.exe scripts/run_primattack_optimizer_ablation.py --dataset cicids2018 --device cuda --selection-from E:\Shameem\thesis\FINAL_OUTPUTS\runs\cicids2018_distrinet\baselines_untargeted\selection.json --split test --seeds 42,2024,2026 --objective untargeted --victims mlp-s42,cnn-s42,ft_transformer-s42 --classes DoS,DDoS,Recon,BruteForce --budgets maximum-evaluated,unbounded --methods pgd --modes joint --eval-budget 256 --hybrid-steps 40 --hybrid-lr 0.1 --pgd-restarts 3 --pgd-step 0.05 --pgd-momentum 0.75 --cw-stages 3 --cw-lr 0.5 --cw-c 1.0 --cw-kappa 0.0 --output-dir E:\Shameem\thesis\FINAL_OUTPUTS\runs\cicids2018_distrinet\primattack_untargeted --resume
[      3s] mlp-s42/DoS/p75/s42/pgd/joint: valid ASR 0.0000 raw 0.0000 evals 235.0 t 2.6s mismatch 0
[      5s] mlp-s42/DoS/p75/s2024/pgd/joint: valid ASR 0.0000 raw 0.0000 evals 235.0 t 2.1s mismatch 0
[      7s] mlp-s42/DoS/p75/s2026/pgd/joint: valid ASR 0.0000 raw 0.0000 evals 235.0 t 2.2s mismatch 0
[     10s] mlp-s42/DoS/unb/s42/pgd/joint: valid ASR 0.0000 raw 0.0000 evals 235.0 t 2.5s mismatch 0
[     12s] mlp-s42/DoS/unb/s2024/pgd/joint: valid ASR 0.0000 raw 0.0000 evals 235.0 t 2.4s mismatch 0
[     14s] mlp-s42/DoS/unb/s2026/pgd/joint: valid ASR 0.0000 raw 0.0000 evals 235.0 t 2.5s mismatch 0
[     17s] mlp-s42/DDoS/p75/s42/pgd/joint: valid ASR 0.0750 raw 0.0750 evals 240.1 t 2.6s mismatch 0
[     20s] mlp-s42/DDoS/p75/s2024/pgd/joint: valid ASR 0.0750 raw 0.0750 evals 240.1 t 2.5s mismatch 0
[     22s] mlp-s42/DDoS/p75/s2026/pgd/joint: valid ASR 0.0750 raw 0.0750 evals 240.1 t 2.6s mismatch 0
[     25s] mlp-s42/DDoS/unb/s42/pgd/joint: valid ASR 0.8025 raw 0.8025 evals 240.1 t 2.5s mismatch 0
[     27s] mlp-s42/DDoS/unb/s2024/pgd/joint: valid ASR 0.8025 raw 0.8025 evals 240.1 t 2.4s mismatch 0
[     30s] mlp-s42/DDoS/unb/s2026/pgd/joint: valid ASR 0.8037 raw 0.8037 evals 240.1 t 2.4s mismatch 0
[     32s] mlp-s42/Recon/p75/s42/pgd/joint: valid ASR 0.0262 raw 0.0262 evals 31.6 t 2.2s mismatch 0
[     34s] mlp-s42/Recon/p75/s2024/pgd/joint: valid ASR 0.0262 raw 0.0262 evals 31.6 t 2.2s mismatch 0
[     36s] mlp-s42/Recon/p75/s2026/pgd/joint: valid ASR 0.0262 raw 0.0262 evals 31.6 t 2.2s mismatch 0
[     39s] mlp-s42/Recon/unb/s42/pgd/joint: valid ASR 0.0638 raw 0.0638 evals 31.6 t 2.2s mismatch 0
[     41s] mlp-s42/Recon/unb/s2024/pgd/joint: valid ASR 0.0638 raw 0.0638 evals 31.6 t 2.2s mismatch 0
[     43s] mlp-s42/Recon/unb/s2026/pgd/joint: valid ASR 0.0638 raw 0.0638 evals 31.6 t 2.2s mismatch 0
[     46s] mlp-s42/BruteForce/p75/s42/pgd/joint: valid ASR 0.0000 raw 0.0000 evals 253.0 t 2.4s mismatch 0
[     48s] mlp-s42/BruteForce/p75/s2024/pgd/joint: valid ASR 0.0000 raw 0.0000 evals 253.0 t 2.5s mismatch 0
[     51s] mlp-s42/BruteForce/p75/s2026/pgd/joint: valid ASR 0.0000 raw 0.0000 evals 253.0 t 2.4s mismatch 0
[     53s] mlp-s42/BruteForce/unb/s42/pgd/joint: valid ASR 0.9062 raw 0.9062 evals 253.0 t 2.6s mismatch 0
[     56s] mlp-s42/BruteForce/unb/s2024/pgd/joint: valid ASR 0.9062 raw 0.9062 evals 253.0 t 2.6s mismatch 0
[     58s] mlp-s42/BruteForce/unb/s2026/pgd/joint: valid ASR 0.9062 raw 0.9062 evals 253.0 t 2.5s mismatch 0
C:\Users\user6\.local\share\mamba\envs\thesis\Lib\site-packages\torch\autograd\graph.py:825: UserWarning: adaptive_max_pool2d_backward_cuda does not have a deterministic implementation, but you set 'torch.use_deterministic_algorithms(True, warn_only=True)'. You can file an issue at https://github.com/pytorch/pytorch/issues to help us prioritize adding deterministic support for this operation. (Triggered internally at C:\actions-runner\_work\pytorch\pytorch\builder\windows\pytorch\aten\src\ATen\Context.cpp:95.)
  return Variable._execution_engine.run_backward(  # Calls into the C++ engine to run the backward pass
[     61s] cnn-s42/DoS/p75/s42/pgd/joint: valid ASR 0.0000 raw 0.0000 evals 234.7 t 2.5s mismatch 0
[     63s] cnn-s42/DoS/p75/s2024/pgd/joint: valid ASR 0.0000 raw 0.0000 evals 234.7 t 2.2s mismatch 0
[     65s] cnn-s42/DoS/p75/s2026/pgd/joint: valid ASR 0.0000 raw 0.0000 evals 234.7 t 2.3s mismatch 0
[     68s] cnn-s42/DoS/unb/s42/pgd/joint: valid ASR 0.0000 raw 0.0000 evals 234.7 t 2.2s mismatch 0
[     70s] cnn-s42/DoS/unb/s2024/pgd/joint: valid ASR 0.0000 raw 0.0000 evals 234.7 t 2.2s mismatch 0
[     72s] cnn-s42/DoS/unb/s2026/pgd/joint: valid ASR 0.0000 raw 0.0000 evals 234.7 t 2.2s mismatch 0
[     75s] cnn-s42/DDoS/p75/s42/pgd/joint: valid ASR 0.0462 raw 0.0462 evals 240.1 t 2.4s mismatch 0
[     77s] cnn-s42/DDoS/p75/s2024/pgd/joint: valid ASR 0.0462 raw 0.0462 evals 240.1 t 2.2s mismatch 0
[     79s] cnn-s42/DDoS/p75/s2026/pgd/joint: valid ASR 0.0462 raw 0.0462 evals 240.1 t 2.2s mismatch 0
[     81s] cnn-s42/DDoS/unb/s42/pgd/joint: valid ASR 0.0100 raw 0.0100 evals 240.1 t 2.3s mismatch 0
[     84s] cnn-s42/DDoS/unb/s2024/pgd/joint: valid ASR 0.0100 raw 0.0100 evals 240.1 t 2.2s mismatch 0
[     86s] cnn-s42/DDoS/unb/s2026/pgd/joint: valid ASR 0.0100 raw 0.0100 evals 240.1 t 2.2s mismatch 0
[     88s] cnn-s42/Recon/p75/s42/pgd/joint: valid ASR 0.0000 raw 0.0000 evals 31.6 t 2.0s mismatch 0
[     90s] cnn-s42/Recon/p75/s2024/pgd/joint: valid ASR 0.0000 raw 0.0000 evals 31.6 t 2.1s mismatch 0
[     92s] cnn-s42/Recon/p75/s2026/pgd/joint: valid ASR 0.0000 raw 0.0000 evals 31.6 t 2.2s mismatch 0
[     95s] cnn-s42/Recon/unb/s42/pgd/joint: valid ASR 0.0413 raw 0.0413 evals 31.6 t 2.2s mismatch 0
[     97s] cnn-s42/Recon/unb/s2024/pgd/joint: valid ASR 0.0413 raw 0.0413 evals 31.6 t 2.2s mismatch 0
[     99s] cnn-s42/Recon/unb/s2026/pgd/joint: valid ASR 0.0413 raw 0.0413 evals 31.6 t 2.3s mismatch 0
[    102s] cnn-s42/BruteForce/p75/s42/pgd/joint: valid ASR 0.0000 raw 0.0000 evals 253.0 t 2.4s mismatch 0
[    104s] cnn-s42/BruteForce/p75/s2024/pgd/joint: valid ASR 0.0000 raw 0.0000 evals 253.0 t 2.3s mismatch 0
[    106s] cnn-s42/BruteForce/p75/s2026/pgd/joint: valid ASR 0.0000 raw 0.0000 evals 253.0 t 2.3s mismatch 0
[    109s] cnn-s42/BruteForce/unb/s42/pgd/joint: valid ASR 1.0000 raw 1.0000 evals 253.0 t 2.2s mismatch 0
[    111s] cnn-s42/BruteForce/unb/s2024/pgd/joint: valid ASR 1.0000 raw 1.0000 evals 253.0 t 2.3s mismatch 0
[    113s] cnn-s42/BruteForce/unb/s2026/pgd/joint: valid ASR 1.0000 raw 1.0000 evals 253.0 t 2.3s mismatch 0
C:\Users\user6\.local\share\mamba\envs\thesis\Lib\site-packages\torch\autograd\graph.py:825: UserWarning: Memory Efficient attention defaults to a non-deterministic algorithm. To explicitly enable determinism call torch.use_deterministic_algorithms(True, warn_only=False). (Triggered internally at C:\actions-runner\_work\pytorch\pytorch\builder\windows\pytorch\aten\src\ATen\native\transformers\cuda\attention_backward.cu:657.)
  return Variable._execution_engine.run_backward(  # Calls into the C++ engine to run the backward pass
[    126s] ft_transformer-s42/DoS/p75/s42/pgd/joint: valid ASR 0.0000 raw 0.0000 evals 235.0 t 12.7s mismatch 0
[    139s] ft_transformer-s42/DoS/p75/s2024/pgd/joint: valid ASR 0.0000 raw 0.0000 evals 235.0 t 12.7s mismatch 0
[    152s] ft_transformer-s42/DoS/p75/s2026/pgd/joint: valid ASR 0.0000 raw 0.0000 evals 235.0 t 12.6s mismatch 0
[    164s] ft_transformer-s42/DoS/unb/s42/pgd/joint: valid ASR 0.0000 raw 0.0000 evals 235.0 t 12.4s mismatch 0
[    176s] ft_transformer-s42/DoS/unb/s2024/pgd/joint: valid ASR 0.0000 raw 0.0000 evals 235.0 t 12.3s mismatch 0
[    189s] ft_transformer-s42/DoS/unb/s2026/pgd/joint: valid ASR 0.0000 raw 0.0000 evals 235.0 t 12.7s mismatch 0
[    202s] ft_transformer-s42/DDoS/p75/s42/pgd/joint: valid ASR 0.0000 raw 0.0000 evals 240.1 t 13.0s mismatch 0
[    215s] ft_transformer-s42/DDoS/p75/s2024/pgd/joint: valid ASR 0.0000 raw 0.0000 evals 240.1 t 12.6s mismatch 0
[    228s] ft_transformer-s42/DDoS/p75/s2026/pgd/joint: valid ASR 0.0000 raw 0.0000 evals 240.1 t 12.5s mismatch 0
[    240s] ft_transformer-s42/DDoS/unb/s42/pgd/joint: valid ASR 0.0000 raw 0.0000 evals 240.1 t 12.8s mismatch 0
[    253s] ft_transformer-s42/DDoS/unb/s2024/pgd/joint: valid ASR 0.0000 raw 0.0000 evals 240.1 t 13.0s mismatch 0
[    267s] ft_transformer-s42/DDoS/unb/s2026/pgd/joint: valid ASR 0.0000 raw 0.0000 evals 240.1 t 13.1s mismatch 0
[    270s] ft_transformer-s42/Recon/p75/s42/pgd/joint: valid ASR 0.0000 raw 0.0000 evals 31.6 t 2.9s mismatch 0
[    272s] ft_transformer-s42/Recon/p75/s2024/pgd/joint: valid ASR 0.0000 raw 0.0000 evals 31.6 t 2.9s mismatch 0
[    275s] ft_transformer-s42/Recon/p75/s2026/pgd/joint: valid ASR 0.0000 raw 0.0000 evals 31.6 t 2.9s mismatch 0
[    278s] ft_transformer-s42/Recon/unb/s42/pgd/joint: valid ASR 0.0050 raw 0.0050 evals 31.6 t 2.9s mismatch 0
[    281s] ft_transformer-s42/Recon/unb/s2024/pgd/joint: valid ASR 0.0050 raw 0.0050 evals 31.6 t 2.8s mismatch 0
[    284s] ft_transformer-s42/Recon/unb/s2026/pgd/joint: valid ASR 0.0050 raw 0.0050 evals 31.6 t 2.9s mismatch 0
[    298s] ft_transformer-s42/BruteForce/p75/s42/pgd/joint: valid ASR 0.0000 raw 0.0000 evals 253.0 t 13.3s mismatch 0
[    311s] ft_transformer-s42/BruteForce/p75/s2024/pgd/joint: valid ASR 0.0000 raw 0.0000 evals 253.0 t 13.5s mismatch 0
[    325s] ft_transformer-s42/BruteForce/p75/s2026/pgd/joint: valid ASR 0.0000 raw 0.0000 evals 253.0 t 13.5s mismatch 0
[    338s] ft_transformer-s42/BruteForce/unb/s42/pgd/joint: valid ASR 0.0000 raw 0.0000 evals 253.0 t 13.3s mismatch 0
[    351s] ft_transformer-s42/BruteForce/unb/s2024/pgd/joint: valid ASR 0.0000 raw 0.0000 evals 253.0 t 13.2s mismatch 0
[    365s] ft_transformer-s42/BruteForce/unb/s2026/pgd/joint: valid ASR 0.0000 raw 0.0000 evals 253.0 t 13.6s mismatch 0
[done] 72 cells in 365s -> E:\Shameem\thesis\FINAL_OUTPUTS\runs\cicids2018_distrinet\primattack_untargeted
