
# 2026-09-26 19:27:14 C:\Users\user6\.local\share\mamba\envs\thesis\python.exe scripts/run_primattack_optimizer_ablation.py --dataset cicids2018 --device cuda --selection-from E:\Shameem\thesis\FINAL_OUTPUTS\runs\cicids2018_distrinet\baselines_untargeted\selection.json --split test --seeds 42,2024,2026 --objective untargeted --victims mlp-s42,cnn-s42,ft_transformer-s42 --classes DoS,DDoS,Recon,BruteForce --budgets maximum-evaluated --methods pgd --modes timing-only,padding-only --eval-budget 256 --hybrid-steps 40 --hybrid-lr 0.1 --pgd-restarts 3 --pgd-step 0.05 --pgd-momentum 0.75 --cw-stages 3 --cw-lr 0.5 --cw-c 1.0 --cw-kappa 0.0 --output-dir E:\Shameem\thesis\FINAL_OUTPUTS\runs\cicids2018_distrinet\primattack_untargeted_modes --resume
[      3s] mlp-s42/DoS/p75/s42/pgd/timing-only: valid ASR 0.0000 raw 0.0000 evals 235.0 t 2.7s mismatch 0
[      5s] mlp-s42/DoS/p75/s2024/pgd/timing-only: valid ASR 0.0000 raw 0.0000 evals 235.0 t 2.5s mismatch 0
[      8s] mlp-s42/DoS/p75/s2026/pgd/timing-only: valid ASR 0.0000 raw 0.0000 evals 235.0 t 2.7s mismatch 0
[      8s] mlp-s42/DoS/p75/s42/pgd/padding-only: valid ASR 0.0000 raw 0.0000 evals 1.0 t 0.0s mismatch 0
[      8s] mlp-s42/DoS/p75/s2024/pgd/padding-only: valid ASR 0.0000 raw 0.0000 evals 1.0 t 0.0s mismatch 0
[      8s] mlp-s42/DoS/p75/s2026/pgd/padding-only: valid ASR 0.0000 raw 0.0000 evals 1.0 t 0.0s mismatch 0
[     11s] mlp-s42/DDoS/p75/s42/pgd/timing-only: valid ASR 0.0750 raw 0.0750 evals 240.1 t 2.7s mismatch 0
[     13s] mlp-s42/DDoS/p75/s2024/pgd/timing-only: valid ASR 0.0750 raw 0.0750 evals 240.1 t 2.6s mismatch 0
[     16s] mlp-s42/DDoS/p75/s2026/pgd/timing-only: valid ASR 0.0750 raw 0.0750 evals 240.1 t 2.5s mismatch 0
[     16s] mlp-s42/DDoS/p75/s42/pgd/padding-only: valid ASR 0.0000 raw 0.0000 evals 1.0 t 0.0s mismatch 0
[     16s] mlp-s42/DDoS/p75/s2024/pgd/padding-only: valid ASR 0.0000 raw 0.0000 evals 1.0 t 0.0s mismatch 0
[     16s] mlp-s42/DDoS/p75/s2026/pgd/padding-only: valid ASR 0.0000 raw 0.0000 evals 1.0 t 0.0s mismatch 0
[     18s] mlp-s42/Recon/p75/s42/pgd/timing-only: valid ASR 0.0262 raw 0.0262 evals 29.0 t 2.2s mismatch 0
[     21s] mlp-s42/Recon/p75/s2024/pgd/timing-only: valid ASR 0.0262 raw 0.0262 evals 29.0 t 2.2s mismatch 0
[     23s] mlp-s42/Recon/p75/s2026/pgd/timing-only: valid ASR 0.0262 raw 0.0262 evals 29.0 t 2.4s mismatch 0
[     25s] mlp-s42/Recon/p75/s42/pgd/padding-only: valid ASR 0.0000 raw 0.0000 evals 3.5 t 2.0s mismatch 0
[     27s] mlp-s42/Recon/p75/s2024/pgd/padding-only: valid ASR 0.0000 raw 0.0000 evals 3.5 t 2.1s mismatch 0
[     29s] mlp-s42/Recon/p75/s2026/pgd/padding-only: valid ASR 0.0000 raw 0.0000 evals 3.5 t 2.2s mismatch 0
[     32s] mlp-s42/BruteForce/p75/s42/pgd/timing-only: valid ASR 0.0000 raw 0.0000 evals 253.0 t 2.4s mismatch 0
[     35s] mlp-s42/BruteForce/p75/s2024/pgd/timing-only: valid ASR 0.0000 raw 0.0000 evals 253.0 t 2.6s mismatch 0
[     37s] mlp-s42/BruteForce/p75/s2026/pgd/timing-only: valid ASR 0.0000 raw 0.0000 evals 253.0 t 2.3s mismatch 0
[     37s] mlp-s42/BruteForce/p75/s42/pgd/padding-only: valid ASR 0.0000 raw 0.0000 evals 1.0 t 0.0s mismatch 0
[     37s] mlp-s42/BruteForce/p75/s2024/pgd/padding-only: valid ASR 0.0000 raw 0.0000 evals 1.0 t 0.0s mismatch 0
[     37s] mlp-s42/BruteForce/p75/s2026/pgd/padding-only: valid ASR 0.0000 raw 0.0000 evals 1.0 t 0.0s mismatch 0
C:\Users\user6\.local\share\mamba\envs\thesis\Lib\site-packages\torch\autograd\graph.py:825: UserWarning: adaptive_max_pool2d_backward_cuda does not have a deterministic implementation, but you set 'torch.use_deterministic_algorithms(True, warn_only=True)'. You can file an issue at https://github.com/pytorch/pytorch/issues to help us prioritize adding deterministic support for this operation. (Triggered internally at C:\actions-runner\_work\pytorch\pytorch\builder\windows\pytorch\aten\src\ATen\Context.cpp:95.)
  return Variable._execution_engine.run_backward(  # Calls into the C++ engine to run the backward pass
[     40s] cnn-s42/DoS/p75/s42/pgd/timing-only: valid ASR 0.0000 raw 0.0000 evals 234.7 t 2.6s mismatch 0
[     42s] cnn-s42/DoS/p75/s2024/pgd/timing-only: valid ASR 0.0000 raw 0.0000 evals 234.7 t 2.1s mismatch 0
[     44s] cnn-s42/DoS/p75/s2026/pgd/timing-only: valid ASR 0.0000 raw 0.0000 evals 234.7 t 2.3s mismatch 0
[     44s] cnn-s42/DoS/p75/s42/pgd/padding-only: valid ASR 0.0000 raw 0.0000 evals 1.0 t 0.0s mismatch 0
[     44s] cnn-s42/DoS/p75/s2024/pgd/padding-only: valid ASR 0.0000 raw 0.0000 evals 1.0 t 0.0s mismatch 0
[     44s] cnn-s42/DoS/p75/s2026/pgd/padding-only: valid ASR 0.0000 raw 0.0000 evals 1.0 t 0.0s mismatch 0
[     46s] cnn-s42/DDoS/p75/s42/pgd/timing-only: valid ASR 0.0462 raw 0.0462 evals 240.1 t 2.2s mismatch 0
[     49s] cnn-s42/DDoS/p75/s2024/pgd/timing-only: valid ASR 0.0462 raw 0.0462 evals 240.1 t 2.3s mismatch 0
[     51s] cnn-s42/DDoS/p75/s2026/pgd/timing-only: valid ASR 0.0462 raw 0.0462 evals 240.1 t 2.3s mismatch 0
[     51s] cnn-s42/DDoS/p75/s42/pgd/padding-only: valid ASR 0.0000 raw 0.0000 evals 1.0 t 0.0s mismatch 0
[     51s] cnn-s42/DDoS/p75/s2024/pgd/padding-only: valid ASR 0.0000 raw 0.0000 evals 1.0 t 0.0s mismatch 0
[     51s] cnn-s42/DDoS/p75/s2026/pgd/padding-only: valid ASR 0.0000 raw 0.0000 evals 1.0 t 0.0s mismatch 0
[     53s] cnn-s42/Recon/p75/s42/pgd/timing-only: valid ASR 0.0000 raw 0.0000 evals 29.0 t 2.1s mismatch 0
[     55s] cnn-s42/Recon/p75/s2024/pgd/timing-only: valid ASR 0.0000 raw 0.0000 evals 29.0 t 2.0s mismatch 0
[     58s] cnn-s42/Recon/p75/s2026/pgd/timing-only: valid ASR 0.0000 raw 0.0000 evals 29.0 t 2.1s mismatch 0
[     59s] cnn-s42/Recon/p75/s42/pgd/padding-only: valid ASR 0.0000 raw 0.0000 evals 3.5 t 1.9s mismatch 0
[     61s] cnn-s42/Recon/p75/s2024/pgd/padding-only: valid ASR 0.0000 raw 0.0000 evals 3.5 t 2.0s mismatch 0
[     63s] cnn-s42/Recon/p75/s2026/pgd/padding-only: valid ASR 0.0000 raw 0.0000 evals 3.5 t 2.0s mismatch 0
[     66s] cnn-s42/BruteForce/p75/s42/pgd/timing-only: valid ASR 0.0000 raw 0.0000 evals 253.0 t 2.5s mismatch 0
[     68s] cnn-s42/BruteForce/p75/s2024/pgd/timing-only: valid ASR 0.0000 raw 0.0000 evals 253.0 t 2.2s mismatch 0
[     70s] cnn-s42/BruteForce/p75/s2026/pgd/timing-only: valid ASR 0.0000 raw 0.0000 evals 253.0 t 2.2s mismatch 0
[     71s] cnn-s42/BruteForce/p75/s42/pgd/padding-only: valid ASR 0.0000 raw 0.0000 evals 1.0 t 0.0s mismatch 0
[     71s] cnn-s42/BruteForce/p75/s2024/pgd/padding-only: valid ASR 0.0000 raw 0.0000 evals 1.0 t 0.0s mismatch 0
[     71s] cnn-s42/BruteForce/p75/s2026/pgd/padding-only: valid ASR 0.0000 raw 0.0000 evals 1.0 t 0.0s mismatch 0
C:\Users\user6\.local\share\mamba\envs\thesis\Lib\site-packages\torch\autograd\graph.py:825: UserWarning: Memory Efficient attention defaults to a non-deterministic algorithm. To explicitly enable determinism call torch.use_deterministic_algorithms(True, warn_only=False). (Triggered internally at C:\actions-runner\_work\pytorch\pytorch\builder\windows\pytorch\aten\src\ATen\native\transformers\cuda\attention_backward.cu:657.)
  return Variable._execution_engine.run_backward(  # Calls into the C++ engine to run the backward pass
[     83s] ft_transformer-s42/DoS/p75/s42/pgd/timing-only: valid ASR 0.0000 raw 0.0000 evals 235.0 t 12.6s mismatch 0
[     96s] ft_transformer-s42/DoS/p75/s2024/pgd/timing-only: valid ASR 0.0000 raw 0.0000 evals 235.0 t 12.7s mismatch 0
[    109s] ft_transformer-s42/DoS/p75/s2026/pgd/timing-only: valid ASR 0.0000 raw 0.0000 evals 235.0 t 12.7s mismatch 0
[    109s] ft_transformer-s42/DoS/p75/s42/pgd/padding-only: valid ASR 0.0000 raw 0.0000 evals 1.0 t 0.0s mismatch 0
[    109s] ft_transformer-s42/DoS/p75/s2024/pgd/padding-only: valid ASR 0.0000 raw 0.0000 evals 1.0 t 0.0s mismatch 0
[    109s] ft_transformer-s42/DoS/p75/s2026/pgd/padding-only: valid ASR 0.0000 raw 0.0000 evals 1.0 t 0.0s mismatch 0
[    122s] ft_transformer-s42/DDoS/p75/s42/pgd/timing-only: valid ASR 0.0000 raw 0.0000 evals 240.1 t 12.5s mismatch 0
[    134s] ft_transformer-s42/DDoS/p75/s2024/pgd/timing-only: valid ASR 0.0000 raw 0.0000 evals 240.1 t 12.5s mismatch 0
[    147s] ft_transformer-s42/DDoS/p75/s2026/pgd/timing-only: valid ASR 0.0000 raw 0.0000 evals 240.1 t 12.8s mismatch 0
[    147s] ft_transformer-s42/DDoS/p75/s42/pgd/padding-only: valid ASR 0.0000 raw 0.0000 evals 1.0 t 0.0s mismatch 0
[    147s] ft_transformer-s42/DDoS/p75/s2024/pgd/padding-only: valid ASR 0.0000 raw 0.0000 evals 1.0 t 0.0s mismatch 0
[    147s] ft_transformer-s42/DDoS/p75/s2026/pgd/padding-only: valid ASR 0.0000 raw 0.0000 evals 1.0 t 0.0s mismatch 0
[    150s] ft_transformer-s42/Recon/p75/s42/pgd/timing-only: valid ASR 0.0000 raw 0.0000 evals 29.0 t 3.1s mismatch 0
[    153s] ft_transformer-s42/Recon/p75/s2024/pgd/timing-only: valid ASR 0.0000 raw 0.0000 evals 29.0 t 2.7s mismatch 0
[    156s] ft_transformer-s42/Recon/p75/s2026/pgd/timing-only: valid ASR 0.0000 raw 0.0000 evals 29.0 t 2.8s mismatch 0
[    159s] ft_transformer-s42/Recon/p75/s42/pgd/padding-only: valid ASR 0.0000 raw 0.0000 evals 3.5 t 2.4s mismatch 0
[    161s] ft_transformer-s42/Recon/p75/s2024/pgd/padding-only: valid ASR 0.0000 raw 0.0000 evals 3.5 t 2.3s mismatch 0
[    163s] ft_transformer-s42/Recon/p75/s2026/pgd/padding-only: valid ASR 0.0000 raw 0.0000 evals 3.5 t 2.4s mismatch 0
[    177s] ft_transformer-s42/BruteForce/p75/s42/pgd/timing-only: valid ASR 0.0000 raw 0.0000 evals 253.0 t 13.4s mismatch 0
[    190s] ft_transformer-s42/BruteForce/p75/s2024/pgd/timing-only: valid ASR 0.0000 raw 0.0000 evals 253.0 t 13.3s mismatch 0
[    204s] ft_transformer-s42/BruteForce/p75/s2026/pgd/timing-only: valid ASR 0.0000 raw 0.0000 evals 253.0 t 13.3s mismatch 0
[    204s] ft_transformer-s42/BruteForce/p75/s42/pgd/padding-only: valid ASR 0.0000 raw 0.0000 evals 1.0 t 0.0s mismatch 0
[    204s] ft_transformer-s42/BruteForce/p75/s2024/pgd/padding-only: valid ASR 0.0000 raw 0.0000 evals 1.0 t 0.0s mismatch 0
[    204s] ft_transformer-s42/BruteForce/p75/s2026/pgd/padding-only: valid ASR 0.0000 raw 0.0000 evals 1.0 t 0.0s mismatch 0
[done] 72 cells in 204s -> E:\Shameem\thesis\FINAL_OUTPUTS\runs\cicids2018_distrinet\primattack_untargeted_modes
