
# 2026-09-26 14:01:16 C:\Users\user6\.local\share\mamba\envs\thesis\python.exe scripts/run_primattack_optimizer_ablation.py --dataset cicids2018 --device cuda --selection-from E:\Shameem\thesis\FINAL_OUTPUTS\runs\cicids2018_distrinet\baselines_untargeted\selection.json --split test --seeds 42,2024,2026 --objective targeted --victims mlp-s42,cnn-s42,ft_transformer-s42 --classes DoS,DDoS,Recon,BruteForce --budgets intermediate,unbounded --methods hybrid,pgd --eval-budget 256 --hybrid-steps 40 --hybrid-lr 0.1 --pgd-restarts 3 --pgd-step 0.05 --pgd-momentum 0.75 --cw-stages 3 --cw-lr 0.5 --cw-c 1.0 --cw-kappa 0.0 --output-dir E:\Shameem\thesis\FINAL_OUTPUTS\runs\cicids2018_distrinet\primattack_targeted_budgets --resume
[      3s] mlp-s42/DoS/p50/s42/hybrid: valid ASR 0.0000 raw 0.0000 evals 241.2 t 2.7s mismatch 0
[      5s] mlp-s42/DoS/p50/s42/pgd: valid ASR 0.0000 raw 0.0000 evals 252.4 t 2.3s mismatch 0
[      8s] mlp-s42/DoS/p50/s2024/hybrid: valid ASR 0.0000 raw 0.0000 evals 241.2 t 2.5s mismatch 0
[     10s] mlp-s42/DoS/p50/s2024/pgd: valid ASR 0.0000 raw 0.0000 evals 252.4 t 2.5s mismatch 0
[     13s] mlp-s42/DoS/p50/s2026/hybrid: valid ASR 0.0000 raw 0.0000 evals 241.2 t 2.6s mismatch 0
[     16s] mlp-s42/DoS/p50/s2026/pgd: valid ASR 0.0000 raw 0.0000 evals 252.4 t 2.9s mismatch 0
[     19s] mlp-s42/DoS/unb/s42/hybrid: valid ASR 0.0000 raw 0.0000 evals 241.2 t 3.3s mismatch 0
[     22s] mlp-s42/DoS/unb/s42/pgd: valid ASR 0.0000 raw 0.0000 evals 252.4 t 3.3s mismatch 0
[     26s] mlp-s42/DoS/unb/s2024/hybrid: valid ASR 0.0000 raw 0.0000 evals 241.2 t 3.4s mismatch 0
[     29s] mlp-s42/DoS/unb/s2024/pgd: valid ASR 0.0000 raw 0.0000 evals 252.4 t 3.1s mismatch 0
[     32s] mlp-s42/DoS/unb/s2026/hybrid: valid ASR 0.0000 raw 0.0000 evals 241.2 t 3.4s mismatch 0
[     36s] mlp-s42/DoS/unb/s2026/pgd: valid ASR 0.0000 raw 0.0000 evals 252.4 t 3.4s mismatch 0
[     39s] mlp-s42/DDoS/p50/s42/hybrid: valid ASR 0.0000 raw 0.0013 evals 245.5 t 2.9s mismatch 0
[     42s] mlp-s42/DDoS/p50/s42/pgd: valid ASR 0.0013 raw 0.0013 evals 252.7 t 3.2s mismatch 0
[     45s] mlp-s42/DDoS/p50/s2024/hybrid: valid ASR 0.0013 raw 0.0013 evals 245.5 t 2.7s mismatch 0
[     48s] mlp-s42/DDoS/p50/s2024/pgd: valid ASR 0.0013 raw 0.0013 evals 252.7 t 2.9s mismatch 0
[     50s] mlp-s42/DDoS/p50/s2026/hybrid: valid ASR 0.0000 raw 0.0013 evals 245.5 t 2.6s mismatch 0
[     53s] mlp-s42/DDoS/p50/s2026/pgd: valid ASR 0.0013 raw 0.0013 evals 252.7 t 3.1s mismatch 0
[     56s] mlp-s42/DDoS/unb/s42/hybrid: valid ASR 0.0150 raw 0.0163 evals 245.5 t 2.6s mismatch 0
[     59s] mlp-s42/DDoS/unb/s42/pgd: valid ASR 0.0200 raw 0.0200 evals 252.7 t 2.9s mismatch 0
[     62s] mlp-s42/DDoS/unb/s2024/hybrid: valid ASR 0.0125 raw 0.0138 evals 245.5 t 2.7s mismatch 0
[     65s] mlp-s42/DDoS/unb/s2024/pgd: valid ASR 0.0200 raw 0.0200 evals 252.7 t 3.1s mismatch 0
[     67s] mlp-s42/DDoS/unb/s2026/hybrid: valid ASR 0.0100 raw 0.0125 evals 245.5 t 2.5s mismatch 0
[     70s] mlp-s42/DDoS/unb/s2026/pgd: valid ASR 0.0200 raw 0.0200 evals 252.7 t 2.6s mismatch 0
[     72s] mlp-s42/Recon/p50/s42/hybrid: valid ASR 0.0063 raw 0.0425 evals 29.3 t 2.3s mismatch 0
[     75s] mlp-s42/Recon/p50/s42/pgd: valid ASR 0.0025 raw 0.0425 evals 31.6 t 2.3s mismatch 0
[     77s] mlp-s42/Recon/p50/s2024/hybrid: valid ASR 0.0063 raw 0.0425 evals 29.3 t 2.3s mismatch 0
[     79s] mlp-s42/Recon/p50/s2024/pgd: valid ASR 0.0025 raw 0.0425 evals 31.6 t 2.3s mismatch 0
[     82s] mlp-s42/Recon/p50/s2026/hybrid: valid ASR 0.0063 raw 0.0425 evals 29.3 t 2.6s mismatch 0
[     84s] mlp-s42/Recon/p50/s2026/pgd: valid ASR 0.0025 raw 0.0425 evals 31.6 t 2.3s mismatch 0
[     87s] mlp-s42/Recon/unb/s42/hybrid: valid ASR 0.0437 raw 0.0638 evals 29.3 t 2.9s mismatch 0
[     90s] mlp-s42/Recon/unb/s42/pgd: valid ASR 0.0387 raw 0.0638 evals 31.6 t 2.9s mismatch 0
[     93s] mlp-s42/Recon/unb/s2024/hybrid: valid ASR 0.0437 raw 0.0638 evals 29.3 t 2.6s mismatch 0
[     95s] mlp-s42/Recon/unb/s2024/pgd: valid ASR 0.0400 raw 0.0638 evals 31.6 t 2.3s mismatch 0
[     97s] mlp-s42/Recon/unb/s2026/hybrid: valid ASR 0.0425 raw 0.0638 evals 29.3 t 2.3s mismatch 0
[    100s] mlp-s42/Recon/unb/s2026/pgd: valid ASR 0.0425 raw 0.0638 evals 31.6 t 2.3s mismatch 0
[    102s] mlp-s42/BruteForce/p50/s42/hybrid: valid ASR 0.0000 raw 0.0000 evals 255.5 t 2.5s mismatch 0
[    105s] mlp-s42/BruteForce/p50/s42/pgd: valid ASR 0.0000 raw 0.0000 evals 253.0 t 2.4s mismatch 0
[    107s] mlp-s42/BruteForce/p50/s2024/hybrid: valid ASR 0.0000 raw 0.0000 evals 255.5 t 2.5s mismatch 0
[    110s] mlp-s42/BruteForce/p50/s2024/pgd: valid ASR 0.0000 raw 0.0000 evals 253.0 t 2.4s mismatch 0
[    112s] mlp-s42/BruteForce/p50/s2026/hybrid: valid ASR 0.0000 raw 0.0000 evals 255.5 t 2.5s mismatch 0
[    115s] mlp-s42/BruteForce/p50/s2026/pgd: valid ASR 0.0000 raw 0.0000 evals 253.0 t 2.4s mismatch 0
[    117s] mlp-s42/BruteForce/unb/s42/hybrid: valid ASR 0.9062 raw 0.9062 evals 255.5 t 2.7s mismatch 0
[    120s] mlp-s42/BruteForce/unb/s42/pgd: valid ASR 0.9062 raw 0.9062 evals 253.0 t 2.7s mismatch 0
[    123s] mlp-s42/BruteForce/unb/s2024/hybrid: valid ASR 0.9062 raw 0.9062 evals 255.5 t 2.8s mismatch 0
[    125s] mlp-s42/BruteForce/unb/s2024/pgd: valid ASR 0.9062 raw 0.9062 evals 253.0 t 2.6s mismatch 0
[    128s] mlp-s42/BruteForce/unb/s2026/hybrid: valid ASR 0.9062 raw 0.9062 evals 255.5 t 2.8s mismatch 0
[    131s] mlp-s42/BruteForce/unb/s2026/pgd: valid ASR 0.9062 raw 0.9062 evals 253.0 t 2.7s mismatch 0
C:\Users\user6\.local\share\mamba\envs\thesis\Lib\site-packages\torch\autograd\graph.py:825: UserWarning: adaptive_max_pool2d_backward_cuda does not have a deterministic implementation, but you set 'torch.use_deterministic_algorithms(True, warn_only=True)'. You can file an issue at https://github.com/pytorch/pytorch/issues to help us prioritize adding deterministic support for this operation. (Triggered internally at C:\actions-runner\_work\pytorch\pytorch\builder\windows\pytorch\aten\src\ATen\Context.cpp:95.)
  return Variable._execution_engine.run_backward(  # Calls into the C++ engine to run the backward pass
[    134s] cnn-s42/DoS/p50/s42/hybrid: valid ASR 0.0000 raw 0.0000 evals 240.9 t 3.0s mismatch 0
[    137s] cnn-s42/DoS/p50/s42/pgd: valid ASR 0.0000 raw 0.0000 evals 252.4 t 2.5s mismatch 0
[    139s] cnn-s42/DoS/p50/s2024/hybrid: valid ASR 0.0000 raw 0.0000 evals 240.9 t 2.5s mismatch 0
[    142s] cnn-s42/DoS/p50/s2024/pgd: valid ASR 0.0000 raw 0.0000 evals 252.4 t 2.5s mismatch 0
[    144s] cnn-s42/DoS/p50/s2026/hybrid: valid ASR 0.0000 raw 0.0000 evals 240.9 t 2.6s mismatch 0
[    147s] cnn-s42/DoS/p50/s2026/pgd: valid ASR 0.0000 raw 0.0000 evals 252.4 t 2.4s mismatch 0
[    149s] cnn-s42/DoS/unb/s42/hybrid: valid ASR 0.0000 raw 0.0000 evals 240.9 t 2.6s mismatch 0
[    152s] cnn-s42/DoS/unb/s42/pgd: valid ASR 0.0000 raw 0.0000 evals 252.4 t 2.4s mismatch 0
[    154s] cnn-s42/DoS/unb/s2024/hybrid: valid ASR 0.0000 raw 0.0000 evals 240.9 t 2.6s mismatch 0
[    157s] cnn-s42/DoS/unb/s2024/pgd: valid ASR 0.0000 raw 0.0000 evals 252.4 t 2.3s mismatch 0
[    159s] cnn-s42/DoS/unb/s2026/hybrid: valid ASR 0.0000 raw 0.0000 evals 240.9 t 2.6s mismatch 0
[    162s] cnn-s42/DoS/unb/s2026/pgd: valid ASR 0.0000 raw 0.0000 evals 252.4 t 2.4s mismatch 0
[    164s] cnn-s42/DDoS/p50/s42/hybrid: valid ASR 0.0000 raw 0.5212 evals 245.5 t 2.2s mismatch 0
[    166s] cnn-s42/DDoS/p50/s42/pgd: valid ASR 0.0000 raw 0.5162 evals 252.7 t 2.5s mismatch 0
[    169s] cnn-s42/DDoS/p50/s2024/hybrid: valid ASR 0.0000 raw 0.5225 evals 245.5 t 2.2s mismatch 0
[    171s] cnn-s42/DDoS/p50/s2024/pgd: valid ASR 0.0000 raw 0.5200 evals 252.7 t 2.4s mismatch 0
[    173s] cnn-s42/DDoS/p50/s2026/hybrid: valid ASR 0.0000 raw 0.5225 evals 245.5 t 2.2s mismatch 0
[    176s] cnn-s42/DDoS/p50/s2026/pgd: valid ASR 0.0000 raw 0.5162 evals 252.7 t 2.4s mismatch 0
[    178s] cnn-s42/DDoS/unb/s42/hybrid: valid ASR 0.0000 raw 0.7712 evals 245.5 t 2.2s mismatch 0
[    180s] cnn-s42/DDoS/unb/s42/pgd: valid ASR 0.0000 raw 0.7700 evals 252.7 t 2.4s mismatch 0
[    183s] cnn-s42/DDoS/unb/s2024/hybrid: valid ASR 0.0000 raw 0.7700 evals 245.5 t 2.1s mismatch 0
[    185s] cnn-s42/DDoS/unb/s2024/pgd: valid ASR 0.0000 raw 0.7712 evals 252.7 t 2.5s mismatch 0
[    187s] cnn-s42/DDoS/unb/s2026/hybrid: valid ASR 0.0000 raw 0.7700 evals 245.5 t 2.2s mismatch 0
[    190s] cnn-s42/DDoS/unb/s2026/pgd: valid ASR 0.0000 raw 0.7700 evals 252.7 t 2.5s mismatch 0
[    192s] cnn-s42/Recon/p50/s42/hybrid: valid ASR 0.0000 raw 0.0400 evals 29.3 t 2.2s mismatch 0
[    194s] cnn-s42/Recon/p50/s42/pgd: valid ASR 0.0000 raw 0.0400 evals 31.6 t 2.3s mismatch 0
[    197s] cnn-s42/Recon/p50/s2024/hybrid: valid ASR 0.0000 raw 0.0400 evals 29.3 t 2.3s mismatch 0
[    199s] cnn-s42/Recon/p50/s2024/pgd: valid ASR 0.0000 raw 0.0400 evals 31.6 t 2.1s mismatch 0
[    201s] cnn-s42/Recon/p50/s2026/hybrid: valid ASR 0.0000 raw 0.0400 evals 29.3 t 2.2s mismatch 0
[    203s] cnn-s42/Recon/p50/s2026/pgd: valid ASR 0.0000 raw 0.0400 evals 31.6 t 2.2s mismatch 0
[    206s] cnn-s42/Recon/unb/s42/hybrid: valid ASR 0.0175 raw 0.0638 evals 29.3 t 2.3s mismatch 0
[    208s] cnn-s42/Recon/unb/s42/pgd: valid ASR 0.0250 raw 0.0638 evals 31.6 t 2.3s mismatch 0
[    210s] cnn-s42/Recon/unb/s2024/hybrid: valid ASR 0.0175 raw 0.0638 evals 29.3 t 2.2s mismatch 0
[    212s] cnn-s42/Recon/unb/s2024/pgd: valid ASR 0.0250 raw 0.0638 evals 31.6 t 2.3s mismatch 0
[    215s] cnn-s42/Recon/unb/s2026/hybrid: valid ASR 0.0175 raw 0.0638 evals 29.3 t 2.2s mismatch 0
[    217s] cnn-s42/Recon/unb/s2026/pgd: valid ASR 0.0250 raw 0.0638 evals 31.6 t 2.2s mismatch 0
[    219s] cnn-s42/BruteForce/p50/s42/hybrid: valid ASR 0.0000 raw 0.0000 evals 255.5 t 2.5s mismatch 0
[    222s] cnn-s42/BruteForce/p50/s42/pgd: valid ASR 0.0000 raw 0.0000 evals 253.0 t 2.4s mismatch 0
[    224s] cnn-s42/BruteForce/p50/s2024/hybrid: valid ASR 0.0000 raw 0.0000 evals 255.5 t 2.4s mismatch 0
[    227s] cnn-s42/BruteForce/p50/s2024/pgd: valid ASR 0.0000 raw 0.0000 evals 253.0 t 2.4s mismatch 0
[    229s] cnn-s42/BruteForce/p50/s2026/hybrid: valid ASR 0.0000 raw 0.0000 evals 255.5 t 2.5s mismatch 0
[    232s] cnn-s42/BruteForce/p50/s2026/pgd: valid ASR 0.0000 raw 0.0000 evals 253.0 t 2.4s mismatch 0
[    234s] cnn-s42/BruteForce/unb/s42/hybrid: valid ASR 0.8888 raw 1.0000 evals 255.5 t 2.6s mismatch 0
[    237s] cnn-s42/BruteForce/unb/s42/pgd: valid ASR 0.9788 raw 1.0000 evals 253.0 t 2.4s mismatch 0
[    239s] cnn-s42/BruteForce/unb/s2024/hybrid: valid ASR 0.8950 raw 1.0000 evals 255.5 t 2.5s mismatch 0
[    242s] cnn-s42/BruteForce/unb/s2024/pgd: valid ASR 0.9812 raw 1.0000 evals 253.0 t 2.4s mismatch 0
[    244s] cnn-s42/BruteForce/unb/s2026/hybrid: valid ASR 0.8850 raw 1.0000 evals 255.5 t 2.6s mismatch 0
[    247s] cnn-s42/BruteForce/unb/s2026/pgd: valid ASR 0.9775 raw 1.0000 evals 253.0 t 2.4s mismatch 0
C:\Users\user6\.local\share\mamba\envs\thesis\Lib\site-packages\torch\autograd\graph.py:825: UserWarning: Memory Efficient attention defaults to a non-deterministic algorithm. To explicitly enable determinism call torch.use_deterministic_algorithms(True, warn_only=False). (Triggered internally at C:\actions-runner\_work\pytorch\pytorch\builder\windows\pytorch\aten\src\ATen\native\transformers\cuda\attention_backward.cu:657.)
  return Variable._execution_engine.run_backward(  # Calls into the C++ engine to run the backward pass
[    259s] ft_transformer-s42/DoS/p50/s42/hybrid: valid ASR 0.0000 raw 0.0000 evals 241.2 t 12.3s mismatch 0
[    273s] ft_transformer-s42/DoS/p50/s42/pgd: valid ASR 0.0000 raw 0.0000 evals 252.4 t 13.9s mismatch 0
[    285s] ft_transformer-s42/DoS/p50/s2024/hybrid: valid ASR 0.0000 raw 0.0000 evals 241.2 t 12.1s mismatch 0
[    299s] ft_transformer-s42/DoS/p50/s2024/pgd: valid ASR 0.0000 raw 0.0000 evals 252.4 t 13.7s mismatch 0
[    311s] ft_transformer-s42/DoS/p50/s2026/hybrid: valid ASR 0.0000 raw 0.0000 evals 241.2 t 12.0s mismatch 0
[    325s] ft_transformer-s42/DoS/p50/s2026/pgd: valid ASR 0.0000 raw 0.0000 evals 252.4 t 13.7s mismatch 0
[    337s] ft_transformer-s42/DoS/unb/s42/hybrid: valid ASR 0.0000 raw 0.0000 evals 241.2 t 11.9s mismatch 0
[    351s] ft_transformer-s42/DoS/unb/s42/pgd: valid ASR 0.0000 raw 0.0000 evals 252.4 t 13.9s mismatch 0
[    363s] ft_transformer-s42/DoS/unb/s2024/hybrid: valid ASR 0.0000 raw 0.0000 evals 241.2 t 12.3s mismatch 0
[    377s] ft_transformer-s42/DoS/unb/s2024/pgd: valid ASR 0.0000 raw 0.0000 evals 252.4 t 14.0s mismatch 0
[    390s] ft_transformer-s42/DoS/unb/s2026/hybrid: valid ASR 0.0000 raw 0.0000 evals 241.2 t 12.4s mismatch 0
[    404s] ft_transformer-s42/DoS/unb/s2026/pgd: valid ASR 0.0000 raw 0.0000 evals 252.4 t 14.0s mismatch 0
[    416s] ft_transformer-s42/DDoS/p50/s42/hybrid: valid ASR 0.0000 raw 0.0013 evals 245.5 t 11.7s mismatch 0
[    429s] ft_transformer-s42/DDoS/p50/s42/pgd: valid ASR 0.0000 raw 0.0013 evals 252.7 t 13.8s mismatch 0
[    441s] ft_transformer-s42/DDoS/p50/s2024/hybrid: valid ASR 0.0000 raw 0.0013 evals 245.5 t 11.8s mismatch 0
[    455s] ft_transformer-s42/DDoS/p50/s2024/pgd: valid ASR 0.0000 raw 0.0013 evals 252.7 t 13.8s mismatch 0
[    467s] ft_transformer-s42/DDoS/p50/s2026/hybrid: valid ASR 0.0000 raw 0.0013 evals 245.5 t 11.7s mismatch 0
[    481s] ft_transformer-s42/DDoS/p50/s2026/pgd: valid ASR 0.0000 raw 0.0013 evals 252.7 t 13.6s mismatch 0
[    492s] ft_transformer-s42/DDoS/unb/s42/hybrid: valid ASR 0.0000 raw 0.0000 evals 245.5 t 11.7s mismatch 0
[    506s] ft_transformer-s42/DDoS/unb/s42/pgd: valid ASR 0.0000 raw 0.0000 evals 252.7 t 14.0s mismatch 0
[    519s] ft_transformer-s42/DDoS/unb/s2024/hybrid: valid ASR 0.0000 raw 0.0000 evals 245.5 t 12.0s mismatch 0
[    532s] ft_transformer-s42/DDoS/unb/s2024/pgd: valid ASR 0.0000 raw 0.0000 evals 252.7 t 13.8s mismatch 0
[    544s] ft_transformer-s42/DDoS/unb/s2026/hybrid: valid ASR 0.0000 raw 0.0000 evals 245.5 t 11.7s mismatch 0
[    558s] ft_transformer-s42/DDoS/unb/s2026/pgd: valid ASR 0.0000 raw 0.0000 evals 252.7 t 13.7s mismatch 0
[    561s] ft_transformer-s42/Recon/p50/s42/hybrid: valid ASR 0.0000 raw 0.0125 evals 29.3 t 3.0s mismatch 0
[    564s] ft_transformer-s42/Recon/p50/s42/pgd: valid ASR 0.0000 raw 0.0125 evals 31.6 t 3.0s mismatch 0
[    567s] ft_transformer-s42/Recon/p50/s2024/hybrid: valid ASR 0.0000 raw 0.0125 evals 29.3 t 3.0s mismatch 0
[    570s] ft_transformer-s42/Recon/p50/s2024/pgd: valid ASR 0.0000 raw 0.0125 evals 31.6 t 3.1s mismatch 0
[    573s] ft_transformer-s42/Recon/p50/s2026/hybrid: valid ASR 0.0000 raw 0.0125 evals 29.3 t 3.0s mismatch 0
[    577s] ft_transformer-s42/Recon/p50/s2026/pgd: valid ASR 0.0000 raw 0.0125 evals 31.6 t 3.0s mismatch 0
[    580s] ft_transformer-s42/Recon/unb/s42/hybrid: valid ASR 0.0037 raw 0.0312 evals 29.3 t 3.1s mismatch 0
[    583s] ft_transformer-s42/Recon/unb/s42/pgd: valid ASR 0.0037 raw 0.0300 evals 31.6 t 3.1s mismatch 0
[    586s] ft_transformer-s42/Recon/unb/s2024/hybrid: valid ASR 0.0037 raw 0.0312 evals 29.3 t 3.1s mismatch 0
[    589s] ft_transformer-s42/Recon/unb/s2024/pgd: valid ASR 0.0037 raw 0.0312 evals 31.6 t 3.0s mismatch 0
[    592s] ft_transformer-s42/Recon/unb/s2026/hybrid: valid ASR 0.0037 raw 0.0312 evals 29.3 t 3.1s mismatch 0
[    595s] ft_transformer-s42/Recon/unb/s2026/pgd: valid ASR 0.0037 raw 0.0312 evals 31.6 t 3.0s mismatch 0
[    609s] ft_transformer-s42/BruteForce/p50/s42/hybrid: valid ASR 0.0000 raw 0.0000 evals 255.5 t 13.7s mismatch 0
[    623s] ft_transformer-s42/BruteForce/p50/s42/pgd: valid ASR 0.0000 raw 0.0000 evals 253.0 t 14.0s mismatch 0
[    637s] ft_transformer-s42/BruteForce/p50/s2024/hybrid: valid ASR 0.0000 raw 0.0000 evals 255.5 t 14.1s mismatch 0
[    651s] ft_transformer-s42/BruteForce/p50/s2024/pgd: valid ASR 0.0000 raw 0.0000 evals 253.0 t 13.8s mismatch 0
[    665s] ft_transformer-s42/BruteForce/p50/s2026/hybrid: valid ASR 0.0000 raw 0.0000 evals 255.5 t 13.8s mismatch 0
[    679s] ft_transformer-s42/BruteForce/p50/s2026/pgd: valid ASR 0.0000 raw 0.0000 evals 253.0 t 13.7s mismatch 0
[    693s] ft_transformer-s42/BruteForce/unb/s42/hybrid: valid ASR 0.0000 raw 0.0000 evals 255.5 t 13.8s mismatch 0
[    706s] ft_transformer-s42/BruteForce/unb/s42/pgd: valid ASR 0.0000 raw 0.0000 evals 253.0 t 13.7s mismatch 0
[    720s] ft_transformer-s42/BruteForce/unb/s2024/hybrid: valid ASR 0.0000 raw 0.0000 evals 255.5 t 13.7s mismatch 0
[    734s] ft_transformer-s42/BruteForce/unb/s2024/pgd: valid ASR 0.0000 raw 0.0000 evals 253.0 t 13.7s mismatch 0
[    748s] ft_transformer-s42/BruteForce/unb/s2026/hybrid: valid ASR 0.0000 raw 0.0000 evals 255.5 t 14.2s mismatch 0
[    762s] ft_transformer-s42/BruteForce/unb/s2026/pgd: valid ASR 0.0000 raw 0.0000 evals 253.0 t 14.0s mismatch 0
[done] 144 cells in 762s -> E:\Shameem\thesis\FINAL_OUTPUTS\runs\cicids2018_distrinet\primattack_targeted_budgets
