usage: run_primattack_optimizer_ablation.py [-h] [--dataset DATASET]
                                            [--device DEVICE]
                                            [--selection-from SELECTION_FROM]
                                            [--split {test,val}]
                                            [--n-per-class N_PER_CLASS]
                                            [--selection-seed SELECTION_SEED]
                                            [--seeds SEEDS]
                                            [--objective {targeted,untargeted}]
                                            [--match-victim-seed]
                                            [--victims VICTIMS]
                                            [--classes CLASSES]
                                            [--budgets BUDGETS]
                                            [--methods METHODS]
                                            [--modes MODES]
                                            [--eval-budget EVAL_BUDGET]
                                            [--hybrid-steps HYBRID_STEPS]
                                            [--hybrid-lr HYBRID_LR]
                                            [--pgd-restarts PGD_RESTARTS]
                                            [--pgd-step PGD_STEP]
                                            [--pgd-momentum PGD_MOMENTUM]
                                            [--cw-stages CW_STAGES]
                                            [--cw-lr CW_LR] [--cw-c CW_C]
                                            [--cw-kappa CW_KAPPA]
                                            [--limit-rows LIMIT_ROWS]
                                            [--output-dir OUTPUT_DIR]
                                            [--resume]
run_primattack_optimizer_ablation.py: error: argument --dataset: expected one argument
