[      3s] mlp/DoS/p75/s42/hybrid/joint: valid ASR 0.0512 raw 0.0512 evals 250.3 t 3.0s mismatch 0
[      6s] mlp/DoS/p75/s2024/hybrid/joint: valid ASR 0.0512 raw 0.0512 evals 250.3 t 2.5s mismatch 0
[      8s] mlp/DoS/p75/s2026/hybrid/joint: valid ASR 0.0512 raw 0.0512 evals 250.3 t 2.8s mismatch 0
[     11s] mlp/DDoS/p75/s42/hybrid/joint: valid ASR 0.1075 raw 0.1075 evals 244.8 t 2.6s mismatch 0
[     14s] mlp/DDoS/p75/s2024/hybrid/joint: valid ASR 0.1075 raw 0.1075 evals 244.8 t 2.6s mismatch 0
[     16s] mlp/DDoS/p75/s2026/hybrid/joint: valid ASR 0.1075 raw 0.1075 evals 244.8 t 2.6s mismatch 0
[     19s] mlp/Recon/p75/s42/hybrid/joint: valid ASR 0.0000 raw 0.0000 evals 3.9 t 2.3s mismatch 0
[     21s] mlp/Recon/p75/s2024/hybrid/joint: valid ASR 0.0000 raw 0.0000 evals 3.9 t 2.3s mismatch 0
[     24s] mlp/Recon/p75/s2026/hybrid/joint: valid ASR 0.0000 raw 0.0000 evals 3.9 t 2.4s mismatch 0
[     26s] mlp/BruteForce/p75/s42/hybrid/joint: valid ASR 0.0050 raw 0.0050 evals 255.0 t 2.7s mismatch 0
[     29s] mlp/BruteForce/p75/s2024/hybrid/joint: valid ASR 0.0050 raw 0.0050 evals 255.0 t 2.6s mismatch 0
[     32s] mlp/BruteForce/p75/s2026/hybrid/joint: valid ASR 0.0050 raw 0.0050 evals 255.0 t 2.6s mismatch 0
C:\Users\user6\.local\share\mamba\envs\thesis\Lib\site-packages\torch\autograd\graph.py:825: UserWarning: adaptive_max_pool2d_backward_cuda does not have a deterministic implementation, but you set 'torch.use_deterministic_algorithms(True, warn_only=True)'. You can file an issue at https://github.com/pytorch/pytorch/issues to help us prioritize adding deterministic support for this operation. (Triggered internally at C:\actions-runner\_work\pytorch\pytorch\builder\windows\pytorch\aten\src\ATen\Context.cpp:95.)
  return Variable._execution_engine.run_backward(  # Calls into the C++ engine to run the backward pass
[     34s] cnn/DoS/p75/s42/hybrid/joint: valid ASR 0.2050 raw 0.2050 evals 250.6 t 2.7s mismatch 0
[     37s] cnn/DoS/p75/s2024/hybrid/joint: valid ASR 0.2050 raw 0.2050 evals 250.6 t 2.5s mismatch 0
[     39s] cnn/DoS/p75/s2026/hybrid/joint: valid ASR 0.2050 raw 0.2050 evals 250.6 t 2.5s mismatch 0
[     42s] cnn/DDoS/p75/s42/hybrid/joint: valid ASR 0.3212 raw 0.3212 evals 244.8 t 2.5s mismatch 0
[     45s] cnn/DDoS/p75/s2024/hybrid/joint: valid ASR 0.3212 raw 0.3212 evals 244.8 t 2.6s mismatch 0
[     47s] cnn/DDoS/p75/s2026/hybrid/joint: valid ASR 0.3212 raw 0.3212 evals 244.8 t 2.7s mismatch 0
[     50s] cnn/Recon/p75/s42/hybrid/joint: valid ASR 0.0037 raw 0.0037 evals 3.5 t 2.2s mismatch 0
[     52s] cnn/Recon/p75/s2024/hybrid/joint: valid ASR 0.0037 raw 0.0037 evals 3.5 t 2.3s mismatch 0
[     54s] cnn/Recon/p75/s2026/hybrid/joint: valid ASR 0.0037 raw 0.0037 evals 3.5 t 2.3s mismatch 0
[     57s] cnn/BruteForce/p75/s42/hybrid/joint: valid ASR 0.0088 raw 0.0088 evals 255.0 t 2.5s mismatch 0
[     59s] cnn/BruteForce/p75/s2024/hybrid/joint: valid ASR 0.0088 raw 0.0088 evals 255.0 t 2.5s mismatch 0
[     62s] cnn/BruteForce/p75/s2026/hybrid/joint: valid ASR 0.0088 raw 0.0088 evals 255.0 t 2.4s mismatch 0
C:\Users\user6\.local\share\mamba\envs\thesis\Lib\site-packages\torch\autograd\graph.py:825: UserWarning: Memory Efficient attention defaults to a non-deterministic algorithm. To explicitly enable determinism call torch.use_deterministic_algorithms(True, warn_only=False). (Triggered internally at C:\actions-runner\_work\pytorch\pytorch\builder\windows\pytorch\aten\src\ATen\native\transformers\cuda\attention_backward.cu:657.)
  return Variable._execution_engine.run_backward(  # Calls into the C++ engine to run the backward pass
[     76s] ft_transformer/DoS/p75/s42/hybrid/joint: valid ASR 0.0013 raw 0.0013 evals 250.6 t 13.9s mismatch 0
[     90s] ft_transformer/DoS/p75/s2024/hybrid/joint: valid ASR 0.0013 raw 0.0013 evals 250.6 t 13.8s mismatch 0
[    104s] ft_transformer/DoS/p75/s2026/hybrid/joint: valid ASR 0.0013 raw 0.0013 evals 250.6 t 13.8s mismatch 0
[    117s] ft_transformer/DDoS/p75/s42/hybrid/joint: valid ASR 0.0000 raw 0.0000 evals 244.8 t 13.7s mismatch 0
[    131s] ft_transformer/DDoS/p75/s2024/hybrid/joint: valid ASR 0.0000 raw 0.0000 evals 244.8 t 13.8s mismatch 0
[    145s] ft_transformer/DDoS/p75/s2026/hybrid/joint: valid ASR 0.0000 raw 0.0000 evals 244.8 t 13.5s mismatch 0
[    148s] ft_transformer/Recon/p75/s42/hybrid/joint: valid ASR 0.0000 raw 0.0000 evals 3.9 t 2.7s mismatch 0
[    150s] ft_transformer/Recon/p75/s2024/hybrid/joint: valid ASR 0.0000 raw 0.0000 evals 3.9 t 2.7s mismatch 0
[    153s] ft_transformer/Recon/p75/s2026/hybrid/joint: valid ASR 0.0000 raw 0.0000 evals 3.9 t 2.7s mismatch 0
[    167s] ft_transformer/BruteForce/p75/s42/hybrid/joint: valid ASR 0.0037 raw 0.0037 evals 255.0 t 14.1s mismatch 0
[    182s] ft_transformer/BruteForce/p75/s2024/hybrid/joint: valid ASR 0.0037 raw 0.0037 evals 255.0 t 14.2s mismatch 0
[    196s] ft_transformer/BruteForce/p75/s2026/hybrid/joint: valid ASR 0.0037 raw 0.0037 evals 255.0 t 14.0s mismatch 0
[done] 36 cells in 196s -> FINAL_OUTPUTS\runs\cicids2017_distrinet\primattack_hybrid_objective_untargeted
