
# 2026-09-26 19:23:45 C:\Users\user6\.local\share\mamba\envs\thesis\python.exe scripts/run_primattack_optimizer_ablation.py --dataset cicids2017 --device cuda --selection-from E:\Shameem\thesis\FINAL_OUTPUTS\runs\cicids2017_distrinet\baselines_untargeted\selection.json --split test --seeds 42,2024,2026 --objective untargeted --victims mlp,cnn,ft_transformer --classes DoS,DDoS,Recon,BruteForce --budgets maximum-evaluated --methods pgd --modes timing-only,padding-only --eval-budget 256 --hybrid-steps 40 --hybrid-lr 0.1 --pgd-restarts 3 --pgd-step 0.05 --pgd-momentum 0.75 --cw-stages 3 --cw-lr 0.5 --cw-c 1.0 --cw-kappa 0.0 --output-dir E:\Shameem\thesis\FINAL_OUTPUTS\runs\cicids2017_distrinet\primattack_untargeted_modes --resume
[      3s] mlp/DoS/p75/s42/pgd/timing-only: valid ASR 0.0512 raw 0.0512 evals 248.3 t 2.9s mismatch 0
[      5s] mlp/DoS/p75/s2024/pgd/timing-only: valid ASR 0.0512 raw 0.0512 evals 248.3 t 2.3s mismatch 0
[      8s] mlp/DoS/p75/s2026/pgd/timing-only: valid ASR 0.0512 raw 0.0512 evals 248.3 t 2.5s mismatch 0
[     10s] mlp/DoS/p75/s42/pgd/padding-only: valid ASR 0.0000 raw 0.0000 evals 1.3 t 2.2s mismatch 0
[     12s] mlp/DoS/p75/s2024/pgd/padding-only: valid ASR 0.0000 raw 0.0000 evals 1.3 t 2.0s mismatch 0
[     15s] mlp/DoS/p75/s2026/pgd/padding-only: valid ASR 0.0000 raw 0.0000 evals 1.3 t 2.5s mismatch 0
[     17s] mlp/DDoS/p75/s42/pgd/timing-only: valid ASR 0.1075 raw 0.1075 evals 242.9 t 2.5s mismatch 0
[     20s] mlp/DDoS/p75/s2024/pgd/timing-only: valid ASR 0.1075 raw 0.1075 evals 242.9 t 2.4s mismatch 0
[     22s] mlp/DDoS/p75/s2026/pgd/timing-only: valid ASR 0.1075 raw 0.1075 evals 242.9 t 2.4s mismatch 0
[     22s] mlp/DDoS/p75/s42/pgd/padding-only: valid ASR 0.0000 raw 0.0000 evals 1.0 t 0.0s mismatch 0
[     22s] mlp/DDoS/p75/s2024/pgd/padding-only: valid ASR 0.0000 raw 0.0000 evals 1.0 t 0.0s mismatch 0
[     22s] mlp/DDoS/p75/s2026/pgd/padding-only: valid ASR 0.0000 raw 0.0000 evals 1.0 t 0.0s mismatch 0
[     24s] mlp/Recon/p75/s42/pgd/timing-only: valid ASR 0.0000 raw 0.0000 evals 3.8 t 2.2s mismatch 0
[     27s] mlp/Recon/p75/s2024/pgd/timing-only: valid ASR 0.0000 raw 0.0000 evals 3.8 t 2.1s mismatch 0
[     29s] mlp/Recon/p75/s2026/pgd/timing-only: valid ASR 0.0000 raw 0.0000 evals 3.8 t 2.2s mismatch 0
[     29s] mlp/Recon/p75/s42/pgd/padding-only: valid ASR 0.0000 raw 0.0000 evals 1.0 t 0.0s mismatch 0
[     29s] mlp/Recon/p75/s2024/pgd/padding-only: valid ASR 0.0000 raw 0.0000 evals 1.0 t 0.0s mismatch 0
[     29s] mlp/Recon/p75/s2026/pgd/padding-only: valid ASR 0.0000 raw 0.0000 evals 1.0 t 0.1s mismatch 0
[     31s] mlp/BruteForce/p75/s42/pgd/timing-only: valid ASR 0.0050 raw 0.0050 evals 253.0 t 2.4s mismatch 0
[     34s] mlp/BruteForce/p75/s2024/pgd/timing-only: valid ASR 0.0050 raw 0.0050 evals 253.0 t 2.4s mismatch 0
[     36s] mlp/BruteForce/p75/s2026/pgd/timing-only: valid ASR 0.0050 raw 0.0050 evals 253.0 t 2.4s mismatch 0
[     36s] mlp/BruteForce/p75/s42/pgd/padding-only: valid ASR 0.0000 raw 0.0000 evals 1.0 t 0.0s mismatch 0
[     36s] mlp/BruteForce/p75/s2024/pgd/padding-only: valid ASR 0.0000 raw 0.0000 evals 1.0 t 0.0s mismatch 0
[     36s] mlp/BruteForce/p75/s2026/pgd/padding-only: valid ASR 0.0000 raw 0.0000 evals 1.0 t 0.0s mismatch 0
C:\Users\user6\.local\share\mamba\envs\thesis\Lib\site-packages\torch\autograd\graph.py:825: UserWarning: adaptive_max_pool2d_backward_cuda does not have a deterministic implementation, but you set 'torch.use_deterministic_algorithms(True, warn_only=True)'. You can file an issue at https://github.com/pytorch/pytorch/issues to help us prioritize adding deterministic support for this operation. (Triggered internally at C:\actions-runner\_work\pytorch\pytorch\builder\windows\pytorch\aten\src\ATen\Context.cpp:95.)
  return Variable._execution_engine.run_backward(  # Calls into the C++ engine to run the backward pass
[     39s] cnn/DoS/p75/s42/pgd/timing-only: valid ASR 0.2050 raw 0.2050 evals 248.6 t 2.4s mismatch 0
[     41s] cnn/DoS/p75/s2024/pgd/timing-only: valid ASR 0.2050 raw 0.2050 evals 248.6 t 2.2s mismatch 0
[     43s] cnn/DoS/p75/s2026/pgd/timing-only: valid ASR 0.2050 raw 0.2050 evals 248.6 t 2.3s mismatch 0
[     45s] cnn/DoS/p75/s42/pgd/padding-only: valid ASR 0.0000 raw 0.0000 evals 1.3 t 1.9s mismatch 0
[     47s] cnn/DoS/p75/s2024/pgd/padding-only: valid ASR 0.0000 raw 0.0000 evals 1.3 t 2.0s mismatch 0
[     49s] cnn/DoS/p75/s2026/pgd/padding-only: valid ASR 0.0000 raw 0.0000 evals 1.3 t 2.0s mismatch 0
[     52s] cnn/DDoS/p75/s42/pgd/timing-only: valid ASR 0.3212 raw 0.3212 evals 242.9 t 2.3s mismatch 0
[     54s] cnn/DDoS/p75/s2024/pgd/timing-only: valid ASR 0.3212 raw 0.3212 evals 242.9 t 2.2s mismatch 0
[     56s] cnn/DDoS/p75/s2026/pgd/timing-only: valid ASR 0.3212 raw 0.3212 evals 242.9 t 2.2s mismatch 0
[     56s] cnn/DDoS/p75/s42/pgd/padding-only: valid ASR 0.0000 raw 0.0000 evals 1.0 t 0.0s mismatch 0
[     56s] cnn/DDoS/p75/s2024/pgd/padding-only: valid ASR 0.0000 raw 0.0000 evals 1.0 t 0.0s mismatch 0
[     56s] cnn/DDoS/p75/s2026/pgd/padding-only: valid ASR 0.0000 raw 0.0000 evals 1.0 t 0.0s mismatch 0
[     58s] cnn/Recon/p75/s42/pgd/timing-only: valid ASR 0.0037 raw 0.0037 evals 3.5 t 1.9s mismatch 0
[     60s] cnn/Recon/p75/s2024/pgd/timing-only: valid ASR 0.0037 raw 0.0037 evals 3.5 t 2.0s mismatch 0
[     62s] cnn/Recon/p75/s2026/pgd/timing-only: valid ASR 0.0037 raw 0.0037 evals 3.5 t 2.0s mismatch 0
[     62s] cnn/Recon/p75/s42/pgd/padding-only: valid ASR 0.0000 raw 0.0000 evals 1.0 t 0.0s mismatch 0
[     62s] cnn/Recon/p75/s2024/pgd/padding-only: valid ASR 0.0000 raw 0.0000 evals 1.0 t 0.0s mismatch 0
[     62s] cnn/Recon/p75/s2026/pgd/padding-only: valid ASR 0.0000 raw 0.0000 evals 1.0 t 0.0s mismatch 0
[     65s] cnn/BruteForce/p75/s42/pgd/timing-only: valid ASR 0.0088 raw 0.0088 evals 253.0 t 2.4s mismatch 0
[     67s] cnn/BruteForce/p75/s2024/pgd/timing-only: valid ASR 0.0088 raw 0.0088 evals 253.0 t 2.2s mismatch 0
[     69s] cnn/BruteForce/p75/s2026/pgd/timing-only: valid ASR 0.0088 raw 0.0088 evals 253.0 t 2.3s mismatch 0
[     69s] cnn/BruteForce/p75/s42/pgd/padding-only: valid ASR 0.0000 raw 0.0000 evals 1.0 t 0.0s mismatch 0
[     69s] cnn/BruteForce/p75/s2024/pgd/padding-only: valid ASR 0.0000 raw 0.0000 evals 1.0 t 0.0s mismatch 0
[     70s] cnn/BruteForce/p75/s2026/pgd/padding-only: valid ASR 0.0000 raw 0.0000 evals 1.0 t 0.0s mismatch 0
C:\Users\user6\.local\share\mamba\envs\thesis\Lib\site-packages\torch\autograd\graph.py:825: UserWarning: Memory Efficient attention defaults to a non-deterministic algorithm. To explicitly enable determinism call torch.use_deterministic_algorithms(True, warn_only=False). (Triggered internally at C:\actions-runner\_work\pytorch\pytorch\builder\windows\pytorch\aten\src\ATen\native\transformers\cuda\attention_backward.cu:657.)
  return Variable._execution_engine.run_backward(  # Calls into the C++ engine to run the backward pass
[     83s] ft_transformer/DoS/p75/s42/pgd/timing-only: valid ASR 0.0013 raw 0.0013 evals 248.6 t 13.2s mismatch 0
[     96s] ft_transformer/DoS/p75/s2024/pgd/timing-only: valid ASR 0.0013 raw 0.0013 evals 248.6 t 12.9s mismatch 0
[    109s] ft_transformer/DoS/p75/s2026/pgd/timing-only: valid ASR 0.0013 raw 0.0013 evals 248.6 t 13.0s mismatch 0
[    112s] ft_transformer/DoS/p75/s42/pgd/padding-only: valid ASR 0.0000 raw 0.0000 evals 1.3 t 3.0s mismatch 0
[    115s] ft_transformer/DoS/p75/s2024/pgd/padding-only: valid ASR 0.0000 raw 0.0000 evals 1.3 t 2.9s mismatch 0
[    118s] ft_transformer/DoS/p75/s2026/pgd/padding-only: valid ASR 0.0000 raw 0.0000 evals 1.3 t 2.9s mismatch 0
[    131s] ft_transformer/DDoS/p75/s42/pgd/timing-only: valid ASR 0.0000 raw 0.0000 evals 242.9 t 13.0s mismatch 0
[    144s] ft_transformer/DDoS/p75/s2024/pgd/timing-only: valid ASR 0.0000 raw 0.0000 evals 242.9 t 12.9s mismatch 0
[    157s] ft_transformer/DDoS/p75/s2026/pgd/timing-only: valid ASR 0.0000 raw 0.0000 evals 242.9 t 12.8s mismatch 0
[    157s] ft_transformer/DDoS/p75/s42/pgd/padding-only: valid ASR 0.0000 raw 0.0000 evals 1.0 t 0.0s mismatch 0
[    157s] ft_transformer/DDoS/p75/s2024/pgd/padding-only: valid ASR 0.0000 raw 0.0000 evals 1.0 t 0.0s mismatch 0
[    157s] ft_transformer/DDoS/p75/s2026/pgd/padding-only: valid ASR 0.0000 raw 0.0000 evals 1.0 t 0.0s mismatch 0
[    160s] ft_transformer/Recon/p75/s42/pgd/timing-only: valid ASR 0.0000 raw 0.0000 evals 3.8 t 2.6s mismatch 0
[    163s] ft_transformer/Recon/p75/s2024/pgd/timing-only: valid ASR 0.0000 raw 0.0000 evals 3.8 t 2.6s mismatch 0
[    165s] ft_transformer/Recon/p75/s2026/pgd/timing-only: valid ASR 0.0000 raw 0.0000 evals 3.8 t 2.7s mismatch 0
[    166s] ft_transformer/Recon/p75/s42/pgd/padding-only: valid ASR 0.0000 raw 0.0000 evals 1.0 t 0.0s mismatch 0
[    166s] ft_transformer/Recon/p75/s2024/pgd/padding-only: valid ASR 0.0000 raw 0.0000 evals 1.0 t 0.0s mismatch 0
[    166s] ft_transformer/Recon/p75/s2026/pgd/padding-only: valid ASR 0.0000 raw 0.0000 evals 1.0 t 0.0s mismatch 0
[    179s] ft_transformer/BruteForce/p75/s42/pgd/timing-only: valid ASR 0.0037 raw 0.0037 evals 253.0 t 13.2s mismatch 0
[    192s] ft_transformer/BruteForce/p75/s2024/pgd/timing-only: valid ASR 0.0037 raw 0.0037 evals 253.0 t 13.2s mismatch 0
[    206s] ft_transformer/BruteForce/p75/s2026/pgd/timing-only: valid ASR 0.0037 raw 0.0037 evals 253.0 t 13.2s mismatch 0
[    206s] ft_transformer/BruteForce/p75/s42/pgd/padding-only: valid ASR 0.0000 raw 0.0000 evals 1.0 t 0.0s mismatch 0
[    206s] ft_transformer/BruteForce/p75/s2024/pgd/padding-only: valid ASR 0.0000 raw 0.0000 evals 1.0 t 0.0s mismatch 0
[    206s] ft_transformer/BruteForce/p75/s2026/pgd/padding-only: valid ASR 0.0000 raw 0.0000 evals 1.0 t 0.0s mismatch 0
[done] 72 cells in 206s -> E:\Shameem\thesis\FINAL_OUTPUTS\runs\cicids2017_distrinet\primattack_untargeted_modes
