
# 2026-09-26 13:48:56 C:\Users\user6\.local\share\mamba\envs\thesis\python.exe scripts/run_primattack_optimizer_ablation.py --dataset cicids2017 --device cuda --selection-from E:\Shameem\thesis\FINAL_OUTPUTS\runs\cicids2017_distrinet\baselines_untargeted\selection.json --split test --seeds 42,2024,2026 --objective targeted --victims mlp,cnn,ft_transformer --classes DoS,DDoS,Recon,BruteForce --budgets intermediate,unbounded --methods hybrid,pgd --eval-budget 256 --hybrid-steps 40 --hybrid-lr 0.1 --pgd-restarts 3 --pgd-step 0.05 --pgd-momentum 0.75 --cw-stages 3 --cw-lr 0.5 --cw-c 1.0 --cw-kappa 0.0 --output-dir E:\Shameem\thesis\FINAL_OUTPUTS\runs\cicids2017_distrinet\primattack_targeted_budgets --resume
[      2s] mlp/DoS/p50/s42/hybrid: valid ASR 0.1450 raw 0.1450 evals 252.0 t 2.4s mismatch 0
[      5s] mlp/DoS/p50/s42/pgd: valid ASR 0.1450 raw 0.1450 evals 252.7 t 2.3s mismatch 0
[      7s] mlp/DoS/p50/s2024/hybrid: valid ASR 0.1450 raw 0.1450 evals 252.0 t 2.2s mismatch 0
[     10s] mlp/DoS/p50/s2024/pgd: valid ASR 0.1450 raw 0.1450 evals 252.7 t 2.5s mismatch 0
[     12s] mlp/DoS/p50/s2026/hybrid: valid ASR 0.1450 raw 0.1450 evals 252.0 t 2.3s mismatch 0
[     15s] mlp/DoS/p50/s2026/pgd: valid ASR 0.1450 raw 0.1450 evals 252.7 t 2.5s mismatch 0
[     17s] mlp/DoS/unb/s42/hybrid: valid ASR 0.8912 raw 0.8912 evals 251.6 t 2.2s mismatch 0
[     19s] mlp/DoS/unb/s42/pgd: valid ASR 0.8912 raw 0.8912 evals 252.7 t 2.6s mismatch 0
[     22s] mlp/DoS/unb/s2024/hybrid: valid ASR 0.8912 raw 0.8912 evals 251.6 t 2.1s mismatch 0
[     24s] mlp/DoS/unb/s2024/pgd: valid ASR 0.8912 raw 0.8912 evals 252.7 t 2.5s mismatch 0
[     26s] mlp/DoS/unb/s2026/hybrid: valid ASR 0.8912 raw 0.8912 evals 251.6 t 2.2s mismatch 0
[     29s] mlp/DoS/unb/s2026/pgd: valid ASR 0.8912 raw 0.8912 evals 252.7 t 2.5s mismatch 0
[     31s] mlp/DDoS/p50/s42/hybrid: valid ASR 0.0988 raw 0.0988 evals 244.9 t 2.5s mismatch 0
[     34s] mlp/DDoS/p50/s42/pgd: valid ASR 0.0988 raw 0.0988 evals 253.0 t 2.5s mismatch 0
[     37s] mlp/DDoS/p50/s2024/hybrid: valid ASR 0.0988 raw 0.0988 evals 244.9 t 2.9s mismatch 0
[     40s] mlp/DDoS/p50/s2024/pgd: valid ASR 0.0988 raw 0.0988 evals 253.0 t 2.9s mismatch 0
[     43s] mlp/DDoS/p50/s2026/hybrid: valid ASR 0.0988 raw 0.0988 evals 244.9 t 3.2s mismatch 0
[     46s] mlp/DDoS/p50/s2026/pgd: valid ASR 0.0988 raw 0.0988 evals 253.0 t 3.1s mismatch 0
[     49s] mlp/DDoS/unb/s42/hybrid: valid ASR 0.7538 raw 0.7538 evals 246.3 t 2.6s mismatch 0
[     52s] mlp/DDoS/unb/s42/pgd: valid ASR 0.7550 raw 0.7550 evals 253.0 t 3.0s mismatch 0
[     55s] mlp/DDoS/unb/s2024/hybrid: valid ASR 0.7450 raw 0.7450 evals 246.3 t 2.8s mismatch 0
[     58s] mlp/DDoS/unb/s2024/pgd: valid ASR 0.7550 raw 0.7550 evals 253.0 t 3.2s mismatch 0
[     61s] mlp/DDoS/unb/s2026/hybrid: valid ASR 0.7500 raw 0.7500 evals 246.3 t 2.6s mismatch 0
[     64s] mlp/DDoS/unb/s2026/pgd: valid ASR 0.7525 raw 0.7525 evals 253.0 t 3.0s mismatch 0
[     66s] mlp/Recon/p50/s42/hybrid: valid ASR 0.0000 raw 0.0000 evals 3.9 t 2.4s mismatch 0
[     69s] mlp/Recon/p50/s42/pgd: valid ASR 0.0000 raw 0.0000 evals 3.8 t 2.3s mismatch 0
[     71s] mlp/Recon/p50/s2024/hybrid: valid ASR 0.0000 raw 0.0000 evals 3.9 t 2.5s mismatch 0
[     74s] mlp/Recon/p50/s2024/pgd: valid ASR 0.0000 raw 0.0000 evals 3.8 t 2.5s mismatch 0
[     76s] mlp/Recon/p50/s2026/hybrid: valid ASR 0.0000 raw 0.0000 evals 3.9 t 2.5s mismatch 0
[     79s] mlp/Recon/p50/s2026/pgd: valid ASR 0.0000 raw 0.0000 evals 3.8 t 2.4s mismatch 0
[     81s] mlp/Recon/unb/s42/hybrid: valid ASR 0.0100 raw 0.0100 evals 3.9 t 2.4s mismatch 0
[     84s] mlp/Recon/unb/s42/pgd: valid ASR 0.0100 raw 0.0100 evals 3.8 t 2.5s mismatch 0
[     86s] mlp/Recon/unb/s2024/hybrid: valid ASR 0.0100 raw 0.0100 evals 3.9 t 2.6s mismatch 0
[     89s] mlp/Recon/unb/s2024/pgd: valid ASR 0.0100 raw 0.0100 evals 3.8 t 2.4s mismatch 0
[     91s] mlp/Recon/unb/s2026/hybrid: valid ASR 0.0100 raw 0.0100 evals 3.9 t 2.4s mismatch 0
[     93s] mlp/Recon/unb/s2026/pgd: valid ASR 0.0100 raw 0.0100 evals 3.8 t 2.3s mismatch 0
[     96s] mlp/BruteForce/p50/s42/hybrid: valid ASR 0.0088 raw 0.0088 evals 254.4 t 2.6s mismatch 0
[     99s] mlp/BruteForce/p50/s42/pgd: valid ASR 0.0088 raw 0.0088 evals 253.0 t 2.6s mismatch 0
[    101s] mlp/BruteForce/p50/s2024/hybrid: valid ASR 0.0088 raw 0.0088 evals 254.4 t 2.5s mismatch 0
[    104s] mlp/BruteForce/p50/s2024/pgd: valid ASR 0.0088 raw 0.0088 evals 253.0 t 2.8s mismatch 0
[    107s] mlp/BruteForce/p50/s2026/hybrid: valid ASR 0.0088 raw 0.0088 evals 254.4 t 3.0s mismatch 0
[    110s] mlp/BruteForce/p50/s2026/pgd: valid ASR 0.0088 raw 0.0088 evals 253.0 t 2.9s mismatch 0
[    112s] mlp/BruteForce/unb/s42/hybrid: valid ASR 0.0250 raw 0.0250 evals 252.3 t 2.3s mismatch 0
[    115s] mlp/BruteForce/unb/s42/pgd: valid ASR 0.0250 raw 0.0250 evals 253.0 t 2.6s mismatch 0
[    117s] mlp/BruteForce/unb/s2024/hybrid: valid ASR 0.0250 raw 0.0250 evals 252.3 t 2.4s mismatch 0
[    120s] mlp/BruteForce/unb/s2024/pgd: valid ASR 0.0250 raw 0.0250 evals 253.0 t 2.8s mismatch 0
[    123s] mlp/BruteForce/unb/s2026/hybrid: valid ASR 0.0250 raw 0.0250 evals 252.3 t 2.4s mismatch 0
[    126s] mlp/BruteForce/unb/s2026/pgd: valid ASR 0.0250 raw 0.0250 evals 253.0 t 2.9s mismatch 0
C:\Users\user6\.local\share\mamba\envs\thesis\Lib\site-packages\torch\autograd\graph.py:825: UserWarning: adaptive_max_pool2d_backward_cuda does not have a deterministic implementation, but you set 'torch.use_deterministic_algorithms(True, warn_only=True)'. You can file an issue at https://github.com/pytorch/pytorch/issues to help us prioritize adding deterministic support for this operation. (Triggered internally at C:\actions-runner\_work\pytorch\pytorch\builder\windows\pytorch\aten\src\ATen\Context.cpp:95.)
  return Variable._execution_engine.run_backward(  # Calls into the C++ engine to run the backward pass
[    128s] cnn/DoS/p50/s42/hybrid: valid ASR 0.2325 raw 0.2325 evals 252.0 t 2.5s mismatch 0
[    131s] cnn/DoS/p50/s42/pgd: valid ASR 0.2325 raw 0.2325 evals 252.7 t 2.3s mismatch 0
[    133s] cnn/DoS/p50/s2024/hybrid: valid ASR 0.2350 raw 0.2350 evals 252.0 t 2.4s mismatch 0
[    136s] cnn/DoS/p50/s2024/pgd: valid ASR 0.2325 raw 0.2325 evals 252.7 t 2.6s mismatch 0
[    138s] cnn/DoS/p50/s2026/hybrid: valid ASR 0.2350 raw 0.2350 evals 252.0 t 2.4s mismatch 0
[    140s] cnn/DoS/p50/s2026/pgd: valid ASR 0.2325 raw 0.2325 evals 252.7 t 2.4s mismatch 0
[    143s] cnn/DoS/unb/s42/hybrid: valid ASR 0.9263 raw 0.9263 evals 251.4 t 2.3s mismatch 0
[    145s] cnn/DoS/unb/s42/pgd: valid ASR 0.9263 raw 0.9263 evals 252.7 t 2.6s mismatch 0
[    148s] cnn/DoS/unb/s2024/hybrid: valid ASR 0.9263 raw 0.9263 evals 251.4 t 2.0s mismatch 0
[    150s] cnn/DoS/unb/s2024/pgd: valid ASR 0.9263 raw 0.9263 evals 252.7 t 2.7s mismatch 0
[    152s] cnn/DoS/unb/s2026/hybrid: valid ASR 0.9263 raw 0.9263 evals 251.4 t 2.1s mismatch 0
[    155s] cnn/DoS/unb/s2026/pgd: valid ASR 0.9263 raw 0.9263 evals 252.7 t 2.6s mismatch 0
[    157s] cnn/DDoS/p50/s42/hybrid: valid ASR 0.2812 raw 0.2812 evals 244.9 t 2.2s mismatch 0
[    160s] cnn/DDoS/p50/s42/pgd: valid ASR 0.2812 raw 0.2812 evals 253.0 t 2.5s mismatch 0
[    162s] cnn/DDoS/p50/s2024/hybrid: valid ASR 0.2812 raw 0.2812 evals 244.9 t 2.4s mismatch 0
[    165s] cnn/DDoS/p50/s2024/pgd: valid ASR 0.2812 raw 0.2812 evals 253.0 t 2.3s mismatch 0
[    167s] cnn/DDoS/p50/s2026/hybrid: valid ASR 0.2812 raw 0.2812 evals 244.9 t 2.2s mismatch 0
[    169s] cnn/DDoS/p50/s2026/pgd: valid ASR 0.2812 raw 0.2812 evals 253.0 t 2.3s mismatch 0
[    171s] cnn/DDoS/unb/s42/hybrid: valid ASR 0.8838 raw 0.8838 evals 234.0 t 2.1s mismatch 1
[    174s] cnn/DDoS/unb/s42/pgd: valid ASR 0.8838 raw 0.8838 evals 253.0 t 2.5s mismatch 0
[    176s] cnn/DDoS/unb/s2024/hybrid: valid ASR 0.8812 raw 0.8812 evals 234.0 t 2.1s mismatch 1
[    178s] cnn/DDoS/unb/s2024/pgd: valid ASR 0.8850 raw 0.8850 evals 253.0 t 2.4s mismatch 0
[    180s] cnn/DDoS/unb/s2026/hybrid: valid ASR 0.8838 raw 0.8838 evals 234.0 t 2.0s mismatch 0
[    183s] cnn/DDoS/unb/s2026/pgd: valid ASR 0.8838 raw 0.8838 evals 253.0 t 2.4s mismatch 0
[    185s] cnn/Recon/p50/s42/hybrid: valid ASR 0.0000 raw 0.0000 evals 3.5 t 2.1s mismatch 0
[    187s] cnn/Recon/p50/s42/pgd: valid ASR 0.0000 raw 0.0000 evals 3.5 t 2.1s mismatch 0
[    189s] cnn/Recon/p50/s2024/hybrid: valid ASR 0.0000 raw 0.0000 evals 3.5 t 2.2s mismatch 0
[    191s] cnn/Recon/p50/s2024/pgd: valid ASR 0.0000 raw 0.0000 evals 3.5 t 2.2s mismatch 0
[    194s] cnn/Recon/p50/s2026/hybrid: valid ASR 0.0000 raw 0.0000 evals 3.5 t 2.3s mismatch 0
[    196s] cnn/Recon/p50/s2026/pgd: valid ASR 0.0000 raw 0.0000 evals 3.5 t 2.2s mismatch 0
[    198s] cnn/Recon/unb/s42/hybrid: valid ASR 0.0100 raw 0.0100 evals 3.5 t 2.2s mismatch 0
[    200s] cnn/Recon/unb/s42/pgd: valid ASR 0.0100 raw 0.0100 evals 3.5 t 2.1s mismatch 0
[    203s] cnn/Recon/unb/s2024/hybrid: valid ASR 0.0100 raw 0.0100 evals 3.5 t 2.2s mismatch 0
[    205s] cnn/Recon/unb/s2024/pgd: valid ASR 0.0100 raw 0.0100 evals 3.5 t 2.1s mismatch 0
[    207s] cnn/Recon/unb/s2026/hybrid: valid ASR 0.0100 raw 0.0100 evals 3.5 t 2.2s mismatch 0
[    209s] cnn/Recon/unb/s2026/pgd: valid ASR 0.0100 raw 0.0100 evals 3.5 t 2.1s mismatch 0
[    212s] cnn/BruteForce/p50/s42/hybrid: valid ASR 0.0088 raw 0.0088 evals 254.4 t 2.4s mismatch 0
[    214s] cnn/BruteForce/p50/s42/pgd: valid ASR 0.0088 raw 0.0088 evals 253.0 t 2.4s mismatch 0
[    216s] cnn/BruteForce/p50/s2024/hybrid: valid ASR 0.0088 raw 0.0088 evals 254.4 t 2.3s mismatch 0
[    219s] cnn/BruteForce/p50/s2024/pgd: valid ASR 0.0088 raw 0.0088 evals 253.0 t 2.3s mismatch 0
[    221s] cnn/BruteForce/p50/s2026/hybrid: valid ASR 0.0088 raw 0.0088 evals 254.4 t 2.3s mismatch 0
[    223s] cnn/BruteForce/p50/s2026/pgd: valid ASR 0.0088 raw 0.0088 evals 253.0 t 2.3s mismatch 0
[    225s] cnn/BruteForce/unb/s42/hybrid: valid ASR 1.0000 raw 1.0000 evals 252.9 t 1.9s mismatch 0
[    228s] cnn/BruteForce/unb/s42/pgd: valid ASR 1.0000 raw 1.0000 evals 253.0 t 2.3s mismatch 0
[    230s] cnn/BruteForce/unb/s2024/hybrid: valid ASR 1.0000 raw 1.0000 evals 252.9 t 1.9s mismatch 0
[    232s] cnn/BruteForce/unb/s2024/pgd: valid ASR 1.0000 raw 1.0000 evals 253.0 t 2.3s mismatch 0
[    234s] cnn/BruteForce/unb/s2026/hybrid: valid ASR 1.0000 raw 1.0000 evals 252.9 t 1.9s mismatch 0
[    236s] cnn/BruteForce/unb/s2026/pgd: valid ASR 1.0000 raw 1.0000 evals 253.0 t 2.2s mismatch 0
C:\Users\user6\.local\share\mamba\envs\thesis\Lib\site-packages\torch\autograd\graph.py:825: UserWarning: Memory Efficient attention defaults to a non-deterministic algorithm. To explicitly enable determinism call torch.use_deterministic_algorithms(True, warn_only=False). (Triggered internally at C:\actions-runner\_work\pytorch\pytorch\builder\windows\pytorch\aten\src\ATen\native\transformers\cuda\attention_backward.cu:657.)
  return Variable._execution_engine.run_backward(  # Calls into the C++ engine to run the backward pass
[    248s] ft_transformer/DoS/p50/s42/hybrid: valid ASR 0.0025 raw 0.0025 evals 252.3 t 12.1s mismatch 0
[    262s] ft_transformer/DoS/p50/s42/pgd: valid ASR 0.0025 raw 0.0025 evals 252.7 t 13.6s mismatch 0
[    274s] ft_transformer/DoS/p50/s2024/hybrid: valid ASR 0.0025 raw 0.0025 evals 252.3 t 12.1s mismatch 0
[    288s] ft_transformer/DoS/p50/s2024/pgd: valid ASR 0.0025 raw 0.0025 evals 252.7 t 13.9s mismatch 0
[    301s] ft_transformer/DoS/p50/s2026/hybrid: valid ASR 0.0025 raw 0.0025 evals 252.3 t 12.3s mismatch 0
[    314s] ft_transformer/DoS/p50/s2026/pgd: valid ASR 0.0025 raw 0.0025 evals 252.7 t 13.8s mismatch 0
[    326s] ft_transformer/DoS/unb/s42/hybrid: valid ASR 0.0050 raw 0.0050 evals 251.7 t 11.1s mismatch 0
[    339s] ft_transformer/DoS/unb/s42/pgd: valid ASR 0.0050 raw 0.0050 evals 252.7 t 13.7s mismatch 0
[    351s] ft_transformer/DoS/unb/s2024/hybrid: valid ASR 0.0050 raw 0.0050 evals 251.7 t 11.1s mismatch 0
[    365s] ft_transformer/DoS/unb/s2024/pgd: valid ASR 0.0050 raw 0.0050 evals 252.7 t 13.8s mismatch 0
[    376s] ft_transformer/DoS/unb/s2026/hybrid: valid ASR 0.0050 raw 0.0050 evals 251.7 t 11.1s mismatch 0
[    389s] ft_transformer/DoS/unb/s2026/pgd: valid ASR 0.0050 raw 0.0050 evals 252.7 t 13.7s mismatch 0
[    403s] ft_transformer/DDoS/p50/s42/hybrid: valid ASR 0.0000 raw 0.0000 evals 244.9 t 13.4s mismatch 0
[    417s] ft_transformer/DDoS/p50/s42/pgd: valid ASR 0.0000 raw 0.0000 evals 253.0 t 14.0s mismatch 0
[    430s] ft_transformer/DDoS/p50/s2024/hybrid: valid ASR 0.0000 raw 0.0000 evals 244.9 t 13.4s mismatch 0
[    444s] ft_transformer/DDoS/p50/s2024/pgd: valid ASR 0.0000 raw 0.0000 evals 253.0 t 13.8s mismatch 0
[    458s] ft_transformer/DDoS/p50/s2026/hybrid: valid ASR 0.0000 raw 0.0000 evals 244.9 t 13.5s mismatch 0
[    472s] ft_transformer/DDoS/p50/s2026/pgd: valid ASR 0.0000 raw 0.0000 evals 253.0 t 14.0s mismatch 0
[    483s] ft_transformer/DDoS/unb/s42/hybrid: valid ASR 0.0000 raw 0.0000 evals 248.0 t 11.2s mismatch 0
[    497s] ft_transformer/DDoS/unb/s42/pgd: valid ASR 0.0000 raw 0.0000 evals 253.0 t 14.1s mismatch 0
[    509s] ft_transformer/DDoS/unb/s2024/hybrid: valid ASR 0.0000 raw 0.0000 evals 248.0 t 11.1s mismatch 0
[    523s] ft_transformer/DDoS/unb/s2024/pgd: valid ASR 0.0000 raw 0.0000 evals 253.0 t 14.1s mismatch 0
[    534s] ft_transformer/DDoS/unb/s2026/hybrid: valid ASR 0.0000 raw 0.0000 evals 248.0 t 11.2s mismatch 0
[    548s] ft_transformer/DDoS/unb/s2026/pgd: valid ASR 0.0000 raw 0.0000 evals 253.0 t 13.9s mismatch 0
[    551s] ft_transformer/Recon/p50/s42/hybrid: valid ASR 0.0000 raw 0.0000 evals 3.9 t 2.6s mismatch 0
[    553s] ft_transformer/Recon/p50/s42/pgd: valid ASR 0.0000 raw 0.0000 evals 3.8 t 2.5s mismatch 0
[    556s] ft_transformer/Recon/p50/s2024/hybrid: valid ASR 0.0000 raw 0.0000 evals 3.9 t 2.6s mismatch 0
[    559s] ft_transformer/Recon/p50/s2024/pgd: valid ASR 0.0000 raw 0.0000 evals 3.8 t 2.6s mismatch 0
[    561s] ft_transformer/Recon/p50/s2026/hybrid: valid ASR 0.0000 raw 0.0000 evals 3.9 t 2.6s mismatch 0
[    564s] ft_transformer/Recon/p50/s2026/pgd: valid ASR 0.0000 raw 0.0000 evals 3.8 t 2.6s mismatch 0
[    567s] ft_transformer/Recon/unb/s42/hybrid: valid ASR 0.0075 raw 0.0075 evals 3.9 t 2.6s mismatch 0
[    570s] ft_transformer/Recon/unb/s42/pgd: valid ASR 0.0075 raw 0.0075 evals 3.8 t 2.5s mismatch 0
[    572s] ft_transformer/Recon/unb/s2024/hybrid: valid ASR 0.0075 raw 0.0075 evals 3.9 t 2.6s mismatch 0
[    575s] ft_transformer/Recon/unb/s2024/pgd: valid ASR 0.0075 raw 0.0075 evals 3.8 t 2.6s mismatch 0
[    578s] ft_transformer/Recon/unb/s2026/hybrid: valid ASR 0.0075 raw 0.0075 evals 3.9 t 2.6s mismatch 0
[    580s] ft_transformer/Recon/unb/s2026/pgd: valid ASR 0.0075 raw 0.0075 evals 3.8 t 2.5s mismatch 0
[    594s] ft_transformer/BruteForce/p50/s42/hybrid: valid ASR 0.0037 raw 0.0037 evals 254.1 t 13.3s mismatch 0
[    607s] ft_transformer/BruteForce/p50/s42/pgd: valid ASR 0.0037 raw 0.0037 evals 253.0 t 13.6s mismatch 0
[    621s] ft_transformer/BruteForce/p50/s2024/hybrid: valid ASR 0.0037 raw 0.0037 evals 254.1 t 13.3s mismatch 0
[    635s] ft_transformer/BruteForce/p50/s2024/pgd: valid ASR 0.0037 raw 0.0037 evals 253.0 t 13.6s mismatch 0
[    648s] ft_transformer/BruteForce/p50/s2026/hybrid: valid ASR 0.0037 raw 0.0037 evals 254.1 t 13.6s mismatch 0
[    662s] ft_transformer/BruteForce/p50/s2026/pgd: valid ASR 0.0037 raw 0.0037 evals 253.0 t 14.0s mismatch 0
[    674s] ft_transformer/BruteForce/unb/s42/hybrid: valid ASR 0.0225 raw 0.0225 evals 251.7 t 11.1s mismatch 0
[    687s] ft_transformer/BruteForce/unb/s42/pgd: valid ASR 0.0225 raw 0.0225 evals 253.0 t 13.6s mismatch 0
[    698s] ft_transformer/BruteForce/unb/s2024/hybrid: valid ASR 0.0225 raw 0.0225 evals 251.7 t 11.1s mismatch 0
[    712s] ft_transformer/BruteForce/unb/s2024/pgd: valid ASR 0.0225 raw 0.0225 evals 253.0 t 13.7s mismatch 0
[    723s] ft_transformer/BruteForce/unb/s2026/hybrid: valid ASR 0.0225 raw 0.0225 evals 251.7 t 11.1s mismatch 0
[    737s] ft_transformer/BruteForce/unb/s2026/pgd: valid ASR 0.0225 raw 0.0225 evals 253.0 t 13.6s mismatch 0
[done] 144 cells in 737s -> E:\Shameem\thesis\FINAL_OUTPUTS\runs\cicids2017_distrinet\primattack_targeted_budgets
