[      3s] mlp/DoS/p75/s42/hybrid/joint: valid ASR 0.0512 raw 0.0512 evals 250.3 t 2.7s mismatch 0
[      5s] mlp/DoS/p75/s2024/hybrid/joint: valid ASR 0.0512 raw 0.0512 evals 250.3 t 2.4s mismatch 0
[      8s] mlp/DoS/p75/s2026/hybrid/joint: valid ASR 0.0512 raw 0.0512 evals 250.3 t 2.6s mismatch 0
[     11s] mlp/DDoS/p75/s42/hybrid/joint: valid ASR 0.1075 raw 0.1075 evals 244.8 t 2.6s mismatch 0
[     13s] mlp/DDoS/p75/s2024/hybrid/joint: valid ASR 0.1075 raw 0.1075 evals 244.8 t 2.6s mismatch 0
[     16s] mlp/DDoS/p75/s2026/hybrid/joint: valid ASR 0.1075 raw 0.1075 evals 244.8 t 2.6s mismatch 0
[     18s] mlp/Recon/p75/s42/hybrid/joint: valid ASR 0.0000 raw 0.0000 evals 3.9 t 2.3s mismatch 0
[     20s] mlp/Recon/p75/s2024/hybrid/joint: valid ASR 0.0000 raw 0.0000 evals 3.9 t 2.3s mismatch 0
[     23s] mlp/Recon/p75/s2026/hybrid/joint: valid ASR 0.0000 raw 0.0000 evals 3.9 t 2.3s mismatch 0
[     25s] mlp/BruteForce/p75/s42/hybrid/joint: valid ASR 0.0050 raw 0.0050 evals 255.0 t 2.6s mismatch 0
[     28s] mlp/BruteForce/p75/s2024/hybrid/joint: valid ASR 0.0050 raw 0.0050 evals 255.0 t 2.6s mismatch 0
[     31s] mlp/BruteForce/p75/s2026/hybrid/joint: valid ASR 0.0050 raw 0.0050 evals 255.0 t 2.6s mismatch 0
C:\Users\user6\.local\share\mamba\envs\thesis\Lib\site-packages\torch\autograd\graph.py:825: UserWarning: adaptive_max_pool2d_backward_cuda does not have a deterministic implementation, but you set 'torch.use_deterministic_algorithms(True, warn_only=True)'. You can file an issue at https://github.com/pytorch/pytorch/issues to help us prioritize adding deterministic support for this operation. (Triggered internally at C:\actions-runner\_work\pytorch\pytorch\builder\windows\pytorch\aten\src\ATen\Context.cpp:95.)
  return Variable._execution_engine.run_backward(  # Calls into the C++ engine to run the backward pass
[     33s] cnn/DoS/p75/s42/hybrid/joint: valid ASR 0.2050 raw 0.2050 evals 250.6 t 2.7s mismatch 0
[     36s] cnn/DoS/p75/s2024/hybrid/joint: valid ASR 0.2050 raw 0.2050 evals 250.6 t 2.6s mismatch 0
[     39s] cnn/DoS/p75/s2026/hybrid/joint: valid ASR 0.2050 raw 0.2050 evals 250.6 t 2.5s mismatch 0
[     41s] cnn/DDoS/p75/s42/hybrid/joint: valid ASR 0.3150 raw 0.3150 evals 244.8 t 2.5s mismatch 0
[     44s] cnn/DDoS/p75/s2024/hybrid/joint: valid ASR 0.3150 raw 0.3150 evals 244.8 t 2.5s mismatch 0
[     46s] cnn/DDoS/p75/s2026/hybrid/joint: valid ASR 0.3150 raw 0.3150 evals 244.8 t 2.4s mismatch 0
[     48s] cnn/Recon/p75/s42/hybrid/joint: valid ASR 0.0013 raw 0.0013 evals 3.5 t 2.3s mismatch 0
[     51s] cnn/Recon/p75/s2024/hybrid/joint: valid ASR 0.0013 raw 0.0013 evals 3.5 t 2.3s mismatch 0
[     53s] cnn/Recon/p75/s2026/hybrid/joint: valid ASR 0.0013 raw 0.0013 evals 3.5 t 2.4s mismatch 0
[     56s] cnn/BruteForce/p75/s42/hybrid/joint: valid ASR 0.0088 raw 0.0088 evals 255.0 t 2.5s mismatch 0
[     58s] cnn/BruteForce/p75/s2024/hybrid/joint: valid ASR 0.0088 raw 0.0088 evals 255.0 t 2.5s mismatch 0
[     61s] cnn/BruteForce/p75/s2026/hybrid/joint: valid ASR 0.0088 raw 0.0088 evals 255.0 t 2.5s mismatch 0
C:\Users\user6\.local\share\mamba\envs\thesis\Lib\site-packages\torch\autograd\graph.py:825: UserWarning: Memory Efficient attention defaults to a non-deterministic algorithm. To explicitly enable determinism call torch.use_deterministic_algorithms(True, warn_only=False). (Triggered internally at C:\actions-runner\_work\pytorch\pytorch\builder\windows\pytorch\aten\src\ATen\native\transformers\cuda\attention_backward.cu:657.)
  return Variable._execution_engine.run_backward(  # Calls into the C++ engine to run the backward pass
[     75s] ft_transformer/DoS/p75/s42/hybrid/joint: valid ASR 0.0013 raw 0.0013 evals 250.6 t 13.8s mismatch 0
[     88s] ft_transformer/DoS/p75/s2024/hybrid/joint: valid ASR 0.0013 raw 0.0013 evals 250.6 t 13.9s mismatch 0
[    103s] ft_transformer/DoS/p75/s2026/hybrid/joint: valid ASR 0.0013 raw 0.0013 evals 250.6 t 14.0s mismatch 0
[    116s] ft_transformer/DDoS/p75/s42/hybrid/joint: valid ASR 0.0000 raw 0.0000 evals 244.8 t 13.6s mismatch 0
[    130s] ft_transformer/DDoS/p75/s2024/hybrid/joint: valid ASR 0.0000 raw 0.0000 evals 244.8 t 13.5s mismatch 0
[    143s] ft_transformer/DDoS/p75/s2026/hybrid/joint: valid ASR 0.0000 raw 0.0000 evals 244.8 t 13.5s mismatch 0
[    146s] ft_transformer/Recon/p75/s42/hybrid/joint: valid ASR 0.0000 raw 0.0000 evals 3.9 t 2.6s mismatch 0
[    149s] ft_transformer/Recon/p75/s2024/hybrid/joint: valid ASR 0.0000 raw 0.0000 evals 3.9 t 2.7s mismatch 0
[    152s] ft_transformer/Recon/p75/s2026/hybrid/joint: valid ASR 0.0000 raw 0.0000 evals 3.9 t 2.7s mismatch 0
[    166s] ft_transformer/BruteForce/p75/s42/hybrid/joint: valid ASR 0.0037 raw 0.0037 evals 255.0 t 14.0s mismatch 0
[    180s] ft_transformer/BruteForce/p75/s2024/hybrid/joint: valid ASR 0.0037 raw 0.0037 evals 255.0 t 13.9s mismatch 0
[    194s] ft_transformer/BruteForce/p75/s2026/hybrid/joint: valid ASR 0.0037 raw 0.0037 evals 255.0 t 13.9s mismatch 0
[done] 36 cells in 194s -> FINAL_OUTPUTS\runs\cicids2017_distrinet\primattack_hybrid_objective_targeted
