
# 2026-09-26 13:29:56 C:\Users\user6\.local\share\mamba\envs\thesis\python.exe scripts/run_primattack_optimizer_ablation.py --dataset cicids2017 --device cuda --selection-from E:\Shameem\thesis\FINAL_OUTPUTS\runs\cicids2017_distrinet\baselines_untargeted\selection.json --split test --seeds 42,2024,2026 --objective targeted --victims mlp,cnn,ft_transformer --classes DoS,DDoS,Recon,BruteForce --budgets maximum-evaluated --methods hybrid,pgd,cw --eval-budget 256 --hybrid-steps 40 --hybrid-lr 0.1 --pgd-restarts 3 --pgd-step 0.05 --pgd-momentum 0.75 --cw-stages 3 --cw-lr 0.5 --cw-c 1.0 --cw-kappa 0.0 --output-dir E:\Shameem\thesis\FINAL_OUTPUTS\runs\cicids2017_distrinet\primattack_targeted_optimizers --resume
[      2s] mlp/DoS/p75/s42/hybrid: valid ASR 0.2888 raw 0.2888 evals 251.2 t 2.4s mismatch 0
[      5s] mlp/DoS/p75/s42/pgd: valid ASR 0.2888 raw 0.2888 evals 252.7 t 2.4s mismatch 0
[      7s] mlp/DoS/p75/s42/cw: valid ASR 0.2888 raw 0.2888 evals 252.7 t 2.6s mismatch 0
[     10s] mlp/DoS/p75/s2024/hybrid: valid ASR 0.2888 raw 0.2888 evals 251.2 t 2.2s mismatch 0
[     12s] mlp/DoS/p75/s2024/pgd: valid ASR 0.2888 raw 0.2888 evals 252.7 t 2.6s mismatch 0
[     15s] mlp/DoS/p75/s2024/cw: valid ASR 0.2888 raw 0.2888 evals 252.7 t 2.7s mismatch 0
[     17s] mlp/DoS/p75/s2026/hybrid: valid ASR 0.2888 raw 0.2888 evals 251.2 t 2.3s mismatch 0
[     20s] mlp/DoS/p75/s2026/pgd: valid ASR 0.2888 raw 0.2888 evals 252.7 t 2.6s mismatch 0
[     23s] mlp/DoS/p75/s2026/cw: valid ASR 0.2888 raw 0.2888 evals 252.7 t 2.7s mismatch 0
[     25s] mlp/DDoS/p75/s42/hybrid: valid ASR 0.1325 raw 0.1325 evals 245.9 t 2.5s mismatch 0
[     28s] mlp/DDoS/p75/s42/pgd: valid ASR 0.1325 raw 0.1325 evals 253.0 t 2.5s mismatch 0
[     31s] mlp/DDoS/p75/s42/cw: valid ASR 0.1325 raw 0.1325 evals 253.0 t 2.7s mismatch 0
[     33s] mlp/DDoS/p75/s2024/hybrid: valid ASR 0.1325 raw 0.1325 evals 245.9 t 2.5s mismatch 0
[     36s] mlp/DDoS/p75/s2024/pgd: valid ASR 0.1325 raw 0.1325 evals 253.0 t 2.5s mismatch 0
[     38s] mlp/DDoS/p75/s2024/cw: valid ASR 0.1325 raw 0.1325 evals 253.0 t 2.7s mismatch 0
[     41s] mlp/DDoS/p75/s2026/hybrid: valid ASR 0.1325 raw 0.1325 evals 245.9 t 2.5s mismatch 0
[     43s] mlp/DDoS/p75/s2026/pgd: valid ASR 0.1325 raw 0.1325 evals 253.0 t 2.4s mismatch 0
[     46s] mlp/DDoS/p75/s2026/cw: valid ASR 0.1325 raw 0.1325 evals 253.0 t 2.7s mismatch 0
[     48s] mlp/Recon/p75/s42/hybrid: valid ASR 0.0000 raw 0.0000 evals 3.9 t 2.2s mismatch 0
[     51s] mlp/Recon/p75/s42/pgd: valid ASR 0.0000 raw 0.0000 evals 3.8 t 2.2s mismatch 0
[     53s] mlp/Recon/p75/s42/cw: valid ASR 0.0000 raw 0.0000 evals 3.8 t 2.2s mismatch 0
[     55s] mlp/Recon/p75/s2024/hybrid: valid ASR 0.0000 raw 0.0000 evals 3.9 t 2.2s mismatch 0
[     57s] mlp/Recon/p75/s2024/pgd: valid ASR 0.0000 raw 0.0000 evals 3.8 t 2.2s mismatch 0
[     60s] mlp/Recon/p75/s2024/cw: valid ASR 0.0000 raw 0.0000 evals 3.8 t 2.3s mismatch 0
[     62s] mlp/Recon/p75/s2026/hybrid: valid ASR 0.0000 raw 0.0000 evals 3.9 t 2.2s mismatch 0
[     64s] mlp/Recon/p75/s2026/pgd: valid ASR 0.0000 raw 0.0000 evals 3.8 t 2.2s mismatch 0
[     67s] mlp/Recon/p75/s2026/cw: valid ASR 0.0000 raw 0.0000 evals 3.8 t 2.2s mismatch 0
[     69s] mlp/BruteForce/p75/s42/hybrid: valid ASR 0.0213 raw 0.0213 evals 252.3 t 2.1s mismatch 0
[     71s] mlp/BruteForce/p75/s42/pgd: valid ASR 0.0213 raw 0.0213 evals 253.0 t 2.5s mismatch 0
[     74s] mlp/BruteForce/p75/s42/cw: valid ASR 0.0187 raw 0.0187 evals 253.0 t 2.7s mismatch 0
[     76s] mlp/BruteForce/p75/s2024/hybrid: valid ASR 0.0213 raw 0.0213 evals 252.3 t 2.1s mismatch 0
[     78s] mlp/BruteForce/p75/s2024/pgd: valid ASR 0.0213 raw 0.0213 evals 253.0 t 2.4s mismatch 0
[     81s] mlp/BruteForce/p75/s2024/cw: valid ASR 0.0187 raw 0.0187 evals 253.0 t 2.6s mismatch 0
[     83s] mlp/BruteForce/p75/s2026/hybrid: valid ASR 0.0213 raw 0.0213 evals 252.3 t 2.0s mismatch 0
[     86s] mlp/BruteForce/p75/s2026/pgd: valid ASR 0.0213 raw 0.0213 evals 253.0 t 2.5s mismatch 0
[     88s] mlp/BruteForce/p75/s2026/cw: valid ASR 0.0187 raw 0.0187 evals 253.0 t 2.7s mismatch 0
C:\Users\user6\.local\share\mamba\envs\thesis\Lib\site-packages\torch\autograd\graph.py:825: UserWarning: adaptive_max_pool2d_backward_cuda does not have a deterministic implementation, but you set 'torch.use_deterministic_algorithms(True, warn_only=True)'. You can file an issue at https://github.com/pytorch/pytorch/issues to help us prioritize adding deterministic support for this operation. (Triggered internally at C:\actions-runner\_work\pytorch\pytorch\builder\windows\pytorch\aten\src\ATen\Context.cpp:95.)
  return Variable._execution_engine.run_backward(  # Calls into the C++ engine to run the backward pass
[     91s] cnn/DoS/p75/s42/hybrid: valid ASR 0.4938 raw 0.4938 evals 251.1 t 2.4s mismatch 0
[     93s] cnn/DoS/p75/s42/pgd: valid ASR 0.4900 raw 0.4900 evals 252.7 t 2.3s mismatch 0
[     96s] cnn/DoS/p75/s42/cw: valid ASR 0.1000 raw 0.1000 evals 252.7 t 2.5s mismatch 0
[     98s] cnn/DoS/p75/s2024/hybrid: valid ASR 0.4925 raw 0.4925 evals 251.1 t 2.1s mismatch 0
[    101s] cnn/DoS/p75/s2024/pgd: valid ASR 0.4975 raw 0.4975 evals 252.7 t 2.9s mismatch 0
[    104s] cnn/DoS/p75/s2024/cw: valid ASR 0.1000 raw 0.1000 evals 252.7 t 3.1s mismatch 0
[    107s] cnn/DoS/p75/s2026/hybrid: valid ASR 0.4938 raw 0.4938 evals 251.1 t 2.6s mismatch 0
[    110s] cnn/DoS/p75/s2026/pgd: valid ASR 0.4913 raw 0.4913 evals 252.7 t 2.9s mismatch 0
[    113s] cnn/DoS/p75/s2026/cw: valid ASR 0.1000 raw 0.1000 evals 252.7 t 3.0s mismatch 0
[    116s] cnn/DDoS/p75/s42/hybrid: valid ASR 0.3588 raw 0.3588 evals 245.9 t 2.9s mismatch 0
[    118s] cnn/DDoS/p75/s42/pgd: valid ASR 0.3588 raw 0.3588 evals 253.0 t 2.9s mismatch 0
[    122s] cnn/DDoS/p75/s42/cw: valid ASR 0.0950 raw 0.0950 evals 253.0 t 3.1s mismatch 0
[    125s] cnn/DDoS/p75/s2024/hybrid: valid ASR 0.3588 raw 0.3588 evals 245.9 t 2.8s mismatch 0
[    127s] cnn/DDoS/p75/s2024/pgd: valid ASR 0.3588 raw 0.3588 evals 253.0 t 2.7s mismatch 0
[    130s] cnn/DDoS/p75/s2024/cw: valid ASR 0.0950 raw 0.0950 evals 253.0 t 2.7s mismatch 0
[    133s] cnn/DDoS/p75/s2026/hybrid: valid ASR 0.3588 raw 0.3588 evals 245.9 t 2.6s mismatch 0
[    135s] cnn/DDoS/p75/s2026/pgd: valid ASR 0.3588 raw 0.3588 evals 253.0 t 2.7s mismatch 0
[    138s] cnn/DDoS/p75/s2026/cw: valid ASR 0.0950 raw 0.0950 evals 253.0 t 3.0s mismatch 0
[    141s] cnn/Recon/p75/s42/hybrid: valid ASR 0.0013 raw 0.0013 evals 3.5 t 2.2s mismatch 0
[    143s] cnn/Recon/p75/s42/pgd: valid ASR 0.0013 raw 0.0013 evals 3.5 t 2.2s mismatch 0
[    145s] cnn/Recon/p75/s42/cw: valid ASR 0.0013 raw 0.0013 evals 3.5 t 2.2s mismatch 0
[    147s] cnn/Recon/p75/s2024/hybrid: valid ASR 0.0013 raw 0.0013 evals 3.5 t 2.2s mismatch 0
[    149s] cnn/Recon/p75/s2024/pgd: valid ASR 0.0013 raw 0.0013 evals 3.5 t 2.1s mismatch 0
[    152s] cnn/Recon/p75/s2024/cw: valid ASR 0.0013 raw 0.0013 evals 3.5 t 2.2s mismatch 0
[    154s] cnn/Recon/p75/s2026/hybrid: valid ASR 0.0013 raw 0.0013 evals 3.5 t 2.2s mismatch 0
[    156s] cnn/Recon/p75/s2026/pgd: valid ASR 0.0013 raw 0.0013 evals 3.5 t 2.2s mismatch 0
[    158s] cnn/Recon/p75/s2026/cw: valid ASR 0.0013 raw 0.0013 evals 3.5 t 2.2s mismatch 0
[    160s] cnn/BruteForce/p75/s42/hybrid: valid ASR 0.5925 raw 0.5925 evals 252.9 t 2.2s mismatch 0
[    163s] cnn/BruteForce/p75/s42/pgd: valid ASR 0.5913 raw 0.5913 evals 253.0 t 2.3s mismatch 0
[    165s] cnn/BruteForce/p75/s42/cw: valid ASR 0.3762 raw 0.3762 evals 253.0 t 2.6s mismatch 0
[    167s] cnn/BruteForce/p75/s2024/hybrid: valid ASR 0.5925 raw 0.5925 evals 252.9 t 1.9s mismatch 0
[    170s] cnn/BruteForce/p75/s2024/pgd: valid ASR 0.5925 raw 0.5925 evals 253.0 t 2.6s mismatch 0
[    173s] cnn/BruteForce/p75/s2024/cw: valid ASR 0.3762 raw 0.3762 evals 253.0 t 2.8s mismatch 0
[    175s] cnn/BruteForce/p75/s2026/hybrid: valid ASR 0.5925 raw 0.5925 evals 252.9 t 2.2s mismatch 0
[    177s] cnn/BruteForce/p75/s2026/pgd: valid ASR 0.5900 raw 0.5900 evals 253.0 t 2.4s mismatch 0
[    180s] cnn/BruteForce/p75/s2026/cw: valid ASR 0.3762 raw 0.3762 evals 253.0 t 3.0s mismatch 0
C:\Users\user6\.local\share\mamba\envs\thesis\Lib\site-packages\torch\autograd\graph.py:825: UserWarning: Memory Efficient attention defaults to a non-deterministic algorithm. To explicitly enable determinism call torch.use_deterministic_algorithms(True, warn_only=False). (Triggered internally at C:\actions-runner\_work\pytorch\pytorch\builder\windows\pytorch\aten\src\ATen\native\transformers\cuda\attention_backward.cu:657.)
  return Variable._execution_engine.run_backward(  # Calls into the C++ engine to run the backward pass
[    192s] ft_transformer/DoS/p75/s42/hybrid: valid ASR 0.0037 raw 0.0037 evals 251.4 t 11.9s mismatch 0
[    206s] ft_transformer/DoS/p75/s42/pgd: valid ASR 0.0037 raw 0.0037 evals 252.7 t 13.6s mismatch 0
[    220s] ft_transformer/DoS/p75/s42/cw: valid ASR 0.0037 raw 0.0037 evals 252.7 t 13.9s mismatch 0
[    232s] ft_transformer/DoS/p75/s2024/hybrid: valid ASR 0.0037 raw 0.0037 evals 251.4 t 12.2s mismatch 0
[    246s] ft_transformer/DoS/p75/s2024/pgd: valid ASR 0.0037 raw 0.0037 evals 252.7 t 14.0s mismatch 0
[    260s] ft_transformer/DoS/p75/s2024/cw: valid ASR 0.0037 raw 0.0037 evals 252.7 t 13.8s mismatch 0
[    272s] ft_transformer/DoS/p75/s2026/hybrid: valid ASR 0.0037 raw 0.0037 evals 251.4 t 11.8s mismatch 0
[    286s] ft_transformer/DoS/p75/s2026/pgd: valid ASR 0.0037 raw 0.0037 evals 252.7 t 13.7s mismatch 0
[    300s] ft_transformer/DoS/p75/s2026/cw: valid ASR 0.0037 raw 0.0037 evals 252.7 t 13.8s mismatch 0
[    313s] ft_transformer/DDoS/p75/s42/hybrid: valid ASR 0.0000 raw 0.0000 evals 245.9 t 13.2s mismatch 0
[    327s] ft_transformer/DDoS/p75/s42/pgd: valid ASR 0.0000 raw 0.0000 evals 253.0 t 13.6s mismatch 0
[    341s] ft_transformer/DDoS/p75/s42/cw: valid ASR 0.0000 raw 0.0000 evals 253.0 t 14.0s mismatch 0
[    354s] ft_transformer/DDoS/p75/s2024/hybrid: valid ASR 0.0000 raw 0.0000 evals 245.9 t 13.5s mismatch 0
[    368s] ft_transformer/DDoS/p75/s2024/pgd: valid ASR 0.0000 raw 0.0000 evals 253.0 t 13.9s mismatch 0
[    382s] ft_transformer/DDoS/p75/s2024/cw: valid ASR 0.0000 raw 0.0000 evals 253.0 t 13.8s mismatch 0
[    395s] ft_transformer/DDoS/p75/s2026/hybrid: valid ASR 0.0000 raw 0.0000 evals 245.9 t 13.2s mismatch 0
[    409s] ft_transformer/DDoS/p75/s2026/pgd: valid ASR 0.0000 raw 0.0000 evals 253.0 t 13.7s mismatch 0
[    423s] ft_transformer/DDoS/p75/s2026/cw: valid ASR 0.0000 raw 0.0000 evals 253.0 t 13.8s mismatch 0
[    426s] ft_transformer/Recon/p75/s42/hybrid: valid ASR 0.0000 raw 0.0000 evals 3.9 t 2.6s mismatch 0
[    428s] ft_transformer/Recon/p75/s42/pgd: valid ASR 0.0000 raw 0.0000 evals 3.8 t 2.5s mismatch 0
[    431s] ft_transformer/Recon/p75/s42/cw: valid ASR 0.0000 raw 0.0000 evals 3.8 t 2.6s mismatch 0
[    434s] ft_transformer/Recon/p75/s2024/hybrid: valid ASR 0.0000 raw 0.0000 evals 3.9 t 2.6s mismatch 0
[    436s] ft_transformer/Recon/p75/s2024/pgd: valid ASR 0.0000 raw 0.0000 evals 3.8 t 2.5s mismatch 0
[    439s] ft_transformer/Recon/p75/s2024/cw: valid ASR 0.0000 raw 0.0000 evals 3.8 t 2.6s mismatch 0
[    442s] ft_transformer/Recon/p75/s2026/hybrid: valid ASR 0.0000 raw 0.0000 evals 3.9 t 2.6s mismatch 0
[    445s] ft_transformer/Recon/p75/s2026/pgd: valid ASR 0.0000 raw 0.0000 evals 3.8 t 2.6s mismatch 0
[    447s] ft_transformer/Recon/p75/s2026/cw: valid ASR 0.0000 raw 0.0000 evals 3.8 t 2.6s mismatch 0
[    458s] ft_transformer/BruteForce/p75/s42/hybrid: valid ASR 0.0138 raw 0.0138 evals 251.7 t 11.2s mismatch 0
[    473s] ft_transformer/BruteForce/p75/s42/pgd: valid ASR 0.0138 raw 0.0138 evals 253.0 t 14.0s mismatch 0
[    487s] ft_transformer/BruteForce/p75/s42/cw: valid ASR 0.0138 raw 0.0138 evals 253.0 t 14.2s mismatch 0
[    498s] ft_transformer/BruteForce/p75/s2024/hybrid: valid ASR 0.0138 raw 0.0138 evals 251.7 t 11.3s mismatch 0
[    512s] ft_transformer/BruteForce/p75/s2024/pgd: valid ASR 0.0138 raw 0.0138 evals 253.0 t 13.7s mismatch 0
[    526s] ft_transformer/BruteForce/p75/s2024/cw: valid ASR 0.0138 raw 0.0138 evals 253.0 t 14.2s mismatch 0
[    538s] ft_transformer/BruteForce/p75/s2026/hybrid: valid ASR 0.0138 raw 0.0138 evals 251.7 t 11.3s mismatch 0
[    551s] ft_transformer/BruteForce/p75/s2026/pgd: valid ASR 0.0138 raw 0.0138 evals 253.0 t 13.7s mismatch 0
[    565s] ft_transformer/BruteForce/p75/s2026/cw: valid ASR 0.0138 raw 0.0138 evals 253.0 t 13.8s mismatch 0
[done] 108 cells in 565s -> E:\Shameem\thesis\FINAL_OUTPUTS\runs\cicids2017_distrinet\primattack_targeted_optimizers
