
# 2026-09-26 19:08:31 C:\Users\user6\.local\share\mamba\envs\thesis\python.exe scripts/run_primattack_optimizer_ablation.py --dataset cicids2017 --device cuda --selection-from E:\Shameem\thesis\FINAL_OUTPUTS\runs\cicids2017_distrinet\baselines_untargeted\selection.json --split test --seeds 42,2024,2026 --objective untargeted --victims mlp,cnn,ft_transformer --classes DoS,DDoS,Recon,BruteForce --budgets maximum-evaluated,unbounded --methods pgd --modes joint --eval-budget 256 --hybrid-steps 40 --hybrid-lr 0.1 --pgd-restarts 3 --pgd-step 0.05 --pgd-momentum 0.75 --cw-stages 3 --cw-lr 0.5 --cw-c 1.0 --cw-kappa 0.0 --output-dir E:\Shameem\thesis\FINAL_OUTPUTS\runs\cicids2017_distrinet\primattack_untargeted --resume
[      6s] mlp/DoS/p75/s42/pgd/joint: valid ASR 0.0512 raw 0.0512 evals 248.6 t 5.7s mismatch 0
[     12s] mlp/DoS/p75/s2024/pgd/joint: valid ASR 0.0512 raw 0.0512 evals 248.6 t 5.7s mismatch 0
[     18s] mlp/DoS/p75/s2026/pgd/joint: valid ASR 0.0512 raw 0.0512 evals 248.6 t 5.9s mismatch 0
[     24s] mlp/DoS/unb/s42/pgd/joint: valid ASR 0.6250 raw 0.6250 evals 248.6 t 5.9s mismatch 0
[     29s] mlp/DoS/unb/s2024/pgd/joint: valid ASR 0.6250 raw 0.6250 evals 248.6 t 5.9s mismatch 0
[     36s] mlp/DoS/unb/s2026/pgd/joint: valid ASR 0.6250 raw 0.6250 evals 248.6 t 6.0s mismatch 0
[     41s] mlp/DDoS/p75/s42/pgd/joint: valid ASR 0.1075 raw 0.1075 evals 242.9 t 5.8s mismatch 0
[     47s] mlp/DDoS/p75/s2024/pgd/joint: valid ASR 0.1075 raw 0.1075 evals 242.9 t 5.7s mismatch 0
[     53s] mlp/DDoS/p75/s2026/pgd/joint: valid ASR 0.1075 raw 0.1075 evals 242.9 t 5.9s mismatch 0
[     59s] mlp/DDoS/unb/s42/pgd/joint: valid ASR 0.2650 raw 0.2650 evals 242.9 t 5.8s mismatch 0
[     65s] mlp/DDoS/unb/s2024/pgd/joint: valid ASR 0.2650 raw 0.2650 evals 242.9 t 5.8s mismatch 0
[     71s] mlp/DDoS/unb/s2026/pgd/joint: valid ASR 0.2650 raw 0.2650 evals 242.9 t 5.9s mismatch 0
[     76s] mlp/Recon/p75/s42/pgd/joint: valid ASR 0.0000 raw 0.0000 evals 3.8 t 5.2s mismatch 0
[     81s] mlp/Recon/p75/s2024/pgd/joint: valid ASR 0.0000 raw 0.0000 evals 3.8 t 5.1s mismatch 0
[     87s] mlp/Recon/p75/s2026/pgd/joint: valid ASR 0.0000 raw 0.0000 evals 3.8 t 5.3s mismatch 0
[     92s] mlp/Recon/unb/s42/pgd/joint: valid ASR 0.0112 raw 0.0112 evals 3.8 t 5.0s mismatch 0
[     97s] mlp/Recon/unb/s2024/pgd/joint: valid ASR 0.0112 raw 0.0112 evals 3.8 t 5.0s mismatch 0
[    102s] mlp/Recon/unb/s2026/pgd/joint: valid ASR 0.0112 raw 0.0112 evals 3.8 t 5.0s mismatch 0
[    108s] mlp/BruteForce/p75/s42/pgd/joint: valid ASR 0.0050 raw 0.0050 evals 253.0 t 5.8s mismatch 0
[    114s] mlp/BruteForce/p75/s2024/pgd/joint: valid ASR 0.0050 raw 0.0050 evals 253.0 t 5.8s mismatch 0
[    120s] mlp/BruteForce/p75/s2026/pgd/joint: valid ASR 0.0050 raw 0.0050 evals 253.0 t 5.8s mismatch 0
[    126s] mlp/BruteForce/unb/s42/pgd/joint: valid ASR 0.0175 raw 0.0175 evals 253.0 t 6.0s mismatch 0
[    132s] mlp/BruteForce/unb/s2024/pgd/joint: valid ASR 0.0175 raw 0.0175 evals 253.0 t 6.0s mismatch 0
[    138s] mlp/BruteForce/unb/s2026/pgd/joint: valid ASR 0.0175 raw 0.0175 evals 253.0 t 6.0s mismatch 0
C:\Users\user6\.local\share\mamba\envs\thesis\Lib\site-packages\torch\autograd\graph.py:825: UserWarning: adaptive_max_pool2d_backward_cuda does not have a deterministic implementation, but you set 'torch.use_deterministic_algorithms(True, warn_only=True)'. You can file an issue at https://github.com/pytorch/pytorch/issues to help us prioritize adding deterministic support for this operation. (Triggered internally at C:\actions-runner\_work\pytorch\pytorch\builder\windows\pytorch\aten\src\ATen\Context.cpp:95.)
  return Variable._execution_engine.run_backward(  # Calls into the C++ engine to run the backward pass
[    144s] cnn/DoS/p75/s42/pgd/joint: valid ASR 0.2050 raw 0.2050 evals 248.9 t 6.0s mismatch 0
[    150s] cnn/DoS/p75/s2024/pgd/joint: valid ASR 0.2050 raw 0.2050 evals 248.9 t 6.2s mismatch 0
[    156s] cnn/DoS/p75/s2026/pgd/joint: valid ASR 0.2050 raw 0.2050 evals 248.9 t 6.0s mismatch 0
[    162s] cnn/DoS/unb/s42/pgd/joint: valid ASR 0.9163 raw 0.9163 evals 248.9 t 5.9s mismatch 0
[    168s] cnn/DoS/unb/s2024/pgd/joint: valid ASR 0.9163 raw 0.9163 evals 248.9 t 6.0s mismatch 0
[    174s] cnn/DoS/unb/s2026/pgd/joint: valid ASR 0.9163 raw 0.9163 evals 248.9 t 5.9s mismatch 0
[    180s] cnn/DDoS/p75/s42/pgd/joint: valid ASR 0.3212 raw 0.3212 evals 242.9 t 5.9s mismatch 0
[    186s] cnn/DDoS/p75/s2024/pgd/joint: valid ASR 0.3212 raw 0.3212 evals 242.9 t 6.0s mismatch 0
[    192s] cnn/DDoS/p75/s2026/pgd/joint: valid ASR 0.3212 raw 0.3212 evals 242.9 t 6.0s mismatch 0
[    198s] cnn/DDoS/unb/s42/pgd/joint: valid ASR 0.4713 raw 0.4713 evals 242.9 t 6.0s mismatch 0
[    204s] cnn/DDoS/unb/s2024/pgd/joint: valid ASR 0.4713 raw 0.4713 evals 242.9 t 5.9s mismatch 0
[    210s] cnn/DDoS/unb/s2026/pgd/joint: valid ASR 0.4713 raw 0.4713 evals 242.9 t 5.9s mismatch 0
[    215s] cnn/Recon/p75/s42/pgd/joint: valid ASR 0.0037 raw 0.0037 evals 3.5 t 5.1s mismatch 0
[    221s] cnn/Recon/p75/s2024/pgd/joint: valid ASR 0.0037 raw 0.0037 evals 3.5 t 5.1s mismatch 0
[    226s] cnn/Recon/p75/s2026/pgd/joint: valid ASR 0.0037 raw 0.0037 evals 3.5 t 4.9s mismatch 0
[    231s] cnn/Recon/unb/s42/pgd/joint: valid ASR 0.0100 raw 0.0100 evals 3.5 t 5.0s mismatch 0
[    236s] cnn/Recon/unb/s2024/pgd/joint: valid ASR 0.0100 raw 0.0100 evals 3.5 t 5.0s mismatch 0
[    241s] cnn/Recon/unb/s2026/pgd/joint: valid ASR 0.0100 raw 0.0100 evals 3.5 t 5.0s mismatch 0
[    247s] cnn/BruteForce/p75/s42/pgd/joint: valid ASR 0.0088 raw 0.0088 evals 253.0 t 6.1s mismatch 0
[    253s] cnn/BruteForce/p75/s2024/pgd/joint: valid ASR 0.0088 raw 0.0088 evals 253.0 t 6.0s mismatch 0
[    259s] cnn/BruteForce/p75/s2026/pgd/joint: valid ASR 0.0088 raw 0.0088 evals 253.0 t 6.1s mismatch 0
[    265s] cnn/BruteForce/unb/s42/pgd/joint: valid ASR 1.0000 raw 1.0000 evals 253.0 t 5.8s mismatch 0
[    271s] cnn/BruteForce/unb/s2024/pgd/joint: valid ASR 1.0000 raw 1.0000 evals 253.0 t 5.9s mismatch 0
[    277s] cnn/BruteForce/unb/s2026/pgd/joint: valid ASR 1.0000 raw 1.0000 evals 253.0 t 5.8s mismatch 0
C:\Users\user6\.local\share\mamba\envs\thesis\Lib\site-packages\torch\autograd\graph.py:825: UserWarning: Memory Efficient attention defaults to a non-deterministic algorithm. To explicitly enable determinism call torch.use_deterministic_algorithms(True, warn_only=False). (Triggered internally at C:\actions-runner\_work\pytorch\pytorch\builder\windows\pytorch\aten\src\ATen\native\transformers\cuda\attention_backward.cu:657.)
  return Variable._execution_engine.run_backward(  # Calls into the C++ engine to run the backward pass
[    293s] ft_transformer/DoS/p75/s42/pgd/joint: valid ASR 0.0013 raw 0.0013 evals 248.9 t 15.5s mismatch 0
[    308s] ft_transformer/DoS/p75/s2024/pgd/joint: valid ASR 0.0013 raw 0.0013 evals 248.9 t 15.3s mismatch 0
[    324s] ft_transformer/DoS/p75/s2026/pgd/joint: valid ASR 0.0013 raw 0.0013 evals 248.9 t 15.3s mismatch 0
[    339s] ft_transformer/DoS/unb/s42/pgd/joint: valid ASR 0.0013 raw 0.0013 evals 248.9 t 15.4s mismatch 0
[    355s] ft_transformer/DoS/unb/s2024/pgd/joint: valid ASR 0.0013 raw 0.0013 evals 248.9 t 15.5s mismatch 0
[    368s] ft_transformer/DoS/unb/s2026/pgd/joint: valid ASR 0.0013 raw 0.0013 evals 248.9 t 13.5s mismatch 0
[    381s] ft_transformer/DDoS/p75/s42/pgd/joint: valid ASR 0.0000 raw 0.0000 evals 242.9 t 13.1s mismatch 0
[    395s] ft_transformer/DDoS/p75/s2024/pgd/joint: valid ASR 0.0000 raw 0.0000 evals 242.9 t 13.2s mismatch 0
[    408s] ft_transformer/DDoS/p75/s2026/pgd/joint: valid ASR 0.0000 raw 0.0000 evals 242.9 t 12.8s mismatch 0
[    420s] ft_transformer/DDoS/unb/s42/pgd/joint: valid ASR 0.0000 raw 0.0000 evals 242.9 t 12.7s mismatch 0
[    434s] ft_transformer/DDoS/unb/s2024/pgd/joint: valid ASR 0.0000 raw 0.0000 evals 242.9 t 13.1s mismatch 0
[    447s] ft_transformer/DDoS/unb/s2026/pgd/joint: valid ASR 0.0000 raw 0.0000 evals 242.9 t 13.2s mismatch 0
[    449s] ft_transformer/Recon/p75/s42/pgd/joint: valid ASR 0.0000 raw 0.0000 evals 3.8 t 2.6s mismatch 0
[    452s] ft_transformer/Recon/p75/s2024/pgd/joint: valid ASR 0.0000 raw 0.0000 evals 3.8 t 2.5s mismatch 0
[    455s] ft_transformer/Recon/p75/s2026/pgd/joint: valid ASR 0.0000 raw 0.0000 evals 3.8 t 2.5s mismatch 0
[    457s] ft_transformer/Recon/unb/s42/pgd/joint: valid ASR 0.0075 raw 0.0075 evals 3.8 t 2.4s mismatch 0
[    460s] ft_transformer/Recon/unb/s2024/pgd/joint: valid ASR 0.0075 raw 0.0075 evals 3.8 t 2.4s mismatch 0
[    462s] ft_transformer/Recon/unb/s2026/pgd/joint: valid ASR 0.0075 raw 0.0075 evals 3.8 t 2.4s mismatch 0
[    475s] ft_transformer/BruteForce/p75/s42/pgd/joint: valid ASR 0.0037 raw 0.0037 evals 253.0 t 13.3s mismatch 0
[    489s] ft_transformer/BruteForce/p75/s2024/pgd/joint: valid ASR 0.0037 raw 0.0037 evals 253.0 t 13.4s mismatch 0
[    502s] ft_transformer/BruteForce/p75/s2026/pgd/joint: valid ASR 0.0037 raw 0.0037 evals 253.0 t 13.5s mismatch 0
[    516s] ft_transformer/BruteForce/unb/s42/pgd/joint: valid ASR 0.0150 raw 0.0150 evals 253.0 t 13.5s mismatch 0
[    530s] ft_transformer/BruteForce/unb/s2024/pgd/joint: valid ASR 0.0150 raw 0.0150 evals 253.0 t 13.6s mismatch 0
[    543s] ft_transformer/BruteForce/unb/s2026/pgd/joint: valid ASR 0.0150 raw 0.0150 evals 253.0 t 13.6s mismatch 0
[done] 72 cells in 543s -> E:\Shameem\thesis\FINAL_OUTPUTS\runs\cicids2017_distrinet\primattack_untargeted
