
# 2026-09-26 13:16:39 C:\Users\user6\.local\share\mamba\envs\thesis\python.exe scripts/run_primattack_optimizer_ablation.py --dataset cicids2017 --device cuda --selection-from E:\Shameem\thesis\FINAL_OUTPUTS\runs\cicids2017_distrinet\baselines_untargeted\selection.json --split test --seeds 42,2024,2026 --objective targeted --victims mlp,cnn,ft_transformer --classes DoS,DDoS,Recon,BruteForce --budgets maximum-evaluated --methods hybrid,pgd,cw --eval-budget 256 --hybrid-steps 40 --hybrid-lr 0.1 --pgd-restarts 3 --pgd-step 0.05 --pgd-momentum 0.75 --cw-stages 3 --cw-lr 0.5 --cw-c 1.0 --cw-kappa 0.0 --output-dir E:\Shameem\thesis\FINAL_OUTPUTS\runs\cicids2017_distrinet\primattack_targeted_optimizers --resume
[      2s] mlp/DoS/p75/s42/hybrid: valid ASR 0.2888 raw 0.2888 evals 251.2 t 2.4s mismatch 0
[      5s] mlp/DoS/p75/s42/pgd: valid ASR 0.2888 raw 0.2888 evals 252.7 t 2.3s mismatch 0
[      7s] mlp/DoS/p75/s42/cw: valid ASR 0.2888 raw 0.2888 evals 252.7 t 2.6s mismatch 0
[     10s] mlp/DoS/p75/s2024/hybrid: valid ASR 0.2888 raw 0.2888 evals 251.2 t 2.2s mismatch 0
[     12s] mlp/DoS/p75/s2024/pgd: valid ASR 0.2888 raw 0.2888 evals 252.7 t 2.6s mismatch 0
[     15s] mlp/DoS/p75/s2024/cw: valid ASR 0.2888 raw 0.2888 evals 252.7 t 2.7s mismatch 0
[     17s] mlp/DoS/p75/s2026/hybrid: valid ASR 0.2888 raw 0.2888 evals 251.2 t 2.2s mismatch 0
[     20s] mlp/DoS/p75/s2026/pgd: valid ASR 0.2888 raw 0.2888 evals 252.7 t 2.6s mismatch 0
[     23s] mlp/DoS/p75/s2026/cw: valid ASR 0.2888 raw 0.2888 evals 252.7 t 2.7s mismatch 0
[     25s] mlp/DDoS/p75/s42/hybrid: valid ASR 0.1325 raw 0.1325 evals 245.9 t 2.5s mismatch 0
[     28s] mlp/DDoS/p75/s42/pgd: valid ASR 0.1325 raw 0.1325 evals 253.0 t 2.5s mismatch 0
[     31s] mlp/DDoS/p75/s42/cw: valid ASR 0.1325 raw 0.1325 evals 253.0 t 2.7s mismatch 0
[     33s] mlp/DDoS/p75/s2024/hybrid: valid ASR 0.1325 raw 0.1325 evals 245.9 t 2.5s mismatch 0
[     36s] mlp/DDoS/p75/s2024/pgd: valid ASR 0.1325 raw 0.1325 evals 253.0 t 2.5s mismatch 0
[     38s] mlp/DDoS/p75/s2024/cw: valid ASR 0.1325 raw 0.1325 evals 253.0 t 2.7s mismatch 0
[     41s] mlp/DDoS/p75/s2026/hybrid: valid ASR 0.1325 raw 0.1325 evals 245.9 t 2.5s mismatch 0
[     43s] mlp/DDoS/p75/s2026/pgd: valid ASR 0.1325 raw 0.1325 evals 253.0 t 2.5s mismatch 0
[     46s] mlp/DDoS/p75/s2026/cw: valid ASR 0.1325 raw 0.1325 evals 253.0 t 2.7s mismatch 0
[     48s] mlp/Recon/p75/s42/hybrid: valid ASR 0.0000 raw 0.0000 evals 3.9 t 2.2s mismatch 0
[     50s] mlp/Recon/p75/s42/pgd: valid ASR 0.0000 raw 0.0000 evals 3.8 t 2.2s mismatch 0
[     53s] mlp/Recon/p75/s42/cw: valid ASR 0.0000 raw 0.0000 evals 3.8 t 2.2s mismatch 0
[     55s] mlp/Recon/p75/s2024/hybrid: valid ASR 0.0000 raw 0.0000 evals 3.9 t 2.2s mismatch 0
[     57s] mlp/Recon/p75/s2024/pgd: valid ASR 0.0000 raw 0.0000 evals 3.8 t 2.2s mismatch 0
[     59s] mlp/Recon/p75/s2024/cw: valid ASR 0.0000 raw 0.0000 evals 3.8 t 2.2s mismatch 0
[     62s] mlp/Recon/p75/s2026/hybrid: valid ASR 0.0000 raw 0.0000 evals 3.9 t 2.3s mismatch 0
[     64s] mlp/Recon/p75/s2026/pgd: valid ASR 0.0000 raw 0.0000 evals 3.8 t 2.2s mismatch 0
[     66s] mlp/Recon/p75/s2026/cw: valid ASR 0.0000 raw 0.0000 evals 3.8 t 2.2s mismatch 0
[     68s] mlp/BruteForce/p75/s42/hybrid: valid ASR 0.0213 raw 0.0213 evals 252.3 t 2.0s mismatch 0
[     71s] mlp/BruteForce/p75/s42/pgd: valid ASR 0.0213 raw 0.0213 evals 253.0 t 2.4s mismatch 0
[     73s] mlp/BruteForce/p75/s42/cw: valid ASR 0.0187 raw 0.0187 evals 253.0 t 2.6s mismatch 0
[     75s] mlp/BruteForce/p75/s2024/hybrid: valid ASR 0.0213 raw 0.0213 evals 252.3 t 2.0s mismatch 0
[     78s] mlp/BruteForce/p75/s2024/pgd: valid ASR 0.0213 raw 0.0213 evals 253.0 t 2.4s mismatch 0
[     81s] mlp/BruteForce/p75/s2024/cw: valid ASR 0.0187 raw 0.0187 evals 253.0 t 2.6s mismatch 0
[     83s] mlp/BruteForce/p75/s2026/hybrid: valid ASR 0.0213 raw 0.0213 evals 252.3 t 2.0s mismatch 0
[     85s] mlp/BruteForce/p75/s2026/pgd: valid ASR 0.0213 raw 0.0213 evals 253.0 t 2.4s mismatch 0
[     88s] mlp/BruteForce/p75/s2026/cw: valid ASR 0.0187 raw 0.0187 evals 253.0 t 2.6s mismatch 0
C:\Users\user6\.local\share\mamba\envs\thesis\Lib\site-packages\torch\autograd\graph.py:825: UserWarning: adaptive_max_pool2d_backward_cuda does not have a deterministic implementation, but you set 'torch.use_deterministic_algorithms(True, warn_only=True)'. You can file an issue at https://github.com/pytorch/pytorch/issues to help us prioritize adding deterministic support for this operation. (Triggered internally at C:\actions-runner\_work\pytorch\pytorch\builder\windows\pytorch\aten\src\ATen\Context.cpp:95.)
  return Variable._execution_engine.run_backward(  # Calls into the C++ engine to run the backward pass
[     90s] cnn/DoS/p75/s42/hybrid: valid ASR 0.4938 raw 0.4938 evals 251.1 t 2.3s mismatch 0
[     92s] cnn/DoS/p75/s42/pgd: valid ASR 0.4900 raw 0.4900 evals 252.7 t 2.4s mismatch 0
[     95s] cnn/DoS/p75/s42/cw: valid ASR 0.1000 raw 0.1000 evals 252.7 t 2.5s mismatch 0
[     97s] cnn/DoS/p75/s2024/hybrid: valid ASR 0.4925 raw 0.4925 evals 251.1 t 2.1s mismatch 0
[    100s] cnn/DoS/p75/s2024/pgd: valid ASR 0.4975 raw 0.4975 evals 252.7 t 2.5s mismatch 0
[    102s] cnn/DoS/p75/s2024/cw: valid ASR 0.1000 raw 0.1000 evals 252.7 t 2.5s mismatch 0
[    104s] cnn/DoS/p75/s2026/hybrid: valid ASR 0.4938 raw 0.4938 evals 251.1 t 2.1s mismatch 0
[    107s] cnn/DoS/p75/s2026/pgd: valid ASR 0.4913 raw 0.4913 evals 252.7 t 2.3s mismatch 0
[    109s] cnn/DoS/p75/s2026/cw: valid ASR 0.1000 raw 0.1000 evals 252.7 t 2.6s mismatch 0
[    112s] cnn/DDoS/p75/s42/hybrid: valid ASR 0.3588 raw 0.3588 evals 245.9 t 2.3s mismatch 0
[    114s] cnn/DDoS/p75/s42/pgd: valid ASR 0.3588 raw 0.3588 evals 253.0 t 2.4s mismatch 0
[    116s] cnn/DDoS/p75/s42/cw: valid ASR 0.0950 raw 0.0950 evals 253.0 t 2.4s mismatch 0
[    119s] cnn/DDoS/p75/s2024/hybrid: valid ASR 0.3588 raw 0.3588 evals 245.9 t 2.3s mismatch 0
[    121s] cnn/DDoS/p75/s2024/pgd: valid ASR 0.3588 raw 0.3588 evals 253.0 t 2.2s mismatch 0
[    123s] cnn/DDoS/p75/s2024/cw: valid ASR 0.0950 raw 0.0950 evals 253.0 t 2.5s mismatch 0
[    126s] cnn/DDoS/p75/s2026/hybrid: valid ASR 0.3588 raw 0.3588 evals 245.9 t 2.3s mismatch 0
[    128s] cnn/DDoS/p75/s2026/pgd: valid ASR 0.3588 raw 0.3588 evals 253.0 t 2.3s mismatch 0
[    131s] cnn/DDoS/p75/s2026/cw: valid ASR 0.0950 raw 0.0950 evals 253.0 t 2.4s mismatch 0
[    133s] cnn/Recon/p75/s42/hybrid: valid ASR 0.0013 raw 0.0013 evals 3.5 t 2.1s mismatch 0
[    135s] cnn/Recon/p75/s42/pgd: valid ASR 0.0013 raw 0.0013 evals 3.5 t 2.2s mismatch 0
[    137s] cnn/Recon/p75/s42/cw: valid ASR 0.0013 raw 0.0013 evals 3.5 t 2.2s mismatch 0
[    139s] cnn/Recon/p75/s2024/hybrid: valid ASR 0.0013 raw 0.0013 evals 3.5 t 2.2s mismatch 0
[    142s] cnn/Recon/p75/s2024/pgd: valid ASR 0.0013 raw 0.0013 evals 3.5 t 2.1s mismatch 0
[    144s] cnn/Recon/p75/s2024/cw: valid ASR 0.0013 raw 0.0013 evals 3.5 t 2.2s mismatch 0
[    146s] cnn/Recon/p75/s2026/hybrid: valid ASR 0.0013 raw 0.0013 evals 3.5 t 2.2s mismatch 0
[    148s] cnn/Recon/p75/s2026/pgd: valid ASR 0.0013 raw 0.0013 evals 3.5 t 2.1s mismatch 0
[    150s] cnn/Recon/p75/s2026/cw: valid ASR 0.0013 raw 0.0013 evals 3.5 t 2.2s mismatch 0
[    152s] cnn/BruteForce/p75/s42/hybrid: valid ASR 0.5925 raw 0.5925 evals 252.9 t 2.1s mismatch 0
[    155s] cnn/BruteForce/p75/s42/pgd: valid ASR 0.5913 raw 0.5913 evals 253.0 t 2.3s mismatch 0
[    157s] cnn/BruteForce/p75/s42/cw: valid ASR 0.3762 raw 0.3762 evals 253.0 t 2.4s mismatch 0
[    159s] cnn/BruteForce/p75/s2024/hybrid: valid ASR 0.5925 raw 0.5925 evals 252.9 t 1.9s mismatch 0
[    162s] cnn/BruteForce/p75/s2024/pgd: valid ASR 0.5925 raw 0.5925 evals 253.0 t 2.4s mismatch 0
[    164s] cnn/BruteForce/p75/s2024/cw: valid ASR 0.3762 raw 0.3762 evals 253.0 t 2.4s mismatch 0
[    166s] cnn/BruteForce/p75/s2026/hybrid: valid ASR 0.5925 raw 0.5925 evals 252.9 t 1.9s mismatch 0
[    168s] cnn/BruteForce/p75/s2026/pgd: valid ASR 0.5900 raw 0.5900 evals 253.0 t 2.4s mismatch 0
[    171s] cnn/BruteForce/p75/s2026/cw: valid ASR 0.3762 raw 0.3762 evals 253.0 t 2.4s mismatch 0
C:\Users\user6\.local\share\mamba\envs\thesis\Lib\site-packages\torch\autograd\graph.py:825: UserWarning: Memory Efficient attention defaults to a non-deterministic algorithm. To explicitly enable determinism call torch.use_deterministic_algorithms(True, warn_only=False). (Triggered internally at C:\actions-runner\_work\pytorch\pytorch\builder\windows\pytorch\aten\src\ATen\native\transformers\cuda\attention_backward.cu:657.)
  return Variable._execution_engine.run_backward(  # Calls into the C++ engine to run the backward pass
[    183s] ft_transformer/DoS/p75/s42/hybrid: valid ASR 0.0037 raw 0.0037 evals 251.4 t 12.3s mismatch 0
[    197s] ft_transformer/DoS/p75/s42/pgd: valid ASR 0.0037 raw 0.0037 evals 252.7 t 13.9s mismatch 0
[    211s] ft_transformer/DoS/p75/s42/cw: valid ASR 0.0037 raw 0.0037 evals 252.7 t 13.8s mismatch 0
[    223s] ft_transformer/DoS/p75/s2024/hybrid: valid ASR 0.0037 raw 0.0037 evals 251.4 t 11.8s mismatch 0
[    237s] ft_transformer/DoS/p75/s2024/pgd: valid ASR 0.0037 raw 0.0037 evals 252.7 t 13.7s mismatch 0
[    251s] ft_transformer/DoS/p75/s2024/cw: valid ASR 0.0037 raw 0.0037 evals 252.7 t 13.8s mismatch 0
[    262s] ft_transformer/DoS/p75/s2026/hybrid: valid ASR 0.0037 raw 0.0037 evals 251.4 t 11.8s mismatch 0
[    276s] ft_transformer/DoS/p75/s2026/pgd: valid ASR 0.0037 raw 0.0037 evals 252.7 t 13.6s mismatch 0
[    290s] ft_transformer/DoS/p75/s2026/cw: valid ASR 0.0037 raw 0.0037 evals 252.7 t 13.7s mismatch 0
[    303s] ft_transformer/DDoS/p75/s42/hybrid: valid ASR 0.0000 raw 0.0000 evals 245.9 t 13.5s mismatch 0
[    318s] ft_transformer/DDoS/p75/s42/pgd: valid ASR 0.0000 raw 0.0000 evals 253.0 t 14.1s mismatch 0
[    331s] ft_transformer/DDoS/p75/s42/cw: valid ASR 0.0000 raw 0.0000 evals 253.0 t 13.8s mismatch 0
[    345s] ft_transformer/DDoS/p75/s2024/hybrid: valid ASR 0.0000 raw 0.0000 evals 245.9 t 13.2s mismatch 0
[    358s] ft_transformer/DDoS/p75/s2024/pgd: valid ASR 0.0000 raw 0.0000 evals 253.0 t 13.6s mismatch 0
[    372s] ft_transformer/DDoS/p75/s2024/cw: valid ASR 0.0000 raw 0.0000 evals 253.0 t 13.8s mismatch 0
[    385s] ft_transformer/DDoS/p75/s2026/hybrid: valid ASR 0.0000 raw 0.0000 evals 245.9 t 13.2s mismatch 0
[    399s] ft_transformer/DDoS/p75/s2026/pgd: valid ASR 0.0000 raw 0.0000 evals 253.0 t 13.6s mismatch 0
[    413s] ft_transformer/DDoS/p75/s2026/cw: valid ASR 0.0000 raw 0.0000 evals 253.0 t 13.8s mismatch 0
[    416s] ft_transformer/Recon/p75/s42/hybrid: valid ASR 0.0000 raw 0.0000 evals 3.9 t 2.7s mismatch 0
[    418s] ft_transformer/Recon/p75/s42/pgd: valid ASR 0.0000 raw 0.0000 evals 3.8 t 2.7s mismatch 0
[    421s] ft_transformer/Recon/p75/s42/cw: valid ASR 0.0000 raw 0.0000 evals 3.8 t 2.7s mismatch 0
[    424s] ft_transformer/Recon/p75/s2024/hybrid: valid ASR 0.0000 raw 0.0000 evals 3.9 t 2.6s mismatch 0
[    427s] ft_transformer/Recon/p75/s2024/pgd: valid ASR 0.0000 raw 0.0000 evals 3.8 t 2.7s mismatch 0
[    429s] ft_transformer/Recon/p75/s2024/cw: valid ASR 0.0000 raw 0.0000 evals 3.8 t 2.6s mismatch 0
[    432s] ft_transformer/Recon/p75/s2026/hybrid: valid ASR 0.0000 raw 0.0000 evals 3.9 t 2.6s mismatch 0
[    435s] ft_transformer/Recon/p75/s2026/pgd: valid ASR 0.0000 raw 0.0000 evals 3.8 t 2.5s mismatch 0
[    437s] ft_transformer/Recon/p75/s2026/cw: valid ASR 0.0000 raw 0.0000 evals 3.8 t 2.6s mismatch 0
[    448s] ft_transformer/BruteForce/p75/s42/hybrid: valid ASR 0.0138 raw 0.0138 evals 251.7 t 11.0s mismatch 0
[    462s] ft_transformer/BruteForce/p75/s42/pgd: valid ASR 0.0138 raw 0.0138 evals 253.0 t 13.6s mismatch 0
[    476s] ft_transformer/BruteForce/p75/s42/cw: valid ASR 0.0138 raw 0.0138 evals 253.0 t 13.7s mismatch 0
[    487s] ft_transformer/BruteForce/p75/s2024/hybrid: valid ASR 0.0138 raw 0.0138 evals 251.7 t 11.0s mismatch 0
[    501s] ft_transformer/BruteForce/p75/s2024/pgd: valid ASR 0.0138 raw 0.0138 evals 253.0 t 13.6s mismatch 0
[    514s] ft_transformer/BruteForce/p75/s2024/cw: valid ASR 0.0138 raw 0.0138 evals 253.0 t 13.7s mismatch 0
[    525s] ft_transformer/BruteForce/p75/s2026/hybrid: valid ASR 0.0138 raw 0.0138 evals 251.7 t 11.0s mismatch 0
[    539s] ft_transformer/BruteForce/p75/s2026/pgd: valid ASR 0.0138 raw 0.0138 evals 253.0 t 13.8s mismatch 0
[    554s] ft_transformer/BruteForce/p75/s2026/cw: valid ASR 0.0138 raw 0.0138 evals 253.0 t 14.1s mismatch 0
[done] 108 cells in 554s -> E:\Shameem\thesis\FINAL_OUTPUTS\runs\cicids2017_distrinet\primattack_targeted_optimizers
