
# 2026-09-26 14:14:01 C:\Users\user6\.local\share\mamba\envs\thesis\python.exe scripts/run_primattack_optimizer_ablation.py --dataset cicids2017 --device cuda --selection-from E:\Shameem\thesis\FINAL_OUTPUTS\runs\cicids2017_distrinet\baselines_untargeted\selection.json --split test --seeds 42,2024,2026 --objective untargeted --victims mlp,cnn,ft_transformer --classes DoS,DDoS,Recon,BruteForce --budgets maximum-evaluated,unbounded --methods hybrid --eval-budget 256 --hybrid-steps 40 --hybrid-lr 0.1 --pgd-restarts 3 --pgd-step 0.05 --pgd-momentum 0.75 --cw-stages 3 --cw-lr 0.5 --cw-c 1.0 --cw-kappa 0.0 --output-dir E:\Shameem\thesis\FINAL_OUTPUTS\runs\cicids2017_distrinet\primattack_untargeted --resume
[      3s] mlp/DoS/p75/s42/hybrid: valid ASR 0.2888 raw 0.2888 evals 251.2 t 2.6s mismatch 0
[      5s] mlp/DoS/p75/s2024/hybrid: valid ASR 0.2888 raw 0.2888 evals 251.2 t 2.4s mismatch 0
[      8s] mlp/DoS/p75/s2026/hybrid: valid ASR 0.2888 raw 0.2888 evals 251.2 t 2.5s mismatch 0
[     10s] mlp/DoS/unb/s42/hybrid: valid ASR 0.8912 raw 0.8912 evals 251.6 t 2.3s mismatch 0
[     12s] mlp/DoS/unb/s2024/hybrid: valid ASR 0.8912 raw 0.8912 evals 251.6 t 2.3s mismatch 0
[     15s] mlp/DoS/unb/s2026/hybrid: valid ASR 0.8912 raw 0.8912 evals 251.6 t 2.5s mismatch 0
[     18s] mlp/DDoS/p75/s42/hybrid: valid ASR 0.1325 raw 0.1325 evals 245.9 t 3.0s mismatch 0
[     21s] mlp/DDoS/p75/s2024/hybrid: valid ASR 0.1325 raw 0.1325 evals 245.9 t 2.9s mismatch 0
[     24s] mlp/DDoS/p75/s2026/hybrid: valid ASR 0.1325 raw 0.1325 evals 245.9 t 2.9s mismatch 0
[     26s] mlp/DDoS/unb/s42/hybrid: valid ASR 0.9888 raw 0.9888 evals 95.1 t 2.1s mismatch 0
[     28s] mlp/DDoS/unb/s2024/hybrid: valid ASR 0.9888 raw 0.9888 evals 95.1 t 2.1s mismatch 0
[     30s] mlp/DDoS/unb/s2026/hybrid: valid ASR 0.9888 raw 0.9888 evals 95.1 t 2.3s mismatch 0
[     33s] mlp/Recon/p75/s42/hybrid: valid ASR 0.0000 raw 0.0000 evals 3.9 t 2.5s mismatch 0
[     35s] mlp/Recon/p75/s2024/hybrid: valid ASR 0.0000 raw 0.0000 evals 3.9 t 2.4s mismatch 0
[     38s] mlp/Recon/p75/s2026/hybrid: valid ASR 0.0000 raw 0.0000 evals 3.9 t 2.4s mismatch 0
[     40s] mlp/Recon/unb/s42/hybrid: valid ASR 0.0112 raw 0.0112 evals 3.0 t 2.5s mismatch 0
[     43s] mlp/Recon/unb/s2024/hybrid: valid ASR 0.0112 raw 0.0112 evals 3.0 t 2.5s mismatch 0
[     46s] mlp/Recon/unb/s2026/hybrid: valid ASR 0.0112 raw 0.0112 evals 3.0 t 2.7s mismatch 0
[     48s] mlp/BruteForce/p75/s42/hybrid: valid ASR 0.0213 raw 0.0213 evals 252.3 t 2.5s mismatch 0
[     50s] mlp/BruteForce/p75/s2024/hybrid: valid ASR 0.0213 raw 0.0213 evals 252.3 t 2.3s mismatch 0
[     53s] mlp/BruteForce/p75/s2026/hybrid: valid ASR 0.0213 raw 0.0213 evals 252.3 t 2.4s mismatch 0
[     55s] mlp/BruteForce/unb/s42/hybrid: valid ASR 0.0250 raw 0.0250 evals 252.3 t 2.2s mismatch 0
[     57s] mlp/BruteForce/unb/s2024/hybrid: valid ASR 0.0250 raw 0.0250 evals 252.3 t 2.2s mismatch 0
[     60s] mlp/BruteForce/unb/s2026/hybrid: valid ASR 0.0250 raw 0.0250 evals 252.3 t 2.2s mismatch 0
C:\Users\user6\.local\share\mamba\envs\thesis\Lib\site-packages\torch\autograd\graph.py:825: UserWarning: adaptive_max_pool2d_backward_cuda does not have a deterministic implementation, but you set 'torch.use_deterministic_algorithms(True, warn_only=True)'. You can file an issue at https://github.com/pytorch/pytorch/issues to help us prioritize adding deterministic support for this operation. (Triggered internally at C:\actions-runner\_work\pytorch\pytorch\builder\windows\pytorch\aten\src\ATen\Context.cpp:95.)
  return Variable._execution_engine.run_backward(  # Calls into the C++ engine to run the backward pass
[     62s] cnn/DoS/p75/s42/hybrid: valid ASR 0.4938 raw 0.4938 evals 251.1 t 2.2s mismatch 0
[     64s] cnn/DoS/p75/s2024/hybrid: valid ASR 0.4913 raw 0.4913 evals 251.1 t 2.1s mismatch 0
[     66s] cnn/DoS/p75/s2026/hybrid: valid ASR 0.4938 raw 0.4938 evals 251.1 t 2.1s mismatch 0
[     68s] cnn/DoS/unb/s42/hybrid: valid ASR 0.9263 raw 0.9263 evals 251.4 t 2.1s mismatch 0
[     70s] cnn/DoS/unb/s2024/hybrid: valid ASR 0.9263 raw 0.9263 evals 251.4 t 1.9s mismatch 0
[     72s] cnn/DoS/unb/s2026/hybrid: valid ASR 0.9263 raw 0.9263 evals 251.4 t 2.0s mismatch 0
[     75s] cnn/DDoS/p75/s42/hybrid: valid ASR 0.3775 raw 0.3775 evals 245.9 t 2.3s mismatch 0
[     77s] cnn/DDoS/p75/s2024/hybrid: valid ASR 0.3775 raw 0.3775 evals 245.9 t 2.2s mismatch 0
[     79s] cnn/DDoS/p75/s2026/hybrid: valid ASR 0.3775 raw 0.3775 evals 245.9 t 2.3s mismatch 0
[     80s] cnn/DDoS/unb/s42/hybrid: valid ASR 1.0000 raw 1.0000 evals 37.1 t 0.2s mismatch 0
[     80s] cnn/DDoS/unb/s2024/hybrid: valid ASR 1.0000 raw 1.0000 evals 37.1 t 0.2s mismatch 0
[     80s] cnn/DDoS/unb/s2026/hybrid: valid ASR 1.0000 raw 1.0000 evals 37.1 t 0.2s mismatch 0
[     82s] cnn/Recon/p75/s42/hybrid: valid ASR 0.0037 raw 0.0037 evals 2.9 t 2.0s mismatch 0
[     84s] cnn/Recon/p75/s2024/hybrid: valid ASR 0.0037 raw 0.0037 evals 2.9 t 2.1s mismatch 0
[     87s] cnn/Recon/p75/s2026/hybrid: valid ASR 0.0037 raw 0.0037 evals 2.9 t 2.2s mismatch 0
[     89s] cnn/Recon/unb/s42/hybrid: valid ASR 0.0100 raw 0.0100 evals 2.9 t 2.2s mismatch 0
[     91s] cnn/Recon/unb/s2024/hybrid: valid ASR 0.0100 raw 0.0100 evals 2.9 t 2.2s mismatch 0
[     93s] cnn/Recon/unb/s2026/hybrid: valid ASR 0.0100 raw 0.0100 evals 2.9 t 2.2s mismatch 0
[     95s] cnn/BruteForce/p75/s42/hybrid: valid ASR 0.5925 raw 0.5925 evals 252.9 t 1.9s mismatch 0
[     97s] cnn/BruteForce/p75/s2024/hybrid: valid ASR 0.5925 raw 0.5925 evals 252.9 t 1.9s mismatch 0
[     99s] cnn/BruteForce/p75/s2026/hybrid: valid ASR 0.5925 raw 0.5925 evals 252.9 t 2.0s mismatch 0
[    101s] cnn/BruteForce/unb/s42/hybrid: valid ASR 1.0000 raw 1.0000 evals 252.9 t 1.9s mismatch 0
[    103s] cnn/BruteForce/unb/s2024/hybrid: valid ASR 1.0000 raw 1.0000 evals 252.9 t 1.9s mismatch 0
[    105s] cnn/BruteForce/unb/s2026/hybrid: valid ASR 1.0000 raw 1.0000 evals 252.9 t 1.9s mismatch 0
C:\Users\user6\.local\share\mamba\envs\thesis\Lib\site-packages\torch\autograd\graph.py:825: UserWarning: Memory Efficient attention defaults to a non-deterministic algorithm. To explicitly enable determinism call torch.use_deterministic_algorithms(True, warn_only=False). (Triggered internally at C:\actions-runner\_work\pytorch\pytorch\builder\windows\pytorch\aten\src\ATen\native\transformers\cuda\attention_backward.cu:657.)
  return Variable._execution_engine.run_backward(  # Calls into the C++ engine to run the backward pass
[    117s] ft_transformer/DoS/p75/s42/hybrid: valid ASR 0.0037 raw 0.0037 evals 251.4 t 12.2s mismatch 0
[    129s] ft_transformer/DoS/p75/s2024/hybrid: valid ASR 0.0037 raw 0.0037 evals 251.4 t 11.9s mismatch 0
[    141s] ft_transformer/DoS/p75/s2026/hybrid: valid ASR 0.0037 raw 0.0037 evals 251.4 t 11.9s mismatch 0
[    152s] ft_transformer/DoS/unb/s42/hybrid: valid ASR 0.0050 raw 0.0050 evals 251.7 t 11.1s mismatch 0
[    164s] ft_transformer/DoS/unb/s2024/hybrid: valid ASR 0.0050 raw 0.0050 evals 251.7 t 11.1s mismatch 0
[    175s] ft_transformer/DoS/unb/s2026/hybrid: valid ASR 0.0050 raw 0.0050 evals 251.7 t 11.2s mismatch 0
[    188s] ft_transformer/DDoS/p75/s42/hybrid: valid ASR 0.0000 raw 0.0000 evals 245.9 t 13.2s mismatch 0
[    201s] ft_transformer/DDoS/p75/s2024/hybrid: valid ASR 0.0000 raw 0.0000 evals 245.9 t 13.2s mismatch 0
[    215s] ft_transformer/DDoS/p75/s2026/hybrid: valid ASR 0.0000 raw 0.0000 evals 245.9 t 13.5s mismatch 0
[    226s] ft_transformer/DDoS/unb/s42/hybrid: valid ASR 0.0000 raw 0.0000 evals 248.0 t 11.1s mismatch 0
[    237s] ft_transformer/DDoS/unb/s2024/hybrid: valid ASR 0.0000 raw 0.0000 evals 248.0 t 11.1s mismatch 0
[    248s] ft_transformer/DDoS/unb/s2026/hybrid: valid ASR 0.0000 raw 0.0000 evals 248.0 t 10.9s mismatch 0
[    251s] ft_transformer/Recon/p75/s42/hybrid: valid ASR 0.0000 raw 0.0000 evals 3.9 t 2.6s mismatch 0
[    254s] ft_transformer/Recon/p75/s2024/hybrid: valid ASR 0.0000 raw 0.0000 evals 3.9 t 2.6s mismatch 0
[    256s] ft_transformer/Recon/p75/s2026/hybrid: valid ASR 0.0000 raw 0.0000 evals 3.9 t 2.6s mismatch 0
[    259s] ft_transformer/Recon/unb/s42/hybrid: valid ASR 0.0112 raw 0.0112 evals 3.0 t 2.6s mismatch 0
[    262s] ft_transformer/Recon/unb/s2024/hybrid: valid ASR 0.0112 raw 0.0112 evals 3.0 t 2.6s mismatch 0
[    264s] ft_transformer/Recon/unb/s2026/hybrid: valid ASR 0.0112 raw 0.0112 evals 3.0 t 2.6s mismatch 0
[    276s] ft_transformer/BruteForce/p75/s42/hybrid: valid ASR 0.0163 raw 0.0163 evals 251.1 t 11.1s mismatch 0
[    287s] ft_transformer/BruteForce/p75/s2024/hybrid: valid ASR 0.0163 raw 0.0163 evals 251.1 t 11.0s mismatch 0
[    298s] ft_transformer/BruteForce/p75/s2026/hybrid: valid ASR 0.0163 raw 0.0163 evals 251.1 t 11.1s mismatch 0
[    309s] ft_transformer/BruteForce/unb/s42/hybrid: valid ASR 0.0225 raw 0.0225 evals 251.1 t 11.0s mismatch 0
[    320s] ft_transformer/BruteForce/unb/s2024/hybrid: valid ASR 0.0225 raw 0.0225 evals 251.1 t 11.0s mismatch 0
[    331s] ft_transformer/BruteForce/unb/s2026/hybrid: valid ASR 0.0225 raw 0.0225 evals 251.1 t 11.1s mismatch 0
[done] 72 cells in 331s -> E:\Shameem\thesis\FINAL_OUTPUTS\runs\cicids2017_distrinet\primattack_untargeted
